Archive member included to satisfy reference by file (symbol)

d:/environment_install/gnu arm toolchain/gnu arm embedded toolchain/10 2021.10/bin/../lib/gcc/arm-none-eabi/10.3.1/thumb/v7e-m+fp/hard\libgcc.a(_arm_addsubdf3.o)
                              ./build/Debug/.obj/Usercode/usermain.o (__aeabi_f2d)
d:/environment_install/gnu arm toolchain/gnu arm embedded toolchain/10 2021.10/bin/../lib/gcc/arm-none-eabi/10.3.1/thumb/v7e-m+fp/hard\libgcc.a(_aeabi_uldivmod.o)
                              ./build/Debug/.obj/Drivers/STM32G4xx_HAL_Driver/Src/stm32g4xx_hal_uart.o (__aeabi_uldivmod)
d:/environment_install/gnu arm toolchain/gnu arm embedded toolchain/10 2021.10/bin/../lib/gcc/arm-none-eabi/10.3.1/thumb/v7e-m+fp/hard\libgcc.a(_udivmoddi4.o)
                              d:/environment_install/gnu arm toolchain/gnu arm embedded toolchain/10 2021.10/bin/../lib/gcc/arm-none-eabi/10.3.1/thumb/v7e-m+fp/hard\libgcc.a(_aeabi_uldivmod.o) (__udivmoddi4)
d:/environment_install/gnu arm toolchain/gnu arm embedded toolchain/10 2021.10/bin/../lib/gcc/arm-none-eabi/10.3.1/thumb/v7e-m+fp/hard\libgcc.a(_dvmd_tls.o)
                              d:/environment_install/gnu arm toolchain/gnu arm embedded toolchain/10 2021.10/bin/../lib/gcc/arm-none-eabi/10.3.1/thumb/v7e-m+fp/hard\libgcc.a(_aeabi_uldivmod.o) (__aeabi_ldiv0)
d:/environment_install/gnu arm toolchain/gnu arm embedded toolchain/10 2021.10/bin/../lib/gcc/arm-none-eabi/10.3.1/../../../../arm-none-eabi/lib/thumb/v7e-m+fp/hard\libc_nano.a(lib_a-errno.o)
                              ./build/Debug/.obj/Core/Src/syscalls.o (__errno)
d:/environment_install/gnu arm toolchain/gnu arm embedded toolchain/10 2021.10/bin/../lib/gcc/arm-none-eabi/10.3.1/../../../../arm-none-eabi/lib/thumb/v7e-m+fp/hard\libc_nano.a(lib_a-exit.o)
                              d:/environment_install/gnu arm toolchain/gnu arm embedded toolchain/10 2021.10/bin/../lib/gcc/arm-none-eabi/10.3.1/../../../../arm-none-eabi/lib/thumb/v7e-m+fp/hard/crt0.o (exit)
d:/environment_install/gnu arm toolchain/gnu arm embedded toolchain/10 2021.10/bin/../lib/gcc/arm-none-eabi/10.3.1/../../../../arm-none-eabi/lib/thumb/v7e-m+fp/hard\libc_nano.a(lib_a-impure.o)
                              d:/environment_install/gnu arm toolchain/gnu arm embedded toolchain/10 2021.10/bin/../lib/gcc/arm-none-eabi/10.3.1/../../../../arm-none-eabi/lib/thumb/v7e-m+fp/hard\libc_nano.a(lib_a-exit.o) (_global_impure_ptr)
d:/environment_install/gnu arm toolchain/gnu arm embedded toolchain/10 2021.10/bin/../lib/gcc/arm-none-eabi/10.3.1/../../../../arm-none-eabi/lib/thumb/v7e-m+fp/hard\libc_nano.a(lib_a-init.o)
                              d:/environment_install/gnu arm toolchain/gnu arm embedded toolchain/10 2021.10/bin/../lib/gcc/arm-none-eabi/10.3.1/../../../../arm-none-eabi/lib/thumb/v7e-m+fp/hard/crt0.o (__libc_init_array)
d:/environment_install/gnu arm toolchain/gnu arm embedded toolchain/10 2021.10/bin/../lib/gcc/arm-none-eabi/10.3.1/../../../../arm-none-eabi/lib/thumb/v7e-m+fp/hard\libc_nano.a(lib_a-memset.o)
                              d:/environment_install/gnu arm toolchain/gnu arm embedded toolchain/10 2021.10/bin/../lib/gcc/arm-none-eabi/10.3.1/../../../../arm-none-eabi/lib/thumb/v7e-m+fp/hard/crt0.o (memset)
d:/environment_install/gnu arm toolchain/gnu arm embedded toolchain/10 2021.10/bin/../lib/gcc/arm-none-eabi/10.3.1/../../../../arm-none-eabi/lib/thumb/v7e-m+fp/hard\libc_nano.a(lib_a-nano-vfprintf_float.o)
                              (_printf_float)
d:/environment_install/gnu arm toolchain/gnu arm embedded toolchain/10 2021.10/bin/../lib/gcc/arm-none-eabi/10.3.1/../../../../arm-none-eabi/lib/thumb/v7e-m+fp/hard\libc_nano.a(lib_a-nano-vfprintf_i.o)
                              d:/environment_install/gnu arm toolchain/gnu arm embedded toolchain/10 2021.10/bin/../lib/gcc/arm-none-eabi/10.3.1/../../../../arm-none-eabi/lib/thumb/v7e-m+fp/hard\libc_nano.a(lib_a-nano-vfprintf_float.o) (_printf_common)
d:/environment_install/gnu arm toolchain/gnu arm embedded toolchain/10 2021.10/bin/../lib/gcc/arm-none-eabi/10.3.1/../../../../arm-none-eabi/lib/thumb/v7e-m+fp/hard\libc_nano.a(lib_a-nano-vfscanf_float.o)
                              (_scanf_float)
d:/environment_install/gnu arm toolchain/gnu arm embedded toolchain/10 2021.10/bin/../lib/gcc/arm-none-eabi/10.3.1/../../../../arm-none-eabi/lib/thumb/v7e-m+fp/hard\libc_nano.a(lib_a-printf.o)
                              ./build/Debug/.obj/Usercode/usermain.o (printf)
d:/environment_install/gnu arm toolchain/gnu arm embedded toolchain/10 2021.10/bin/../lib/gcc/arm-none-eabi/10.3.1/../../../../arm-none-eabi/lib/thumb/v7e-m+fp/hard\libc_nano.a(lib_a-setvbuf.o)
                              ./build/Debug/.obj/Usercode/userdebug.o (setvbuf)
d:/environment_install/gnu arm toolchain/gnu arm embedded toolchain/10 2021.10/bin/../lib/gcc/arm-none-eabi/10.3.1/../../../../arm-none-eabi/lib/thumb/v7e-m+fp/hard\libc_nano.a(lib_a-sf_nan.o)
[...]
Memory Configuration

Name             Origin             Length             Attributes
RAM              0x20000000         0x00008000         xrw
FLASH            0x08000000         0x0001c000         xr
*default*        0x00000000         0xffffffff

Linker script and memory map

LOAD d:/environment_install/gnu arm toolchain/gnu arm embedded toolchain/10 2021.10/bin/../lib/gcc/arm-none-eabi/10.3.1/thumb/v7e-m+fp/hard/crti.o
LOAD d:/environment_install/gnu arm toolchain/gnu arm embedded toolchain/10 2021.10/bin/../lib/gcc/arm-none-eabi/10.3.1/thumb/v7e-m+fp/hard/crtbegin.o
LOAD d:/environment_install/gnu arm toolchain/gnu arm embedded toolchain/10 2021.10/bin/../lib/gcc/arm-none-eabi/10.3.1/../../../../arm-none-eabi/lib/thumb/v7e-m+fp/hard/crt0.o
LOAD ./build/Debug/.obj/Core/Src/adc.o
LOAD ./build/Debug/.obj/Core/Src/comp.o
LOAD ./build/Debug/.obj/Core/Src/dac.o
LOAD ./build/Debug/.obj/Core/Src/gpio.o
LOAD ./build/Debug/.obj/Core/Src/main.o
LOAD ./build/Debug/.obj/Core/Src/opamp.o
LOAD ./build/Debug/.obj/Core/Src/stm32g4xx_hal_msp.o
LOAD ./build/Debug/.obj/Core/Src/stm32g4xx_it.o
LOAD ./build/Debug/.obj/Core/Src/syscalls.o
LOAD ./build/Debug/.obj/Core/Src/sysmem.o
LOAD ./build/Debug/.obj/Core/Src/system_stm32g4xx.o
LOAD ./build/Debug/.obj/Core/Src/tim.o
LOAD ./build/Debug/.obj/Core/Src/usart.o
LOAD ./build/Debug/.obj/Drivers/STM32G4xx_HAL_Driver/Src/stm32g4xx_hal.o
LOAD ./build/Debug/.obj/Drivers/STM32G4xx_HAL_Driver/Src/stm32g4xx_hal_adc.o
LOAD ./build/Debug/.obj/Drivers/STM32G4xx_HAL_Driver/Src/stm32g4xx_hal_adc_ex.o
LOAD ./build/Debug/.obj/Drivers/STM32G4xx_HAL_Driver/Src/stm32g4xx_hal_comp.o
LOAD ./build/Debug/.obj/Drivers/STM32G4xx_HAL_Driver/Src/stm32g4xx_hal_cortex.o
LOAD ./build/Debug/.obj/Drivers/STM32G4xx_HAL_Driver/Src/stm32g4xx_hal_dac.o
LOAD ./build/Debug/.obj/Drivers/STM32G4xx_HAL_Driver/Src/stm32g4xx_hal_dac_ex.o
LOAD ./build/Debug/.obj/Drivers/STM32G4xx_HAL_Driver/Src/stm32g4xx_hal_dma.o
LOAD ./build/Debug/.obj/Drivers/STM32G4xx_HAL_Driver/Src/stm32g4xx_hal_dma_ex.o
LOAD ./build/Debug/.obj/Drivers/STM32G4xx_HAL_Driver/Src/stm32g4xx_hal_exti.o
LOAD ./build/Debug/.obj/Drivers/STM32G4xx_HAL_Driver/Src/stm32g4xx_hal_flash.o
LOAD ./build/Debug/.obj/Drivers/STM32G4xx_HAL_Driver/Src/stm32g4xx_hal_flash_ex.o
LOAD ./build/Debug/.obj/Drivers/STM32G4xx_HAL_Driver/Src/stm32g4xx_hal_flash_ramfunc.o
LOAD ./build/Debug/.obj/Drivers/STM32G4xx_HAL_Driver/Src/stm32g4xx_hal_gpio.o
LOAD ./build/Debug/.obj/Drivers/STM32G4xx_HAL_Driver/Src/stm32g4xx_hal_opamp.o
LOAD ./build/Debug/.obj/Drivers/STM32G4xx_HAL_Driver/Src/stm32g4xx_hal_opamp_ex.o
LOAD ./build/Debug/.obj/Drivers/STM32G4xx_HAL_Driver/Src/stm32g4xx_hal_pwr.o
LOAD ./build/Debug/.obj/Drivers/STM32G4xx_HAL_Driver/Src/stm32g4xx_hal_pwr_ex.o
LOAD ./build/Debug/.obj/Drivers/STM32G4xx_HAL_Driver/Src/stm32g4xx_hal_rcc.o
LOAD ./build/Debug/.obj/Drivers/STM32G4xx_HAL_Driver/Src/stm32g4xx_hal_rcc_ex.o
LOAD ./build/Debug/.obj/Drivers/STM32G4xx_HAL_Driver/Src/stm32g4xx_hal_tim.o
LOAD ./build/Debug/.obj/Drivers/STM32G4xx_HAL_Driver/Src/stm32g4xx_hal_tim_ex.o
LOAD ./build/Debug/.obj/Drivers/STM32G4xx_HAL_Driver/Src/stm32g4xx_hal_uart.o
LOAD ./build/Debug/.obj/Drivers/STM32G4xx_HAL_Driver/Src/stm32g4xx_hal_uart_ex.o
LOAD ./build/Debug/.obj/Drivers/STM32G4xx_HAL_Driver/Src/stm32g4xx_ll_adc.o
LOAD ./build/Debug/.obj/Usercode/userdebug.o
LOAD ./build/Debug/.obj/Usercode/usermain.o
LOAD ./build/Debug/.obj/startup_stm32g431xx.o
LOAD d:/environment_install/gnu arm toolchain/gnu arm embedded toolchain/10 2021.10/bin/../lib/gcc/arm-none-eabi/10.3.1/../../../../arm-none-eabi/lib/thumb/v7e-m+fp/hard\libm.a
START GROUP
LOAD d:/environment_install/gnu arm toolchain/gnu arm embedded toolchain/10 2021.10/bin/../lib/gcc/arm-none-eabi/10.3.1/thumb/v7e-m+fp/hard\libgcc.a
LOAD d:/environment_install/gnu arm toolchain/gnu arm embedded toolchain/10 2021.10/bin/../lib/gcc/arm-none-eabi/10.3.1/../../../../arm-none-eabi/lib/thumb/v7e-m+fp/hard\libc_nano.a
END GROUP
START GROUP
LOAD d:/environment_install/gnu arm toolchain/gnu arm embedded toolchain/10 2021.10/bin/../lib/gcc/arm-none-eabi/10.3.1/thumb/v7e-m+fp/hard\libgcc.a
LOAD d:/environment_install/gnu arm toolchain/gnu arm embedded toolchain/10 2021.10/bin/../lib/gcc/arm-none-eabi/10.3.1/../../../../arm-none-eabi/lib/thumb/v7e-m+fp/hard\libc_nano.a
LOAD d:/environment_install/gnu arm toolchain/gnu arm embedded toolchain/10 2021.10/bin/../lib/gcc/arm-none-eabi/10.3.1/../../../../arm-none-eabi/lib/thumb/v7e-m+fp/hard\libnosys.a
END GROUP
START GROUP
LOAD d:/environment_install/gnu arm toolchain/gnu arm embedded toolchain/10 2021.10/bin/../lib/gcc/arm-none-eabi/10.3.1/thumb/v7e-m+fp/hard\libgcc.a
LOAD d:/environment_install/gnu arm toolchain/gnu arm embedded toolchain/10 2021.10/bin/../lib/gcc/arm-none-eabi/10.3.1/../../../../arm-none-eabi/lib/thumb/v7e-m+fp/hard\libc_nano.a
LOAD d:/environment_install/gnu arm toolchain/gnu arm embedded toolchain/10 2021.10/bin/../lib/gcc/arm-none-eabi/10.3.1/../../../../arm-none-eabi/lib/thumb/v7e-m+fp/hard\libnosys.a
END GROUP
LOAD d:/environment_install/gnu arm toolchain/gnu arm embedded toolchain/10 2021.10/bin/../lib/gcc/arm-none-eabi/10.3.1/thumb/v7e-m+fp/hard/crtend.o
LOAD d:/environment_install/gnu arm toolchain/gnu arm embedded toolchain/10 2021.10/bin/../lib/gcc/arm-none-eabi/10.3.1/thumb/v7e-m+fp/hard/crtn.o
                0x20008000                _estack = (ORIGIN (RAM) + LENGTH (RAM))
                0x00000200                _Min_Heap_Size = 0x200
                0x00000400                _Min_Stack_Size = 0x400

.isr_vector     0x08000000      0x1d8
                0x08000000                . = ALIGN (0x4)
 *(.isr_vector)
 .isr_vector    0x08000000      0x1d8 ./build/Debug/.obj/startup_stm32g431xx.o
                0x08000000                g_pfnVectors
                0x080001d8                . = ALIGN (0x4)

.text           0x080001e0     0xb028
                0x080001e0                . = ALIGN (0x4)
 *(.text)
 .text          0x080001e0       0x40 d:/environment_install/gnu arm toolchain/gnu arm embedded toolchain/10 2021.10/bin/../lib/gcc/arm-none-eabi/10.3.1/thumb/v7e-m+fp/hard/crtbegin.o
 .text          0x08000220      0x378 d:/environment_install/gnu arm toolchain/gnu arm embedded toolchain/10 2021.10/bin/../lib/gcc/arm-none-eabi/10.3.1/thumb/v7e-m+fp/hard\libgcc.a(_arm_addsubdf3.o)
                0x08000220                __aeabi_drsub
                0x08000228                __aeabi_dsub
                0x08000228                __subdf3
                0x0800022c                __aeabi_dadd
                0x0800022c                __adddf3
                0x080004a4                __floatunsidf
                0x080004a4                __aeabi_ui2d
                0x080004c4                __floatsidf
                0x080004c4                __aeabi_i2d
                0x080004e8                __aeabi_f2d
                0x080004e8                __extendsfdf2
                0x0800052c                __floatundidf
                0x0800052c                __aeabi_ul2d
                0x0800053c                __floatdidf
                0x0800053c                __aeabi_l2d
 .text          0x08000598       0x30 d:/environment_install/gnu arm toolchain/gnu arm embedded toolchain/10 2021.10/bin/../lib/gcc/arm-none-eabi/10.3.1/thumb/v7e-m+fp/hard\libgcc.a(_aeabi_uldivmod.o)
                0x08000598                __aeabi_uldivmod
 .text          0x080005c8      0x2d0 d:/environment_install/gnu arm toolchain/gnu arm embedded toolchain/10 2021.10/bin/../lib/gcc/arm-none-eabi/10.3.1/thumb/v7e-m+fp/hard\libgcc.a(_udivmoddi4.o)
                0x080005c8                __udivmoddi4
 .text          0x08000898        0x4 d:/environment_install/gnu arm toolchain/gnu arm embedded toolchain/10 2021.10/bin/../lib/gcc/arm-none-eabi/10.3.1/thumb/v7e-m+fp/hard\libgcc.a(_dvmd_tls.o)
                0x08000898                __aeabi_idiv0
                0x08000898                __aeabi_ldiv0
 .text          0x0800089c       0x10 d:/environment_install/gnu arm toolchain/gnu arm embedded toolchain/10 2021.10/bin/../lib/gcc/arm-none-eabi/10.3.1/../../../../arm-none-eabi/lib/thumb/v7e-m+fp/hard\libc_nano.a(lib_a-strlen.o)
                0x0800089c                strlen
 *fill*         0x080008ac        0x4 
 .text          0x080008b0       0xa0 d:/environment_install/gnu arm toolchain/gnu arm embedded toolchain/10 2021.10/bin/../lib/gcc/arm-none-eabi/10.3.1/../../../../arm-none-eabi/lib/thumb/v7e-m+fp/hard\libc_nano.a(lib_a-memchr.o)
                0x080008b0                memchr
 .text          0x08000950      0x424 d:/environment_install/gnu arm toolchain/gnu arm embedded toolchain/10 2021.10/bin/../lib/gcc/arm-none-eabi/10.3.1/thumb/v7e-m+fp/hard\libgcc.a(_arm_muldivdf3.o)
                0x08000950                __aeabi_dmul
                0x08000950                __muldf3
                0x08000ba4                __divdf3
                0x08000ba4                __aeabi_ddiv
 .text          0x08000d74      0x110 d:/environment_install/gnu arm toolchain/gnu arm embedded toolchain/10 2021.10/bin/../lib/gcc/arm-none-eabi/10.3.1/thumb/v7e-m+fp/hard\libgcc.a(_arm_cmpdf2.o)
                0x08000d74                __gtdf2
                0x08000d74                __gedf2
                0x08000d7c                __ltdf2
                0x08000d7c                __ledf2
                0x08000d84                __nedf2
                0x08000d84                __eqdf2
                0x08000d84                __cmpdf2
                0x08000e00                __aeabi_cdrcmple
                0x08000e10                __aeabi_cdcmpeq
                0x08000e10                __aeabi_cdcmple
                0x08000e20                __aeabi_dcmpeq
                0x08000e34                __aeabi_dcmplt
                0x08000e48                __aeabi_dcmple
                0x08000e5c                __aeabi_dcmpge
                0x08000e70                __aeabi_dcmpgt
 .text          0x08000e84       0x2c d:/environment_install/gnu arm toolchain/gnu arm embedded toolchain/10 2021.10/bin/../lib/gcc/arm-none-eabi/10.3.1/thumb/v7e-m+fp/hard\libgcc.a(_arm_unorddf2.o)
                0x08000e84                __unorddf2
                0x08000e84                __aeabi_dcmpun
 .text          0x08000eb0       0x50 d:/environment_install/gnu arm toolchain/gnu arm embedded toolchain/10 2021.10/bin/../lib/gcc/arm-none-eabi/10.3.1/thumb/v7e-m+fp/hard\libgcc.a(_arm_fixdfsi.o)
                0x08000eb0                __aeabi_d2iz
                0x08000eb0                __fixdfsi
 .text          0x08000f00       0x40 d:/environment_install/gnu arm toolchain/gnu arm embedded toolchain/10 2021.10/bin/../lib/gcc/arm-none-eabi/10.3.1/thumb/v7e-m+fp/hard\libgcc.a(_arm_fixunsdfsi.o)
                0x08000f00                __aeabi_d2uiz
                0x08000f00                __fixunsdfsi
 .text          0x08000f40       0xa0 d:/environment_install/gnu arm toolchain/gnu arm embedded toolchain/10 2021.10/bin/../lib/gcc/arm-none-eabi/10.3.1/thumb/v7e-m+fp/hard\libgcc.a(_arm_truncdfsf2.o)
                0x08000f40                __truncdfsf2
                0x08000f40                __aeabi_d2f
 .text          0x08000fe0       0x30 d:/environment_install/gnu arm toolchain/gnu arm embedded toolchain/10 2021.10/bin/../lib/gcc/arm-none-eabi/10.3.1/thumb/v7e-m+fp/hard\libgcc.a(_fixdfdi.o)
                0x08000fe0                __fixdfdi
                0x08000fe0                __aeabi_d2lz
 .text          0x08001010       0x3c d:/environment_install/gnu arm toolchain/gnu arm embedded toolchain/10 2021.10/bin/../lib/gcc/arm-none-eabi/10.3.1/thumb/v7e-m+fp/hard\libgcc.a(_fixunsdfdi.o)
                0x08001010                __fixunsdfdi
                0x08001010                __aeabi_d2ulz
 *(.text*)
 .text.MX_ADC1_Init
                0x0800104c      0x114 ./build/Debug/.obj/Core/Src/adc.o
                0x0800104c                MX_ADC1_Init
 .text.MX_ADC2_Init
                0x08001160       0xd4 ./build/Debug/.obj/Core/Src/adc.o
                0x08001160                MX_ADC2_Init
 .text.HAL_ADC_MspInit
                0x08001234      0x154 ./build/Debug/.obj/Core/Src/adc.o
                0x08001234                HAL_ADC_MspInit
 .text.MX_COMP1_Init
                0x08001388       0x34 ./build/Debug/.obj/Core/Src/comp.o
                0x08001388                MX_COMP1_Init
 .text.MX_COMP3_Init
                0x080013bc       0x30 ./build/Debug/.obj/Core/Src/comp.o
                0x080013bc                MX_COMP3_Init
 .text.HAL_COMP_MspInit
                0x080013ec       0xa4 ./build/Debug/.obj/Core/Src/comp.o
                0x080013ec                HAL_COMP_MspInit
 .text.MX_DAC1_Init
                0x08001490       0x58 ./build/Debug/.obj/Core/Src/dac.o
                0x08001490                MX_DAC1_Init
 .text.MX_DAC3_Init
                0x080014e8       0x58 ./build/Debug/.obj/Core/Src/dac.o
                0x080014e8                MX_DAC3_Init
 .text.HAL_DAC_MspInit
                0x08001540       0x4c ./build/Debug/.obj/Core/Src/dac.o
                0x08001540                HAL_DAC_MspInit
 .text.MX_GPIO_Init
                0x0800158c       0xcc ./build/Debug/.obj/Core/Src/gpio.o
                0x0800158c                MX_GPIO_Init
 .text.Error_Handler
                0x08001658        0x4 ./build/Debug/.obj/Core/Src/main.o
                0x08001658                Error_Handler
 .text.SystemClock_Config
                0x0800165c       0x6e ./build/Debug/.obj/Core/Src/main.o
                0x0800165c                SystemClock_Config
 .text.main     0x080016ca       0x40 ./build/Debug/.obj/Core/Src/main.o
                0x080016ca                main
 *fill*         0x0800170a        0x2 
 .text.MX_OPAMP1_Init
                0x0800170c       0x30 ./build/Debug/.obj/Core/Src/opamp.o
                0x0800170c                MX_OPAMP1_Init
 .text.MX_OPAMP2_Init
                0x0800173c       0x30 ./build/Debug/.obj/Core/Src/opamp.o
                0x0800173c                MX_OPAMP2_Init
 .text.MX_OPAMP3_Init
                0x0800176c       0x30 ./build/Debug/.obj/Core/Src/opamp.o
                0x0800176c                MX_OPAMP3_Init
 .text.HAL_OPAMP_MspInit
                0x0800179c       0xd8 ./build/Debug/.obj/Core/Src/opamp.o
                0x0800179c                HAL_OPAMP_MspInit
 .text.HAL_MspInit
                0x08001874       0x38 ./build/Debug/.obj/Core/Src/stm32g4xx_hal_msp.o
                0x08001874                HAL_MspInit
 .text.NMI_Handler
                0x080018ac        0x2 ./build/Debug/.obj/Core/Src/stm32g4xx_it.o
                0x080018ac                NMI_Handler
 .text.HardFault_Handler
                0x080018ae        0x2 ./build/Debug/.obj/Core/Src/stm32g4xx_it.o
                0x080018ae                HardFault_Handler
 .text.MemManage_Handler
                0x080018b0        0x2 ./build/Debug/.obj/Core/Src/stm32g4xx_it.o
                0x080018b0                MemManage_Handler
 .text.BusFault_Handler
                0x080018b2        0x2 ./build/Debug/.obj/Core/Src/stm32g4xx_it.o
                0x080018b2                BusFault_Handler
 .text.UsageFault_Handler
                0x080018b4        0x2 ./build/Debug/.obj/Core/Src/stm32g4xx_it.o
                0x080018b4                UsageFault_Handler
 .text.SVC_Handler
                0x080018b6        0x2 ./build/Debug/.obj/Core/Src/stm32g4xx_it.o
                0x080018b6                SVC_Handler
 .text.DebugMon_Handler
                0x080018b8        0x2 ./build/Debug/.obj/Core/Src/stm32g4xx_it.o
                0x080018b8                DebugMon_Handler
 .text.PendSV_Handler
                0x080018ba        0x2 ./build/Debug/.obj/Core/Src/stm32g4xx_it.o
                0x080018ba                PendSV_Handler
 .text.SysTick_Handler
                0x080018bc        0x8 ./build/Debug/.obj/Core/Src/stm32g4xx_it.o
                0x080018bc                SysTick_Handler
 .text.ADC1_2_IRQHandler
                0x080018c4       0x18 ./build/Debug/.obj/Core/Src/stm32g4xx_it.o
                0x080018c4                ADC1_2_IRQHandler
 .text.TIM1_BRK_TIM15_IRQHandler
                0x080018dc       0x10 ./build/Debug/.obj/Core/Src/stm32g4xx_it.o
                0x080018dc                TIM1_BRK_TIM15_IRQHandler
 .text.TIM1_UP_TIM16_IRQHandler
                0x080018ec       0x10 ./build/Debug/.obj/Core/Src/stm32g4xx_it.o
                0x080018ec                TIM1_UP_TIM16_IRQHandler
 .text.EXTI15_10_IRQHandler
                0x080018fc       0x1c ./build/Debug/.obj/Core/Src/stm32g4xx_it.o
                0x080018fc                EXTI15_10_IRQHandler
 .text.COMP1_2_3_IRQHandler
                0x08001918       0x18 ./build/Debug/.obj/Core/Src/stm32g4xx_it.o
                0x08001918                COMP1_2_3_IRQHandler
 .text._getpid  0x08001930        0x4 ./build/Debug/.obj/Core/Src/syscalls.o
                0x08001930                _getpid
 .text._kill    0x08001934       0x10 ./build/Debug/.obj/Core/Src/syscalls.o
                0x08001934                _kill
 .text._exit    0x08001944        0xc ./build/Debug/.obj/Core/Src/syscalls.o
                0x08001944                _exit
 .text._sbrk    0x08001950       0x48 ./build/Debug/.obj/Core/Src/sysmem.o
                0x08001950                _sbrk
 .text.SystemInit
                0x08001998       0x14 ./build/Debug/.obj/Core/Src/system_stm32g4xx.o
                0x08001998                SystemInit
 .text.HAL_TIM_Base_MspInit
                0x080019ac       0x50 ./build/Debug/.obj/Core/Src/tim.o
                0x080019ac                HAL_TIM_Base_MspInit
 .text.HAL_TIM_MspPostInit
                0x080019fc       0x98 ./build/Debug/.obj/Core/Src/tim.o
                0x080019fc                HAL_TIM_MspPostInit
 .text.MX_TIM1_Init
                0x08001a94      0x178 ./build/Debug/.obj/Core/Src/tim.o
                0x08001a94                MX_TIM1_Init
 .text.MX_USART3_UART_Init
                0x08001c0c       0x68 ./build/Debug/.obj/Core/Src/usart.o
                0x08001c0c                MX_USART3_UART_Init
 .text.HAL_UART_MspInit
                0x08001c74       0x88 ./build/Debug/.obj/Core/Src/usart.o
                0x08001c74                HAL_UART_MspInit
 .text.HAL_InitTick
                0x08001cfc       0x50 ./build/Debug/.obj/Drivers/STM32G4xx_HAL_Driver/Src/stm32g4xx_hal.o
                0x08001cfc                HAL_InitTick
 .text.HAL_Init
                0x08001d4c       0x1e ./build/Debug/.obj/Drivers/STM32G4xx_HAL_Driver/Src/stm32g4xx_hal.o
                0x08001d4c                HAL_Init
 *fill*         0x08001d6a        0x2 
 .text.HAL_IncTick
                0x08001d6c       0x18 ./build/Debug/.obj/Drivers/STM32G4xx_HAL_Driver/Src/stm32g4xx_hal.o
                0x08001d6c                HAL_IncTick
 .text.HAL_GetTick
                0x08001d84        0xc ./build/Debug/.obj/Drivers/STM32G4xx_HAL_Driver/Src/stm32g4xx_hal.o
                0x08001d84                HAL_GetTick
 .text.HAL_Delay
                0x08001d90       0x28 ./build/Debug/.obj/Drivers/STM32G4xx_HAL_Driver/Src/stm32g4xx_hal.o
                0x08001d90                HAL_Delay
 .text.HAL_ADC_Init
                0x08001db8      0x234 ./build/Debug/.obj/Drivers/STM32G4xx_HAL_Driver/Src/stm32g4xx_hal_adc.o
                0x08001db8                HAL_ADC_Init
 .text.HAL_ADC_GetValue
                0x08001fec        0x6 ./build/Debug/.obj/Drivers/STM32G4xx_HAL_Driver/Src/stm32g4xx_hal_adc.o
                0x08001fec                HAL_ADC_GetValue
 .text.HAL_ADC_ConvCpltCallback
                0x08001ff2        0x2 ./build/Debug/.obj/Drivers/STM32G4xx_HAL_Driver/Src/stm32g4xx_hal_adc.o
                0x08001ff2                HAL_ADC_ConvCpltCallback
 .text.HAL_ADC_LevelOutOfWindowCallback
                0x08001ff4        0x2 ./build/Debug/.obj/Drivers/STM32G4xx_HAL_Driver/Src/stm32g4xx_hal_adc.o
                0x08001ff4                HAL_ADC_LevelOutOfWindowCallback
 .text.HAL_ADC_ErrorCallback
                0x08001ff6        0x2 ./build/Debug/.obj/Drivers/STM32G4xx_HAL_Driver/Src/stm32g4xx_hal_adc.o
                0x08001ff6                HAL_ADC_ErrorCallback
 .text.HAL_ADC_IRQHandler
                0x08001ff8      0x294 ./build/Debug/.obj/Drivers/STM32G4xx_HAL_Driver/Src/stm32g4xx_hal_adc.o
                0x08001ff8                HAL_ADC_IRQHandler
 .text.HAL_ADC_ConfigChannel
                0x0800228c      0x4e4 ./build/Debug/.obj/Drivers/STM32G4xx_HAL_Driver/Src/stm32g4xx_hal_adc.o
                0x0800228c                HAL_ADC_ConfigChannel
 .text.ADC_Enable
                0x08002770       0xdc ./build/Debug/.obj/Drivers/STM32G4xx_HAL_Driver/Src/stm32g4xx_hal_adc.o
                0x08002770                ADC_Enable
 .text.HAL_ADC_Start
                0x0800284c       0xf4 ./build/Debug/.obj/Drivers/STM32G4xx_HAL_Driver/Src/stm32g4xx_hal_adc.o
                0x0800284c                HAL_ADC_Start
 .text.ADC_Disable
                0x08002940       0x94 ./build/Debug/.obj/Drivers/STM32G4xx_HAL_Driver/Src/stm32g4xx_hal_adc.o
                0x08002940                ADC_Disable
 .text.HAL_ADCEx_Calibration_Start
                0x080029d4       0x9c ./build/Debug/.obj/Drivers/STM32G4xx_HAL_Driver/Src/stm32g4xx_hal_adc_ex.o
                0x080029d4                HAL_ADCEx_Calibration_Start
 .text.HAL_ADCEx_InjectedStart
                0x08002a70       0xf0 ./build/Debug/.obj/Drivers/STM32G4xx_HAL_Driver/Src/stm32g4xx_hal_adc_ex.o
                0x08002a70                HAL_ADCEx_InjectedStart
 .text.HAL_ADCEx_InjectedStart_IT
                0x08002b60      0x134 ./build/Debug/.obj/Drivers/STM32G4xx_HAL_Driver/Src/stm32g4xx_hal_adc_ex.o
                0x08002b60                HAL_ADCEx_InjectedStart_IT
 .text.HAL_ADCEx_InjectedQueueOverflowCallback
                0x08002c94        0x2 ./build/Debug/.obj/Drivers/STM32G4xx_HAL_Driver/Src/stm32g4xx_hal_adc_ex.o
                0x08002c94                HAL_ADCEx_InjectedQueueOverflowCallback
 .text.HAL_ADCEx_LevelOutOfWindow2Callback
                0x08002c96        0x2 ./build/Debug/.obj/Drivers/STM32G4xx_HAL_Driver/Src/stm32g4xx_hal_adc_ex.o
                0x08002c96                HAL_ADCEx_LevelOutOfWindow2Callback
 .text.HAL_ADCEx_LevelOutOfWindow3Callback
                0x08002c98        0x2 ./build/Debug/.obj/Drivers/STM32G4xx_HAL_Driver/Src/stm32g4xx_hal_adc_ex.o
                0x08002c98                HAL_ADCEx_LevelOutOfWindow3Callback
 .text.HAL_ADCEx_EndOfSamplingCallback
                0x08002c9a        0x2 ./build/Debug/.obj/Drivers/STM32G4xx_HAL_Driver/Src/stm32g4xx_hal_adc_ex.o
                0x08002c9a                HAL_ADCEx_EndOfSamplingCallback
 .text.HAL_ADCEx_InjectedConfigChannel
                0x08002c9c      0x620 ./build/Debug/.obj/Drivers/STM32G4xx_HAL_Driver/Src/stm32g4xx_hal_adc_ex.o
                0x08002c9c                HAL_ADCEx_InjectedConfigChannel
 .text.HAL_ADCEx_MultiModeConfigChannel
                0x080032bc      0x114 ./build/Debug/.obj/Drivers/STM32G4xx_HAL_Driver/Src/stm32g4xx_hal_adc_ex.o
                0x080032bc                HAL_ADCEx_MultiModeConfigChannel
 .text.HAL_COMP_Init
                0x080033d0      0x164 ./build/Debug/.obj/Drivers/STM32G4xx_HAL_Driver/Src/stm32g4xx_hal_comp.o
                0x080033d0                HAL_COMP_Init
 .text.HAL_COMP_Start
                0x08003534       0x60 ./build/Debug/.obj/Drivers/STM32G4xx_HAL_Driver/Src/stm32g4xx_hal_comp.o
                0x08003534                HAL_COMP_Start
 .text.HAL_COMP_TriggerCallback
                0x08003594        0x2 ./build/Debug/.obj/Drivers/STM32G4xx_HAL_Driver/Src/stm32g4xx_hal_comp.o
                0x08003594                HAL_COMP_TriggerCallback
 *fill*         0x08003596        0x2 
 .text.HAL_COMP_IRQHandler
                0x08003598       0x4c ./build/Debug/.obj/Drivers/STM32G4xx_HAL_Driver/Src/stm32g4xx_hal_comp.o
                0x08003598                HAL_COMP_IRQHandler
 .text.HAL_NVIC_SetPriorityGrouping
                0x080035e4       0x24 ./build/Debug/.obj/Drivers/STM32G4xx_HAL_Driver/Src/stm32g4xx_hal_cortex.o
                0x080035e4                HAL_NVIC_SetPriorityGrouping
 .text.HAL_NVIC_SetPriority
                0x08003608       0x70 ./build/Debug/.obj/Drivers/STM32G4xx_HAL_Driver/Src/stm32g4xx_hal_cortex.o
                0x08003608                HAL_NVIC_SetPriority
 .text.HAL_NVIC_EnableIRQ
                0x08003678       0x1c ./build/Debug/.obj/Drivers/STM32G4xx_HAL_Driver/Src/stm32g4xx_hal_cortex.o
                0x08003678                HAL_NVIC_EnableIRQ
 .text.HAL_SYSTICK_Config
                0x08003694       0x28 ./build/Debug/.obj/Drivers/STM32G4xx_HAL_Driver/Src/stm32g4xx_hal_cortex.o
                0x08003694                HAL_SYSTICK_Config
 .text.HAL_DAC_Init
                0x080036bc       0x24 ./build/Debug/.obj/Drivers/STM32G4xx_HAL_Driver/Src/stm32g4xx_hal_dac.o
                0x080036bc                HAL_DAC_Init
 .text.HAL_DAC_Start
                0x080036e0       0x98 ./build/Debug/.obj/Drivers/STM32G4xx_HAL_Driver/Src/stm32g4xx_hal_dac.o
                0x080036e0                HAL_DAC_Start
 .text.HAL_DAC_SetValue
                0x08003778       0x36 ./build/Debug/.obj/Drivers/STM32G4xx_HAL_Driver/Src/stm32g4xx_hal_dac.o
                0x08003778                HAL_DAC_SetValue
 *fill*         0x080037ae        0x2 
 .text.HAL_DAC_ConfigChannel
                0x080037b0      0x214 ./build/Debug/.obj/Drivers/STM32G4xx_HAL_Driver/Src/stm32g4xx_hal_dac.o
                0x080037b0                HAL_DAC_ConfigChannel
 .text.HAL_GPIO_Init
                0x080039c4      0x1d4 ./build/Debug/.obj/Drivers/STM32G4xx_HAL_Driver/Src/stm32g4xx_hal_gpio.o
                0x080039c4                HAL_GPIO_Init
 .text.HAL_GPIO_WritePin
                0x08003b98        0xa ./build/Debug/.obj/Drivers/STM32G4xx_HAL_Driver/Src/stm32g4xx_hal_gpio.o
                0x08003b98                HAL_GPIO_WritePin
 .text.HAL_GPIO_TogglePin
                0x08003ba2       0x12 ./build/Debug/.obj/Drivers/STM32G4xx_HAL_Driver/Src/stm32g4xx_hal_gpio.o
                0x08003ba2                HAL_GPIO_TogglePin
 .text.HAL_GPIO_EXTI_IRQHandler
                0x08003bb4       0x1c ./build/Debug/.obj/Drivers/STM32G4xx_HAL_Driver/Src/stm32g4xx_hal_gpio.o
                0x08003bb4                HAL_GPIO_EXTI_IRQHandler
 .text.HAL_OPAMP_Init
                0x08003bd0      0x128 ./build/Debug/.obj/Drivers/STM32G4xx_HAL_Driver/Src/stm32g4xx_hal_opamp.o
                0x08003bd0                HAL_OPAMP_Init
 .text.HAL_OPAMP_Start
                0x08003cf8       0x36 ./build/Debug/.obj/Drivers/STM32G4xx_HAL_Driver/Src/stm32g4xx_hal_opamp.o
                0x08003cf8                HAL_OPAMP_Start
 *fill*         0x08003d2e        0x2 
 .text.HAL_PWREx_ControlVoltageScaling
                0x08003d30      0x10c ./build/Debug/.obj/Drivers/STM32G4xx_HAL_Driver/Src/stm32g4xx_hal_pwr_ex.o
                0x08003d30                HAL_PWREx_ControlVoltageScaling
 .text.HAL_PWREx_DisableUCPDDeadBattery
                0x08003e3c       0x10 ./build/Debug/.obj/Drivers/STM32G4xx_HAL_Driver/Src/stm32g4xx_hal_pwr_ex.o
                0x08003e3c                HAL_PWREx_DisableUCPDDeadBattery
 .text.RCC_GetSysClockFreqFromPLLSource
                0x08003e4c       0x58 ./build/Debug/.obj/Drivers/STM32G4xx_HAL_Driver/Src/stm32g4xx_hal_rcc.o
 .text.HAL_RCC_OscConfig
                0x08003ea4      0x4e4 ./build/Debug/.obj/Drivers/STM32G4xx_HAL_Driver/Src/stm32g4xx_hal_rcc.o
                0x08003ea4                HAL_RCC_OscConfig
 .text.HAL_RCC_GetSysClockFreq
                0x08004388       0x88 ./build/Debug/.obj/Drivers/STM32G4xx_HAL_Driver/Src/stm32g4xx_hal_rcc.o
                0x08004388                HAL_RCC_GetSysClockFreq
 .text.HAL_RCC_ClockConfig
                0x08004410      0x1f8 ./build/Debug/.obj/Drivers/STM32G4xx_HAL_Driver/Src/stm32g4xx_hal_rcc.o
                0x08004410                HAL_RCC_ClockConfig
 .text.HAL_RCC_GetHCLKFreq
                0x08004608        0xc ./build/Debug/.obj/Drivers/STM32G4xx_HAL_Driver/Src/stm32g4xx_hal_rcc.o
                0x08004608                HAL_RCC_GetHCLKFreq
 .text.HAL_RCC_GetPCLK1Freq
                0x08004614       0x24 ./build/Debug/.obj/Drivers/STM32G4xx_HAL_Driver/Src/stm32g4xx_hal_rcc.o
                0x08004614                HAL_RCC_GetPCLK1Freq
 .text.HAL_RCC_GetPCLK2Freq
                0x08004638       0x24 ./build/Debug/.obj/Drivers/STM32G4xx_HAL_Driver/Src/stm32g4xx_hal_rcc.o
                0x08004638                HAL_RCC_GetPCLK2Freq
 .text.HAL_RCCEx_PeriphCLKConfig
                0x0800465c      0x2e4 ./build/Debug/.obj/Drivers/STM32G4xx_HAL_Driver/Src/stm32g4xx_hal_rcc_ex.o
                0x0800465c                HAL_RCCEx_PeriphCLKConfig
 .text.TIM_OC1_SetConfig
                0x08004940       0xa0 ./build/Debug/.obj/Drivers/STM32G4xx_HAL_Driver/Src/stm32g4xx_hal_tim.o
 .text.TIM_OC3_SetConfig
                0x080049e0       0x8c ./build/Debug/.obj/Drivers/STM32G4xx_HAL_Driver/Src/stm32g4xx_hal_tim.o
 .text.TIM_OC4_SetConfig
                0x08004a6c       0x8c ./build/Debug/.obj/Drivers/STM32G4xx_HAL_Driver/Src/stm32g4xx_hal_tim.o
 .text.TIM_OC5_SetConfig
                0x08004af8       0x68 ./build/Debug/.obj/Drivers/STM32G4xx_HAL_Driver/Src/stm32g4xx_hal_tim.o
 .text.TIM_OC6_SetConfig
                0x08004b60       0x6c ./build/Debug/.obj/Drivers/STM32G4xx_HAL_Driver/Src/stm32g4xx_hal_tim.o
 .text.TIM_TI1_ConfigInputStage
                0x08004bcc       0x26 ./build/Debug/.obj/Drivers/STM32G4xx_HAL_Driver/Src/stm32g4xx_hal_tim.o
 .text.TIM_TI2_ConfigInputStage
                0x08004bf2       0x28 ./build/Debug/.obj/Drivers/STM32G4xx_HAL_Driver/Src/stm32g4xx_hal_tim.o
 .text.TIM_ITRx_SetConfig
                0x08004c1a       0x14 ./build/Debug/.obj/Drivers/STM32G4xx_HAL_Driver/Src/stm32g4xx_hal_tim.o
 *fill*         0x08004c2e        0x2 
 .text.HAL_TIM_Base_Start
                0x08004c30       0x7c ./build/Debug/.obj/Drivers/STM32G4xx_HAL_Driver/Src/stm32g4xx_hal_tim.o
                0x08004c30                HAL_TIM_Base_Start
 .text.HAL_TIM_PWM_MspInit
                0x08004cac        0x2 ./build/Debug/.obj/Drivers/STM32G4xx_HAL_Driver/Src/stm32g4xx_hal_tim.o
                0x08004cac                HAL_TIM_PWM_MspInit
 .text.HAL_TIM_PeriodElapsedCallback
                0x08004cae        0x2 ./build/Debug/.obj/Drivers/STM32G4xx_HAL_Driver/Src/stm32g4xx_hal_tim.o
                0x08004cae                HAL_TIM_PeriodElapsedCallback
 .text.HAL_TIM_OC_DelayElapsedCallback
                0x08004cb0        0x2 ./build/Debug/.obj/Drivers/STM32G4xx_HAL_Driver/Src/stm32g4xx_hal_tim.o
                0x08004cb0                HAL_TIM_OC_DelayElapsedCallback
 .text.HAL_TIM_IC_CaptureCallback
                0x08004cb2        0x2 ./build/Debug/.obj/Drivers/STM32G4xx_HAL_Driver/Src/stm32g4xx_hal_tim.o
                0x08004cb2                HAL_TIM_IC_CaptureCallback
 .text.HAL_TIM_PWM_PulseFinishedCallback
                0x08004cb4        0x2 ./build/Debug/.obj/Drivers/STM32G4xx_HAL_Driver/Src/stm32g4xx_hal_tim.o
                0x08004cb4                HAL_TIM_PWM_PulseFinishedCallback
 .text.HAL_TIM_TriggerCallback
                0x08004cb6        0x2 ./build/Debug/.obj/Drivers/STM32G4xx_HAL_Driver/Src/stm32g4xx_hal_tim.o
                0x08004cb6                HAL_TIM_TriggerCallback
 .text.HAL_TIM_IRQHandler
                0x08004cb8      0x1ea ./build/Debug/.obj/Drivers/STM32G4xx_HAL_Driver/Src/stm32g4xx_hal_tim.o
                0x08004cb8                HAL_TIM_IRQHandler
 *fill*         0x08004ea2        0x2 
 .text.TIM_Base_SetConfig
                0x08004ea4       0xc8 ./build/Debug/.obj/Drivers/STM32G4xx_HAL_Driver/Src/stm32g4xx_hal_tim.o
                0x08004ea4                TIM_Base_SetConfig
 .text.HAL_TIM_Base_Init
                0x08004f6c       0x60 ./build/Debug/.obj/Drivers/STM32G4xx_HAL_Driver/Src/stm32g4xx_hal_tim.o
                0x08004f6c                HAL_TIM_Base_Init
 .text.HAL_TIM_PWM_Init
                0x08004fcc       0x60 ./build/Debug/.obj/Drivers/STM32G4xx_HAL_Driver/Src/stm32g4xx_hal_tim.o
                0x08004fcc                HAL_TIM_PWM_Init
 .text.TIM_OC2_SetConfig
                0x0800502c       0x8c ./build/Debug/.obj/Drivers/STM32G4xx_HAL_Driver/Src/stm32g4xx_hal_tim.o
                0x0800502c                TIM_OC2_SetConfig
 .text.HAL_TIM_PWM_ConfigChannel
                0x080050b8      0x13a ./build/Debug/.obj/Drivers/STM32G4xx_HAL_Driver/Src/stm32g4xx_hal_tim.o
                0x080050b8                HAL_TIM_PWM_ConfigChannel
 .text.TIM_ETR_SetConfig
                0x080051f2       0x1a ./build/Debug/.obj/Drivers/STM32G4xx_HAL_Driver/Src/stm32g4xx_hal_tim.o
                0x080051f2                TIM_ETR_SetConfig
 .text.HAL_TIM_ConfigClockSource
                0x0800520c      0x138 ./build/Debug/.obj/Drivers/STM32G4xx_HAL_Driver/Src/stm32g4xx_hal_tim.o
                0x0800520c                HAL_TIM_ConfigClockSource
 .text.TIM_CCxChannelCmd
                0x08005344       0x1e ./build/Debug/.obj/Drivers/STM32G4xx_HAL_Driver/Src/stm32g4xx_hal_tim.o
                0x08005344                TIM_CCxChannelCmd
 *fill*         0x08005362        0x2 
 .text.HAL_TIM_PWM_Start
                0x08005364      0x158 ./build/Debug/.obj/Drivers/STM32G4xx_HAL_Driver/Src/stm32g4xx_hal_tim.o
                0x08005364                HAL_TIM_PWM_Start
 .text.HAL_TIM_PWM_Stop
                0x080054bc       0xb8 ./build/Debug/.obj/Drivers/STM32G4xx_HAL_Driver/Src/stm32g4xx_hal_tim.o
                0x080054bc                HAL_TIM_PWM_Stop
 .text.TIM_CCxNChannelCmd
                0x08005574       0x1e ./build/Debug/.obj/Drivers/STM32G4xx_HAL_Driver/Src/stm32g4xx_hal_tim_ex.o
 *fill*         0x08005592        0x2 
 .text.HAL_TIMEx_PWMN_Start
                0x08005594       0xf4 ./build/Debug/.obj/Drivers/STM32G4xx_HAL_Driver/Src/stm32g4xx_hal_tim_ex.o
                0x08005594                HAL_TIMEx_PWMN_Start
 .text.HAL_TIMEx_PWMN_Stop
                0x08005688       0x76 ./build/Debug/.obj/Drivers/STM32G4xx_HAL_Driver/Src/stm32g4xx_hal_tim_ex.o
                0x08005688                HAL_TIMEx_PWMN_Stop
 *fill*         0x080056fe        0x2 
 .text.HAL_TIMEx_MasterConfigSynchronization
                0x08005700       0x94 ./build/Debug/.obj/Drivers/STM32G4xx_HAL_Driver/Src/stm32g4xx_hal_tim_ex.o
                0x08005700                HAL_TIMEx_MasterConfigSynchronization
 .text.HAL_TIMEx_ConfigBreakDeadTime
                0x08005794       0xa0 ./build/Debug/.obj/Drivers/STM32G4xx_HAL_Driver/Src/stm32g4xx_hal_tim_ex.o
                0x08005794                HAL_TIMEx_ConfigBreakDeadTime
 .text.HAL_TIMEx_ConfigBreakInput
                0x08005834       0xd8 ./build/Debug/.obj/Drivers/STM32G4xx_HAL_Driver/Src/stm32g4xx_hal_tim_ex.o
                0x08005834                HAL_TIMEx_ConfigBreakInput
 .text.HAL_TIMEx_CommutCallback
                0x0800590c        0x2 ./build/Debug/.obj/Drivers/STM32G4xx_HAL_Driver/Src/stm32g4xx_hal_tim_ex.o
                0x0800590c                HAL_TIMEx_CommutCallback
 .text.HAL_TIMEx_BreakCallback
                0x0800590e        0x2 ./build/Debug/.obj/Drivers/STM32G4xx_HAL_Driver/Src/stm32g4xx_hal_tim_ex.o
                0x0800590e                HAL_TIMEx_BreakCallback
 .text.HAL_TIMEx_Break2Callback
                0x08005910        0x2 ./build/Debug/.obj/Drivers/STM32G4xx_HAL_Driver/Src/stm32g4xx_hal_tim_ex.o
                0x08005910                HAL_TIMEx_Break2Callback
 .text.HAL_TIMEx_EncoderIndexCallback
                0x08005912        0x2 ./build/Debug/.obj/Drivers/STM32G4xx_HAL_Driver/Src/stm32g4xx_hal_tim_ex.o
                0x08005912                HAL_TIMEx_EncoderIndexCallback
 .text.HAL_TIMEx_DirectionChangeCallback
                0x08005914        0x2 ./build/Debug/.obj/Drivers/STM32G4xx_HAL_Driver/Src/stm32g4xx_hal_tim_ex.o
                0x08005914                HAL_TIMEx_DirectionChangeCallback
 .text.HAL_TIMEx_IndexErrorCallback
                0x08005916        0x2 ./build/Debug/.obj/Drivers/STM32G4xx_HAL_Driver/Src/stm32g4xx_hal_tim_ex.o
                0x08005916                HAL_TIMEx_IndexErrorCallback
 .text.HAL_TIMEx_TransitionErrorCallback
                0x08005918        0x2 ./build/Debug/.obj/Drivers/STM32G4xx_HAL_Driver/Src/stm32g4xx_hal_tim_ex.o
                0x08005918                HAL_TIMEx_TransitionErrorCallback
 .text.UART_EndRxTransfer
                0x0800591a       0x56 ./build/Debug/.obj/Drivers/STM32G4xx_HAL_Driver/Src/stm32g4xx_hal_uart.o
 .text.UART_SetConfig
                0x08005970      0x344 ./build/Debug/.obj/Drivers/STM32G4xx_HAL_Driver/Src/stm32g4xx_hal_uart.o
                0x08005970                UART_SetConfig
 .text.UART_AdvFeatureConfig
                0x08005cb4       0xca ./build/Debug/.obj/Drivers/STM32G4xx_HAL_Driver/Src/stm32g4xx_hal_uart.o
                0x08005cb4                UART_AdvFeatureConfig
 .text.UART_WaitOnFlagUntilTimeout
                0x08005d7e       0xa2 ./build/Debug/.obj/Drivers/STM32G4xx_HAL_Driver/Src/stm32g4xx_hal_uart.o
                0x08005d7e                UART_WaitOnFlagUntilTimeout
 .text.HAL_UART_Transmit
                0x08005e20       0xd2 ./build/Debug/.obj/Drivers/STM32G4xx_HAL_Driver/Src/stm32g4xx_hal_uart.o
                0x08005e20                HAL_UART_Transmit
 .text.HAL_UART_Receive
                0x08005ef2      0x118 ./build/Debug/.obj/Drivers/STM32G4xx_HAL_Driver/Src/stm32g4xx_hal_uart.o
                0x08005ef2                HAL_UART_Receive
 .text.UART_CheckIdleState
                0x0800600a       0xca ./build/Debug/.obj/Drivers/STM32G4xx_HAL_Driver/Src/stm32g4xx_hal_uart.o
                0x0800600a                UART_CheckIdleState
 .text.HAL_UART_Init
                0x080060d4       0x66 ./build/Debug/.obj/Drivers/STM32G4xx_HAL_Driver/Src/stm32g4xx_hal_uart.o
                0x080060d4                HAL_UART_Init
 *fill*         0x0800613a        0x2 
 .text.UARTEx_SetNbDataToProcess
                0x0800613c       0x4c ./build/Debug/.obj/Drivers/STM32G4xx_HAL_Driver/Src/stm32g4xx_hal_uart_ex.o
 .text.HAL_UARTEx_DisableFifoMode
                0x08006188       0x3e ./build/Debug/.obj/Drivers/STM32G4xx_HAL_Driver/Src/stm32g4xx_hal_uart_ex.o
                0x08006188                HAL_UARTEx_DisableFifoMode
 .text.HAL_UARTEx_SetTxFifoThreshold
                0x080061c6       0x4a ./build/Debug/.obj/Drivers/STM32G4xx_HAL_Driver/Src/stm32g4xx_hal_uart_ex.o
                0x080061c6                HAL_UARTEx_SetTxFifoThreshold
 .text.HAL_UARTEx_SetRxFifoThreshold
                0x08006210       0x4a ./build/Debug/.obj/Drivers/STM32G4xx_HAL_Driver/Src/stm32g4xx_hal_uart_ex.o
                0x08006210                HAL_UARTEx_SetRxFifoThreshold
 *fill*         0x0800625a        0x2 
 .text.RetargetInit
                0x0800625c       0x20 ./build/Debug/.obj/Usercode/userdebug.o
                0x0800625c                RetargetInit
 .text._isatty  0x0800627c       0x16 ./build/Debug/.obj/Usercode/userdebug.o
                0x0800627c                _isatty
 *fill*         0x08006292        0x2 
 .text._write   0x08006294       0x34 ./build/Debug/.obj/Usercode/userdebug.o
                0x08006294                _write
 .text._close   0x080062c8       0x18 ./build/Debug/.obj/Usercode/userdebug.o
                0x080062c8                _close
 .text._lseek   0x080062e0       0x10 ./build/Debug/.obj/Usercode/userdebug.o
                0x080062e0                _lseek
 .text._read    0x080062f0       0x30 ./build/Debug/.obj/Usercode/userdebug.o
                0x080062f0                _read
 .text._fstat   0x08006320       0x1a ./build/Debug/.obj/Usercode/userdebug.o
                0x08006320                _fstat
 *fill*         0x0800633a        0x2 
 .text.usermain
                0x0800633c      0x17c ./build/Debug/.obj/Usercode/usermain.o
                0x0800633c                usermain
 .text.HAL_ADCEx_InjectedConvCpltCallback
                0x080064b8      0x164 ./build/Debug/.obj/Usercode/usermain.o
                0x080064b8                HAL_ADCEx_InjectedConvCpltCallback
 .text.HAL_GPIO_EXTI_Callback
                0x0800661c       0x80 ./build/Debug/.obj/Usercode/usermain.o
                0x0800661c                HAL_GPIO_EXTI_Callback
 .text.Reset_Handler
                0x0800669c       0x50 ./build/Debug/.obj/startup_stm32g431xx.o
                0x0800669c                Reset_Handler
 .text.Default_Handler
                0x080066ec        0x2 ./build/Debug/.obj/startup_stm32g431xx.o
                0x080066ec                RTC_Alarm_IRQHandler
                0x080066ec                EXTI2_IRQHandler
                0x080066ec                TIM8_TRG_COM_IRQHandler
                0x080066ec                TIM8_CC_IRQHandler
                0x080066ec                TIM1_CC_IRQHandler
                0x080066ec                USB_HP_IRQHandler
                0x080066ec                CORDIC_IRQHandler
                0x080066ec                EXTI3_IRQHandler
                0x080066ec                I2C3_ER_IRQHandler
                0x080066ec                EXTI0_IRQHandler
                0x080066ec                I2C2_EV_IRQHandler
                0x080066ec                FPU_IRQHandler
                0x080066ec                FDCAN1_IT1_IRQHandler
                0x080066ec                SPI1_IRQHandler
                0x080066ec                TIM6_DAC_IRQHandler
                0x080066ec                TIM8_UP_IRQHandler
                0x080066ec                DMA2_Channel2_IRQHandler
                0x080066ec                DMA1_Channel4_IRQHandler
                0x080066ec                USART3_IRQHandler
                0x080066ec                TIM4_IRQHandler
                0x080066ec                DMA2_Channel1_IRQHandler
                0x080066ec                I2C1_EV_IRQHandler
                0x080066ec                DMA1_Channel6_IRQHandler
                0x080066ec                UART4_IRQHandler
                0x080066ec                DMA2_Channel4_IRQHandler
                0x080066ec                TIM3_IRQHandler
                0x080066ec                RCC_IRQHandler
                0x080066ec                DMA1_Channel1_IRQHandler
                0x080066ec                Default_Handler
                0x080066ec                RTC_TAMP_LSECSS_IRQHandler
                0x080066ec                FMAC_IRQHandler
                0x080066ec                TIM7_IRQHandler
                0x080066ec                UCPD1_IRQHandler
                0x080066ec                I2C3_EV_IRQHandler
                0x080066ec                EXTI9_5_IRQHandler
                0x080066ec                RTC_WKUP_IRQHandler
                0x080066ec                PVD_PVM_IRQHandler
                0x080066ec                SPI2_IRQHandler
                0x080066ec                DMA2_Channel5_IRQHandler
                0x080066ec                CRS_IRQHandler
                0x080066ec                DMA1_Channel5_IRQHandler
                0x080066ec                USB_LP_IRQHandler
                0x080066ec                EXTI4_IRQHandler
                0x080066ec                RNG_IRQHandler
                0x080066ec                TIM1_TRG_COM_TIM17_IRQHandler
                0x080066ec                DMA1_Channel3_IRQHandler
                0x080066ec                WWDG_IRQHandler
                0x080066ec                LPUART1_IRQHandler
                0x080066ec                DMA2_Channel6_IRQHandler
                0x080066ec                FDCAN1_IT0_IRQHandler
                0x080066ec                TIM2_IRQHandler
                0x080066ec                EXTI1_IRQHandler
                0x080066ec                USART2_IRQHandler
                0x080066ec                I2C2_ER_IRQHandler
                0x080066ec                DMA1_Channel2_IRQHandler
                0x080066ec                TIM8_BRK_IRQHandler
                0x080066ec                FLASH_IRQHandler
                0x080066ec                USART1_IRQHandler
                0x080066ec                SPI3_IRQHandler
                0x080066ec                I2C1_ER_IRQHandler
                0x080066ec                LPTIM1_IRQHandler
                0x080066ec                DMAMUX_OVR_IRQHandler
                0x080066ec                USBWakeUp_IRQHandler
                0x080066ec                SAI1_IRQHandler
                0x080066ec                DMA2_Channel3_IRQHandler
                0x080066ec                COMP4_IRQHandler
 *fill*         0x080066ee        0x2 
 .text.__errno  0x080066f0        0xc d:/environment_install/gnu arm toolchain/gnu arm embedded toolchain/10 2021.10/bin/../lib/gcc/arm-none-eabi/10.3.1/../../../../arm-none-eabi/lib/thumb/v7e-m+fp/hard\libc_nano.a(lib_a-errno.o)
                0x080066f0                __errno
 .text.__libc_init_array
                0x080066fc       0x48 d:/environment_install/gnu arm toolchain/gnu arm embedded toolchain/10 2021.10/bin/../lib/gcc/arm-none-eabi/10.3.1/../../../../arm-none-eabi/lib/thumb/v7e-m+fp/hard\libc_nano.a(lib_a-init.o)
                0x080066fc                __libc_init_array
 .text.memset   0x08006744       0x10 d:/environment_install/gnu arm toolchain/gnu arm embedded toolchain/10 2021.10/bin/../lib/gcc/arm-none-eabi/10.3.1/../../../../arm-none-eabi/lib/thumb/v7e-m+fp/hard\libc_nano.a(lib_a-memset.o)
                0x08006744                memset
 .text.__cvt    0x08006754       0xc4 d:/environment_install/gnu arm toolchain/gnu arm embedded toolchain/10 2021.10/bin/../lib/gcc/arm-none-eabi/10.3.1/../../../../arm-none-eabi/lib/thumb/v7e-m+fp/hard\libc_nano.a(lib_a-nano-vfprintf_float.o)
                0x08006754                __cvt
 .text.__exponent
                0x08006818       0x7c d:/environment_install/gnu arm toolchain/gnu arm embedded toolchain/10 2021.10/bin/../lib/gcc/arm-none-eabi/10.3.1/../../../../arm-none-eabi/lib/thumb/v7e-m+fp/hard\libc_nano.a(lib_a-nano-vfprintf_float.o)
                0x08006818                __exponent
 .text._printf_float
                0x08006894      0x46c d:/environment_install/gnu arm toolchain/gnu arm embedded toolchain/10 2021.10/bin/../lib/gcc/arm-none-eabi/10.3.1/../../../../arm-none-eabi/lib/thumb/v7e-m+fp/hard\libc_nano.a(lib_a-nano-vfprintf_float.o)
                0x08006894                _printf_float
 .text._printf_common
                0x08006d00       0xda d:/environment_install/gnu arm toolchain/gnu arm embedded toolchain/10 2021.10/bin/../lib/gcc/arm-none-eabi/10.3.1/../../../../arm-none-eabi/lib/thumb/v7e-m+fp/hard\libc_nano.a(lib_a-nano-vfprintf_i.o)
                0x08006d00                _printf_common
 *fill*         0x08006dda        0x2 
 .text._printf_i
                0x08006ddc      0x24c d:/environment_install/gnu arm toolchain/gnu arm embedded toolchain/10 2021.10/bin/../lib/gcc/arm-none-eabi/10.3.1/../../../../arm-none-eabi/lib/thumb/v7e-m+fp/hard\libc_nano.a(lib_a-nano-vfprintf_i.o)
                0x08006ddc                _printf_i
 .text._scanf_float
                0x08007028      0x420 d:/environment_install/gnu arm toolchain/gnu arm embedded toolchain/10 2021.10/bin/../lib/gcc/arm-none-eabi/10.3.1/../../../../arm-none-eabi/lib/thumb/v7e-m+fp/hard\libc_nano.a(lib_a-nano-vfscanf_float.o)
                0x08007028                _scanf_float
 .text.printf   0x08007448       0x30 d:/environment_install/gnu arm toolchain/gnu arm embedded toolchain/10 2021.10/bin/../lib/gcc/arm-none-eabi/10.3.1/../../../../arm-none-eabi/lib/thumb/v7e-m+fp/hard\libc_nano.a(lib_a-printf.o)
                0x08007448                iprintf
                0x08007448                printf
 .text.setvbuf  0x08007478      0x18c d:/environment_install/gnu arm toolchain/gnu arm embedded toolchain/10 2021.10/bin/../lib/gcc/arm-none-eabi/10.3.1/../../../../arm-none-eabi/lib/thumb/v7e-m+fp/hard\libc_nano.a(lib_a-setvbuf.o)
                0x08007478                setvbuf
 .text.nanf     0x08007604        0xc d:/environment_install/gnu arm toolchain/gnu arm embedded toolchain/10 2021.10/bin/../lib/gcc/arm-none-eabi/10.3.1/../../../../arm-none-eabi/lib/thumb/v7e-m+fp/hard\libc_nano.a(lib_a-sf_nan.o)
                0x08007604                nanf
 .text.sprintf  0x08007610       0x40 d:/environment_install/gnu arm toolchain/gnu arm embedded toolchain/10 2021.10/bin/../lib/gcc/arm-none-eabi/10.3.1/../../../../arm-none-eabi/lib/thumb/v7e-m+fp/hard\libc_nano.a(lib_a-sprintf.o)
                0x08007610                siprintf
                0x08007610                sprintf
 .text.sulp     0x08007650       0x38 d:/environment_install/gnu arm toolchain/gnu arm embedded toolchain/10 2021.10/bin/../lib/gcc/arm-none-eabi/10.3.1/../../../../arm-none-eabi/lib/thumb/v7e-m+fp/hard\libc_nano.a(lib_a-strtod.o)
 .text._strtod_l
                0x08007688      0xc0c d:/environment_install/gnu arm toolchain/gnu arm embedded toolchain/10 2021.10/bin/../lib/gcc/arm-none-eabi/10.3.1/../../../../arm-none-eabi/lib/thumb/v7e-m+fp/hard\libc_nano.a(lib_a-strtod.o)
                0x08007688                _strtod_l
 .text._strtod_r
                0x08008294        0xc d:/environment_install/gnu arm toolchain/gnu arm embedded toolchain/10 2021.10/bin/../lib/gcc/arm-none-eabi/10.3.1/../../../../arm-none-eabi/lib/thumb/v7e-m+fp/hard\libc_nano.a(lib_a-strtod.o)
                0x08008294                _strtod_r
 .text._strtol_l.constprop.0
                0x080082a0      0x104 d:/environment_install/gnu arm toolchain/gnu arm embedded toolchain/10 2021.10/bin/../lib/gcc/arm-none-eabi/10.3.1/../../../../arm-none-eabi/lib/thumb/v7e-m+fp/hard\libc_nano.a(lib_a-strtol.o)
 .text._strtol_r
                0x080083a4        0x4 d:/environment_install/gnu arm toolchain/gnu arm embedded toolchain/10 2021.10/bin/../lib/gcc/arm-none-eabi/10.3.1/../../../../arm-none-eabi/lib/thumb/v7e-m+fp/hard\libc_nano.a(lib_a-strtol.o)
                0x080083a4                _strtol_r
 .text.quorem   0x080083a8      0x116 d:/environment_install/gnu arm toolchain/gnu arm embedded toolchain/10 2021.10/bin/../lib/gcc/arm-none-eabi/10.3.1/../../../../arm-none-eabi/lib/thumb/v7e-m+fp/hard\libc_nano.a(lib_a-dtoa.o)
 *fill*         0x080084be        0x2 
 .text._dtoa_r  0x080084c0      0xbdc d:/environment_install/gnu arm toolchain/gnu arm embedded toolchain/10 2021.10/bin/../lib/gcc/arm-none-eabi/10.3.1/../../../../arm-none-eabi/lib/thumb/v7e-m+fp/hard\libc_nano.a(lib_a-dtoa.o)
                0x080084c0                _dtoa_r
 .text.__sflush_r
                0x0800909c      0x10c d:/environment_install/gnu arm toolchain/gnu arm embedded toolchain/10 2021.10/bin/../lib/gcc/arm-none-eabi/10.3.1/../../../../arm-none-eabi/lib/thumb/v7e-m+fp/hard\libc_nano.a(lib_a-fflush.o)
                0x0800909c                __sflush_r
 .text._fflush_r
                0x080091a8       0x78 d:/environment_install/gnu arm toolchain/gnu arm embedded toolchain/10 2021.10/bin/../lib/gcc/arm-none-eabi/10.3.1/../../../../arm-none-eabi/lib/thumb/v7e-m+fp/hard\libc_nano.a(lib_a-fflush.o)
                0x080091a8                _fflush_r
 .text.std      0x08009220       0x48 d:/environment_install/gnu arm toolchain/gnu arm embedded toolchain/10 2021.10/bin/../lib/gcc/arm-none-eabi/10.3.1/../../../../arm-none-eabi/lib/thumb/v7e-m+fp/hard\libc_nano.a(lib_a-findfp.o)
 .text._cleanup_r
                0x08009268        0xc d:/environment_install/gnu arm toolchain/gnu arm embedded toolchain/10 2021.10/bin/../lib/gcc/arm-none-eabi/10.3.1/../../../../arm-none-eabi/lib/thumb/v7e-m+fp/hard\libc_nano.a(lib_a-findfp.o)
                0x08009268                _cleanup_r
 .text.__sfmoreglue
                0x08009274       0x2c d:/environment_install/gnu arm toolchain/gnu arm embedded toolchain/10 2021.10/bin/../lib/gcc/arm-none-eabi/10.3.1/../../../../arm-none-eabi/lib/thumb/v7e-m+fp/hard\libc_nano.a(lib_a-findfp.o)
                0x08009274                __sfmoreglue
 .text.__sfp_lock_acquire
                0x080092a0        0xc d:/environment_install/gnu arm toolchain/gnu arm embedded toolchain/10 2021.10/bin/../lib/gcc/arm-none-eabi/10.3.1/../../../../arm-none-eabi/lib/thumb/v7e-m+fp/hard\libc_nano.a(lib_a-findfp.o)
                0x080092a0                __sfp_lock_acquire
 .text.__sfp_lock_release
                0x080092ac        0xc d:/environment_install/gnu arm toolchain/gnu arm embedded toolchain/10 2021.10/bin/../lib/gcc/arm-none-eabi/10.3.1/../../../../arm-none-eabi/lib/thumb/v7e-m+fp/hard\libc_nano.a(lib_a-findfp.o)
                0x080092ac                __sfp_lock_release
 .text.__sinit_lock_acquire
                0x080092b8        0xc d:/environment_install/gnu arm toolchain/gnu arm embedded toolchain/10 2021.10/bin/../lib/gcc/arm-none-eabi/10.3.1/../../../../arm-none-eabi/lib/thumb/v7e-m+fp/hard\libc_nano.a(lib_a-findfp.o)
                0x080092b8                __sinit_lock_acquire
 .text.__sinit_lock_release
                0x080092c4        0xc d:/environment_install/gnu arm toolchain/gnu arm embedded toolchain/10 2021.10/bin/../lib/gcc/arm-none-eabi/10.3.1/../../../../arm-none-eabi/lib/thumb/v7e-m+fp/hard\libc_nano.a(lib_a-findfp.o)
                0x080092c4                __sinit_lock_release
 .text.__sinit  0x080092d0       0x70 d:/environment_install/gnu arm toolchain/gnu arm embedded toolchain/10 2021.10/bin/../lib/gcc/arm-none-eabi/10.3.1/../../../../arm-none-eabi/lib/thumb/v7e-m+fp/hard\libc_nano.a(lib_a-findfp.o)
                0x080092d0                __sinit
 .text.__sfp    0x08009340       0x8c d:/environment_install/gnu arm toolchain/gnu arm embedded toolchain/10 2021.10/bin/../lib/gcc/arm-none-eabi/10.3.1/../../../../arm-none-eabi/lib/thumb/v7e-m+fp/hard\libc_nano.a(lib_a-findfp.o)
                0x08009340                __sfp
 .text._fwalk_reent
                0x080093cc       0x3e d:/environment_install/gnu arm toolchain/gnu arm embedded toolchain/10 2021.10/bin/../lib/gcc/arm-none-eabi/10.3.1/../../../../arm-none-eabi/lib/thumb/v7e-m+fp/hard\libc_nano.a(lib_a-fwalk.o)
                0x080093cc                _fwalk_reent
 .text.rshift   0x0800940a       0xa4 d:/environment_install/gnu arm toolchain/gnu arm embedded toolchain/10 2021.10/bin/../lib/gcc/arm-none-eabi/10.3.1/../../../../arm-none-eabi/lib/thumb/v7e-m+fp/hard\libc_nano.a(lib_a-gdtoa-gethex.o)
 .text.__hexdig_fun
                0x080094ae       0x2a d:/environment_install/gnu arm toolchain/gnu arm embedded toolchain/10 2021.10/bin/../lib/gcc/arm-none-eabi/10.3.1/../../../../arm-none-eabi/lib/thumb/v7e-m+fp/hard\libc_nano.a(lib_a-gdtoa-gethex.o)
                0x080094ae                __hexdig_fun
 .text.__gethex
                0x080094d8      0x48c d:/environment_install/gnu arm toolchain/gnu arm embedded toolchain/10 2021.10/bin/../lib/gcc/arm-none-eabi/10.3.1/../../../../arm-none-eabi/lib/thumb/v7e-m+fp/hard\libc_nano.a(lib_a-gdtoa-gethex.o)
                0x080094d8                __gethex
 .text.L_shift  0x08009964       0x24 d:/environment_install/gnu arm toolchain/gnu arm embedded toolchain/10 2021.10/bin/../lib/gcc/arm-none-eabi/10.3.1/../../../../arm-none-eabi/lib/thumb/v7e-m+fp/hard\libc_nano.a(lib_a-gdtoa-hexnan.o)
 .text.__match  0x08009988       0x28 d:/environment_install/gnu arm toolchain/gnu arm embedded toolchain/10 2021.10/bin/../lib/gcc/arm-none-eabi/10.3.1/../../../../arm-none-eabi/lib/thumb/v7e-m+fp/hard\libc_nano.a(lib_a-gdtoa-hexnan.o)
                0x08009988                __match
 .text.__hexnan
                0x080099b0      0x138 d:/environment_install/gnu arm toolchain/gnu arm embedded toolchain/10 2021.10/bin/../lib/gcc/arm-none-eabi/10.3.1/../../../../arm-none-eabi/lib/thumb/v7e-m+fp/hard\libc_nano.a(lib_a-gdtoa-hexnan.o)
                0x080099b0                __hexnan
 .text._localeconv_r
                0x08009ae8        0x8 d:/environment_install/gnu arm toolchain/gnu arm embedded toolchain/10 2021.10/bin/../lib/gcc/arm-none-eabi/10.3.1/../../../../arm-none-eabi/lib/thumb/v7e-m+fp/hard\libc_nano.a(lib_a-localeconv.o)
                0x08009ae8                _localeconv_r
 .text.__retarget_lock_init_recursive
                0x08009af0        0x2 d:/environment_install/gnu arm toolchain/gnu arm embedded toolchain/10 2021.10/bin/../lib/gcc/arm-none-eabi/10.3.1/../../../../arm-none-eabi/lib/thumb/v7e-m+fp/hard\libc_nano.a(lib_a-lock.o)
                0x08009af0                __retarget_lock_init_recursive
 .text.__retarget_lock_acquire_recursive
                0x08009af2        0x2 d:/environment_install/gnu arm toolchain/gnu arm embedded toolchain/10 2021.10/bin/../lib/gcc/arm-none-eabi/10.3.1/../../../../arm-none-eabi/lib/thumb/v7e-m+fp/hard\libc_nano.a(lib_a-lock.o)
                0x08009af2                __retarget_lock_acquire_recursive
 .text.__retarget_lock_release_recursive
                0x08009af4        0x2 d:/environment_install/gnu arm toolchain/gnu arm embedded toolchain/10 2021.10/bin/../lib/gcc/arm-none-eabi/10.3.1/../../../../arm-none-eabi/lib/thumb/v7e-m+fp/hard\libc_nano.a(lib_a-lock.o)
                0x08009af4                __retarget_lock_release_recursive
 .text.__swhatbuf_r
                0x08009af6       0x4a d:/environment_install/gnu arm toolchain/gnu arm embedded toolchain/10 2021.10/bin/../lib/gcc/arm-none-eabi/10.3.1/../../../../arm-none-eabi/lib/thumb/v7e-m+fp/hard\libc_nano.a(lib_a-makebuf.o)
                0x08009af6                __swhatbuf_r
 .text.__smakebuf_r
                0x08009b40       0x80 d:/environment_install/gnu arm toolchain/gnu arm embedded toolchain/10 2021.10/bin/../lib/gcc/arm-none-eabi/10.3.1/../../../../arm-none-eabi/lib/thumb/v7e-m+fp/hard\libc_nano.a(lib_a-makebuf.o)
                0x08009b40                __smakebuf_r
 .text.malloc   0x08009bc0       0x10 d:/environment_install/gnu arm toolchain/gnu arm embedded toolchain/10 2021.10/bin/../lib/gcc/arm-none-eabi/10.3.1/../../../../arm-none-eabi/lib/thumb/v7e-m+fp/hard\libc_nano.a(lib_a-malloc.o)
                0x08009bc0                malloc
 .text.__ascii_mbtowc
                0x08009bd0       0x24 d:/environment_install/gnu arm toolchain/gnu arm embedded toolchain/10 2021.10/bin/../lib/gcc/arm-none-eabi/10.3.1/../../../../arm-none-eabi/lib/thumb/v7e-m+fp/hard\libc_nano.a(lib_a-mbtowc_r.o)
                0x08009bd0                __ascii_mbtowc
 .text.memcpy   0x08009bf4       0x1c d:/environment_install/gnu arm toolchain/gnu arm embedded toolchain/10 2021.10/bin/../lib/gcc/arm-none-eabi/10.3.1/../../../../arm-none-eabi/lib/thumb/v7e-m+fp/hard\libc_nano.a(lib_a-memcpy-stub.o)
                0x08009bf4                memcpy
 .text._Balloc  0x08009c10       0x80 d:/environment_install/gnu arm toolchain/gnu arm embedded toolchain/10 2021.10/bin/../lib/gcc/arm-none-eabi/10.3.1/../../../../arm-none-eabi/lib/thumb/v7e-m+fp/hard\libc_nano.a(lib_a-mprec.o)
                0x08009c10                _Balloc
 .text._Bfree   0x08009c90       0x44 d:/environment_install/gnu arm toolchain/gnu arm embedded toolchain/10 2021.10/bin/../lib/gcc/arm-none-eabi/10.3.1/../../../../arm-none-eabi/lib/thumb/v7e-m+fp/hard\libc_nano.a(lib_a-mprec.o)
                0x08009c90                _Bfree
 .text.__multadd
                0x08009cd4       0x8c d:/environment_install/gnu arm toolchain/gnu arm embedded toolchain/10 2021.10/bin/../lib/gcc/arm-none-eabi/10.3.1/../../../../arm-none-eabi/lib/thumb/v7e-m+fp/hard\libc_nano.a(lib_a-mprec.o)
                0x08009cd4                __multadd
 .text.__s2b    0x08009d60       0x94 d:/environment_install/gnu arm toolchain/gnu arm embedded toolchain/10 2021.10/bin/../lib/gcc/arm-none-eabi/10.3.1/../../../../arm-none-eabi/lib/thumb/v7e-m+fp/hard\libc_nano.a(lib_a-mprec.o)
                0x08009d60                __s2b
 .text.__hi0bits
                0x08009df4       0x40 d:/environment_install/gnu arm toolchain/gnu arm embedded toolchain/10 2021.10/bin/../lib/gcc/arm-none-eabi/10.3.1/../../../../arm-none-eabi/lib/thumb/v7e-m+fp/hard\libc_nano.a(lib_a-mprec.o)
                0x08009df4                __hi0bits
 .text.__lo0bits
                0x08009e34       0x5e d:/environment_install/gnu arm toolchain/gnu arm embedded toolchain/10 2021.10/bin/../lib/gcc/arm-none-eabi/10.3.1/../../../../arm-none-eabi/lib/thumb/v7e-m+fp/hard\libc_nano.a(lib_a-mprec.o)
                0x08009e34                __lo0bits
 *fill*         0x08009e92        0x2 
 .text.__i2b    0x08009e94       0x2c d:/environment_install/gnu arm toolchain/gnu arm embedded toolchain/10 2021.10/bin/../lib/gcc/arm-none-eabi/10.3.1/../../../../arm-none-eabi/lib/thumb/v7e-m+fp/hard\libc_nano.a(lib_a-mprec.o)
                0x08009e94                __i2b
 .text.__multiply
                0x08009ec0      0x154 d:/environment_install/gnu arm toolchain/gnu arm embedded toolchain/10 2021.10/bin/../lib/gcc/arm-none-eabi/10.3.1/../../../../arm-none-eabi/lib/thumb/v7e-m+fp/hard\libc_nano.a(lib_a-mprec.o)
                0x08009ec0                __multiply
 .text.__pow5mult
                0x0800a014       0xb4 d:/environment_install/gnu arm toolchain/gnu arm embedded toolchain/10 2021.10/bin/../lib/gcc/arm-none-eabi/10.3.1/../../../../arm-none-eabi/lib/thumb/v7e-m+fp/hard\libc_nano.a(lib_a-mprec.o)
                0x0800a014                __pow5mult
 .text.__lshift
                0x0800a0c8       0xe0 d:/environment_install/gnu arm toolchain/gnu arm embedded toolchain/10 2021.10/bin/../lib/gcc/arm-none-eabi/10.3.1/../../../../arm-none-eabi/lib/thumb/v7e-m+fp/hard\libc_nano.a(lib_a-mprec.o)
                0x0800a0c8                __lshift
 .text.__mcmp   0x0800a1a8       0x38 d:/environment_install/gnu arm toolchain/gnu arm embedded toolchain/10 2021.10/bin/../lib/gcc/arm-none-eabi/10.3.1/../../../../arm-none-eabi/lib/thumb/v7e-m+fp/hard\libc_nano.a(lib_a-mprec.o)
                0x0800a1a8                __mcmp
 .text.__mdiff  0x0800a1e0      0x114 d:/environment_install/gnu arm toolchain/gnu arm embedded toolchain/10 2021.10/bin/../lib/gcc/arm-none-eabi/10.3.1/../../../../arm-none-eabi/lib/thumb/v7e-m+fp/hard\libc_nano.a(lib_a-mprec.o)
                0x0800a1e0                __mdiff
 .text.__ulp    0x0800a2f4       0x58 d:/environment_install/gnu arm toolchain/gnu arm embedded toolchain/10 2021.10/bin/../lib/gcc/arm-none-eabi/10.3.1/../../../../arm-none-eabi/lib/thumb/v7e-m+fp/hard\libc_nano.a(lib_a-mprec.o)
                0x0800a2f4                __ulp
 .text.__b2d    0x0800a34c       0xa0 d:/environment_install/gnu arm toolchain/gnu arm embedded toolchain/10 2021.10/bin/../lib/gcc/arm-none-eabi/10.3.1/../../../../arm-none-eabi/lib/thumb/v7e-m+fp/hard\libc_nano.a(lib_a-mprec.o)
                0x0800a34c                __b2d
 .text.__d2b    0x0800a3ec       0xb8 d:/environment_install/gnu arm toolchain/gnu arm embedded toolchain/10 2021.10/bin/../lib/gcc/arm-none-eabi/10.3.1/../../../../arm-none-eabi/lib/thumb/v7e-m+fp/hard\libc_nano.a(lib_a-mprec.o)
                0x0800a3ec                __d2b
 .text.__ratio  0x0800a4a4       0x66 d:/environment_install/gnu arm toolchain/gnu arm embedded toolchain/10 2021.10/bin/../lib/gcc/arm-none-eabi/10.3.1/../../../../arm-none-eabi/lib/thumb/v7e-m+fp/hard\libc_nano.a(lib_a-mprec.o)
                0x0800a4a4                __ratio
 .text.__copybits
                0x0800a50a       0x46 d:/environment_install/gnu arm toolchain/gnu arm embedded toolchain/10 2021.10/bin/../lib/gcc/arm-none-eabi/10.3.1/../../../../arm-none-eabi/lib/thumb/v7e-m+fp/hard\libc_nano.a(lib_a-mprec.o)
                0x0800a50a                __copybits
 .text.__any_on
                0x0800a550       0x42 d:/environment_install/gnu arm toolchain/gnu arm embedded toolchain/10 2021.10/bin/../lib/gcc/arm-none-eabi/10.3.1/../../../../arm-none-eabi/lib/thumb/v7e-m+fp/hard\libc_nano.a(lib_a-mprec.o)
                0x0800a550                __any_on
 .text._calloc_r
                0x0800a592       0x2c d:/environment_install/gnu arm toolchain/gnu arm embedded toolchain/10 2021.10/bin/../lib/gcc/arm-none-eabi/10.3.1/../../../../arm-none-eabi/lib/thumb/v7e-m+fp/hard\libc_nano.a(lib_a-nano-callocr.o)
                0x0800a592                _calloc_r
 *fill*         0x0800a5be        0x2 
 .text._free_r  0x0800a5c0       0x98 d:/environment_install/gnu arm toolchain/gnu arm embedded toolchain/10 2021.10/bin/../lib/gcc/arm-none-eabi/10.3.1/../../../../arm-none-eabi/lib/thumb/v7e-m+fp/hard\libc_nano.a(lib_a-nano-freer.o)
                0x0800a5c0                _free_r
 .text.sbrk_aligned
                0x0800a658       0x40 d:/environment_install/gnu arm toolchain/gnu arm embedded toolchain/10 2021.10/bin/../lib/gcc/arm-none-eabi/10.3.1/../../../../arm-none-eabi/lib/thumb/v7e-m+fp/hard\libc_nano.a(lib_a-nano-mallocr.o)
 .text._malloc_r
                0x0800a698       0xe8 d:/environment_install/gnu arm toolchain/gnu arm embedded toolchain/10 2021.10/bin/../lib/gcc/arm-none-eabi/10.3.1/../../../../arm-none-eabi/lib/thumb/v7e-m+fp/hard\libc_nano.a(lib_a-nano-mallocr.o)
                0x0800a698                _malloc_r
 .text.__ssputs_r
                0x0800a780       0xb6 d:/environment_install/gnu arm toolchain/gnu arm embedded toolchain/10 2021.10/bin/../lib/gcc/arm-none-eabi/10.3.1/../../../../arm-none-eabi/lib/thumb/v7e-m+fp/hard\libc_nano.a(lib_a-nano-svfprintf.o)
                0x0800a780                __ssputs_r
 *fill*         0x0800a836        0x2 
 .text._svfprintf_r
                0x0800a838      0x200 d:/environment_install/gnu arm toolchain/gnu arm embedded toolchain/10 2021.10/bin/../lib/gcc/arm-none-eabi/10.3.1/../../../../arm-none-eabi/lib/thumb/v7e-m+fp/hard\libc_nano.a(lib_a-nano-svfprintf.o)
                0x0800a838                _svfiprintf_r
                0x0800a838                _svfprintf_r
 .text.__sfputc_r
                0x0800aa38       0x2e d:/environment_install/gnu arm toolchain/gnu arm embedded toolchain/10 2021.10/bin/../lib/gcc/arm-none-eabi/10.3.1/../../../../arm-none-eabi/lib/thumb/v7e-m+fp/hard\libc_nano.a(lib_a-nano-vfprintf.o)
 .text.__sfputs_r
                0x0800aa66       0x24 d:/environment_install/gnu arm toolchain/gnu arm embedded toolchain/10 2021.10/bin/../lib/gcc/arm-none-eabi/10.3.1/../../../../arm-none-eabi/lib/thumb/v7e-m+fp/hard\libc_nano.a(lib_a-nano-vfprintf.o)
                0x0800aa66                __sfputs_r
 *fill*         0x0800aa8a        0x2 
 .text._vfprintf_r
                0x0800aa8c      0x260 d:/environment_install/gnu arm toolchain/gnu arm embedded toolchain/10 2021.10/bin/../lib/gcc/arm-none-eabi/10.3.1/../../../../arm-none-eabi/lib/thumb/v7e-m+fp/hard\libc_nano.a(lib_a-nano-vfprintf.o)
                0x0800aa8c                _vfprintf_r
                0x0800aa8c                _vfiprintf_r
 *fill*         0x0800acec        0x4 
 .text.nan      0x0800acf0       0x10 d:/environment_install/gnu arm toolchain/gnu arm embedded toolchain/10 2021.10/bin/../lib/gcc/arm-none-eabi/10.3.1/../../../../arm-none-eabi/lib/thumb/v7e-m+fp/hard\libc_nano.a(lib_a-s_nan.o)
                0x0800acf0                nan
 .text._sbrk_r  0x0800ad00       0x20 d:/environment_install/gnu arm toolchain/gnu arm embedded toolchain/10 2021.10/bin/../lib/gcc/arm-none-eabi/10.3.1/../../../../arm-none-eabi/lib/thumb/v7e-m+fp/hard\libc_nano.a(lib_a-sbrkr.o)
                0x0800ad00                _sbrk_r
 .text.__sread  0x0800ad20       0x22 d:/environment_install/gnu arm toolchain/gnu arm embedded toolchain/10 2021.10/bin/../lib/gcc/arm-none-eabi/10.3.1/../../../../arm-none-eabi/lib/thumb/v7e-m+fp/hard\libc_nano.a(lib_a-stdio.o)
                0x0800ad20                __sread
 .text.__swrite
                0x0800ad42       0x38 d:/environment_install/gnu arm toolchain/gnu arm embedded toolchain/10 2021.10/bin/../lib/gcc/arm-none-eabi/10.3.1/../../../../arm-none-eabi/lib/thumb/v7e-m+fp/hard\libc_nano.a(lib_a-stdio.o)
                0x0800ad42                __swrite
 .text.__sseek  0x0800ad7a       0x24 d:/environment_install/gnu arm toolchain/gnu arm embedded toolchain/10 2021.10/bin/../lib/gcc/arm-none-eabi/10.3.1/../../../../arm-none-eabi/lib/thumb/v7e-m+fp/hard\libc_nano.a(lib_a-stdio.o)
                0x0800ad7a                __sseek
 .text.__sclose
                0x0800ad9e        0x8 d:/environment_install/gnu arm toolchain/gnu arm embedded toolchain/10 2021.10/bin/../lib/gcc/arm-none-eabi/10.3.1/../../../../arm-none-eabi/lib/thumb/v7e-m+fp/hard\libc_nano.a(lib_a-stdio.o)
                0x0800ad9e                __sclose
 .text.strncmp  0x0800ada6       0x28 d:/environment_install/gnu arm toolchain/gnu arm embedded toolchain/10 2021.10/bin/../lib/gcc/arm-none-eabi/10.3.1/../../../../arm-none-eabi/lib/thumb/v7e-m+fp/hard\libc_nano.a(lib_a-strncmp.o)
                0x0800ada6                strncmp
 *fill*         0x0800adce        0x2 
 .text.__swbuf_r
                0x0800add0       0xa4 d:/environment_install/gnu arm toolchain/gnu arm embedded toolchain/10 2021.10/bin/../lib/gcc/arm-none-eabi/10.3.1/../../../../arm-none-eabi/lib/thumb/v7e-m+fp/hard\libc_nano.a(lib_a-wbuf.o)
                0x0800add0                __swbuf_r
 .text.__ascii_wctomb
                0x0800ae74       0x1a d:/environment_install/gnu arm toolchain/gnu arm embedded toolchain/10 2021.10/bin/../lib/gcc/arm-none-eabi/10.3.1/../../../../arm-none-eabi/lib/thumb/v7e-m+fp/hard\libc_nano.a(lib_a-wctomb_r.o)
                0x0800ae74                __ascii_wctomb
 *fill*         0x0800ae8e        0x2 
 .text._write_r
                0x0800ae90       0x24 d:/environment_install/gnu arm toolchain/gnu arm embedded toolchain/10 2021.10/bin/../lib/gcc/arm-none-eabi/10.3.1/../../../../arm-none-eabi/lib/thumb/v7e-m+fp/hard\libc_nano.a(lib_a-writer.o)
                0x0800ae90                _write_r
 .text.__swsetup_r
                0x0800aeb4       0xdc d:/environment_install/gnu arm toolchain/gnu arm embedded toolchain/10 2021.10/bin/../lib/gcc/arm-none-eabi/10.3.1/../../../../arm-none-eabi/lib/thumb/v7e-m+fp/hard\libc_nano.a(lib_a-wsetup.o)
                0x0800aeb4                __swsetup_r
 .text.__assert_func
                0x0800af90       0x3c d:/environment_install/gnu arm toolchain/gnu arm embedded toolchain/10 2021.10/bin/../lib/gcc/arm-none-eabi/10.3.1/../../../../arm-none-eabi/lib/thumb/v7e-m+fp/hard\libc_nano.a(lib_a-assert.o)
                0x0800af90                __assert_func
 .text._close_r
                0x0800afcc       0x20 d:/environment_install/gnu arm toolchain/gnu arm embedded toolchain/10 2021.10/bin/../lib/gcc/arm-none-eabi/10.3.1/../../../../arm-none-eabi/lib/thumb/v7e-m+fp/hard\libc_nano.a(lib_a-closer.o)
                0x0800afcc                _close_r
 .text.fprintf  0x0800afec       0x24 d:/environment_install/gnu arm toolchain/gnu arm embedded toolchain/10 2021.10/bin/../lib/gcc/arm-none-eabi/10.3.1/../../../../arm-none-eabi/lib/thumb/v7e-m+fp/hard\libc_nano.a(lib_a-fprintf.o)
                0x0800afec                fiprintf
                0x0800afec                fprintf
 .text._fstat_r
                0x0800b010       0x24 d:/environment_install/gnu arm toolchain/gnu arm embedded toolchain/10 2021.10/bin/../lib/gcc/arm-none-eabi/10.3.1/../../../../arm-none-eabi/lib/thumb/v7e-m+fp/hard\libc_nano.a(lib_a-fstatr.o)
                0x0800b010                _fstat_r
 .text._isatty_r
                0x0800b034       0x20 d:/environment_install/gnu arm toolchain/gnu arm embedded toolchain/10 2021.10/bin/../lib/gcc/arm-none-eabi/10.3.1/../../../../arm-none-eabi/lib/thumb/v7e-m+fp/hard\libc_nano.a(lib_a-isattyr.o)
                0x0800b034                _isatty_r
 .text._lseek_r
                0x0800b054       0x24 d:/environment_install/gnu arm toolchain/gnu arm embedded toolchain/10 2021.10/bin/../lib/gcc/arm-none-eabi/10.3.1/../../../../arm-none-eabi/lib/thumb/v7e-m+fp/hard\libc_nano.a(lib_a-lseekr.o)
                0x0800b054                _lseek_r
 .text.memmove  0x0800b078       0x34 d:/environment_install/gnu arm toolchain/gnu arm embedded toolchain/10 2021.10/bin/../lib/gcc/arm-none-eabi/10.3.1/../../../../arm-none-eabi/lib/thumb/v7e-m+fp/hard\libc_nano.a(lib_a-memmove.o)
                0x0800b078                memmove
 .text.__malloc_lock
                0x0800b0ac        0xc d:/environment_install/gnu arm toolchain/gnu arm embedded toolchain/10 2021.10/bin/../lib/gcc/arm-none-eabi/10.3.1/../../../../arm-none-eabi/lib/thumb/v7e-m+fp/hard\libc_nano.a(lib_a-mlock.o)
                0x0800b0ac                __malloc_lock
 .text.__malloc_unlock
                0x0800b0b8        0xc d:/environment_install/gnu arm toolchain/gnu arm embedded toolchain/10 2021.10/bin/../lib/gcc/arm-none-eabi/10.3.1/../../../../arm-none-eabi/lib/thumb/v7e-m+fp/hard\libc_nano.a(lib_a-mlock.o)
                0x0800b0b8                __malloc_unlock
 .text._realloc_r
                0x0800b0c4       0x5e d:/environment_install/gnu arm toolchain/gnu arm embedded toolchain/10 2021.10/bin/../lib/gcc/arm-none-eabi/10.3.1/../../../../arm-none-eabi/lib/thumb/v7e-m+fp/hard\libc_nano.a(lib_a-nano-reallocr.o)
                0x0800b0c4                _realloc_r
 *fill*         0x0800b122        0x2 
 .text._read_r  0x0800b124       0x24 d:/environment_install/gnu arm toolchain/gnu arm embedded toolchain/10 2021.10/bin/../lib/gcc/arm-none-eabi/10.3.1/../../../../arm-none-eabi/lib/thumb/v7e-m+fp/hard\libc_nano.a(lib_a-readr.o)
                0x0800b124                _read_r
 .text.abort    0x0800b148        0xe d:/environment_install/gnu arm toolchain/gnu arm embedded toolchain/10 2021.10/bin/../lib/gcc/arm-none-eabi/10.3.1/../../../../arm-none-eabi/lib/thumb/v7e-m+fp/hard\libc_nano.a(lib_a-abort.o)
                0x0800b148                abort
 .text._malloc_usable_size_r
                0x0800b156       0x10 d:/environment_install/gnu arm toolchain/gnu arm embedded toolchain/10 2021.10/bin/../lib/gcc/arm-none-eabi/10.3.1/../../../../arm-none-eabi/lib/thumb/v7e-m+fp/hard\libc_nano.a(lib_a-nano-msizer.o)
                0x0800b156                _malloc_usable_size_r
 .text._raise_r
                0x0800b166       0x50 d:/environment_install/gnu arm toolchain/gnu arm embedded toolchain/10 2021.10/bin/../lib/gcc/arm-none-eabi/10.3.1/../../../../arm-none-eabi/lib/thumb/v7e-m+fp/hard\libc_nano.a(lib_a-signal.o)
                0x0800b166                _raise_r
 *fill*         0x0800b1b6        0x2 
 .text.raise    0x0800b1b8       0x10 d:/environment_install/gnu arm toolchain/gnu arm embedded toolchain/10 2021.10/bin/../lib/gcc/arm-none-eabi/10.3.1/../../../../arm-none-eabi/lib/thumb/v7e-m+fp/hard\libc_nano.a(lib_a-signal.o)
                0x0800b1b8                raise
 .text._kill_r  0x0800b1c8       0x24 d:/environment_install/gnu arm toolchain/gnu arm embedded toolchain/10 2021.10/bin/../lib/gcc/arm-none-eabi/10.3.1/../../../../arm-none-eabi/lib/thumb/v7e-m+fp/hard\libc_nano.a(lib_a-signalr.o)
                0x0800b1c8                _kill_r
 .text._getpid_r
                0x0800b1ec        0x4 d:/environment_install/gnu arm toolchain/gnu arm embedded toolchain/10 2021.10/bin/../lib/gcc/arm-none-eabi/10.3.1/../../../../arm-none-eabi/lib/thumb/v7e-m+fp/hard\libc_nano.a(lib_a-signalr.o)
                0x0800b1ec                _getpid_r
 *(.glue_7)
 .glue_7        0x0800b1f0        0x0 linker stubs
 *(.glue_7t)
 .glue_7t       0x0800b1f0        0x0 linker stubs
 *(.eh_frame)
 .eh_frame      0x0800b1f0        0x0 d:/environment_install/gnu arm toolchain/gnu arm embedded toolchain/10 2021.10/bin/../lib/gcc/arm-none-eabi/10.3.1/thumb/v7e-m+fp/hard/crtbegin.o
 *(.init)
 .init          0x0800b1f0        0x4 d:/environment_install/gnu arm toolchain/gnu arm embedded toolchain/10 2021.10/bin/../lib/gcc/arm-none-eabi/10.3.1/thumb/v7e-m+fp/hard/crti.o
                0x0800b1f0                _init
 .init          0x0800b1f4        0x8 d:/environment_install/gnu arm toolchain/gnu arm embedded toolchain/10 2021.10/bin/../lib/gcc/arm-none-eabi/10.3.1/thumb/v7e-m+fp/hard/crtn.o
 *(.fini)
 .fini          0x0800b1fc        0x4 d:/environment_install/gnu arm toolchain/gnu arm embedded toolchain/10 2021.10/bin/../lib/gcc/arm-none-eabi/10.3.1/thumb/v7e-m+fp/hard/crti.o
                0x0800b1fc                _fini
 .fini          0x0800b200        0x8 d:/environment_install/gnu arm toolchain/gnu arm embedded toolchain/10 2021.10/bin/../lib/gcc/arm-none-eabi/10.3.1/thumb/v7e-m+fp/hard/crtn.o
                0x0800b208                . = ALIGN (0x4)
                0x0800b208                _etext = .

.vfp11_veneer   0x0800b208        0x0
 .vfp11_veneer  0x0800b208        0x0 linker stubs

.v4_bx          0x0800b208        0x0
 .v4_bx         0x0800b208        0x0 linker stubs

.iplt           0x0800b208        0x0
 .iplt          0x0800b208        0x0 d:/environment_install/gnu arm toolchain/gnu arm embedded toolchain/10 2021.10/bin/../lib/gcc/arm-none-eabi/10.3.1/thumb/v7e-m+fp/hard/crtbegin.o

.rodata         0x0800b208      0x564
                0x0800b208                . = ALIGN (0x4)
 *(.rodata)
 *(.rodata*)
 .rodata.AHBPrescTable
                0x0800b208       0x10 ./build/Debug/.obj/Core/Src/system_stm32g4xx.o
                0x0800b208                AHBPrescTable
 .rodata.APBPrescTable
                0x0800b218        0x8 ./build/Debug/.obj/Core/Src/system_stm32g4xx.o
                0x0800b218                APBPrescTable
 .rodata.UARTPrescTable
                0x0800b220       0x18 ./build/Debug/.obj/Drivers/STM32G4xx_HAL_Driver/Src/stm32g4xx_hal_uart.o
                0x0800b220                UARTPrescTable
 .rodata.denominator.0
                0x0800b238        0x8 ./build/Debug/.obj/Drivers/STM32G4xx_HAL_Driver/Src/stm32g4xx_hal_uart_ex.o
 .rodata.numerator.1
                0x0800b240        0x8 ./build/Debug/.obj/Drivers/STM32G4xx_HAL_Driver/Src/stm32g4xx_hal_uart_ex.o
 .rodata.usermain.str1.4
                0x0800b248       0x16 ./build/Debug/.obj/Usercode/usermain.o
 *fill*         0x0800b25e        0x2 
 .rodata._global_impure_ptr
                0x0800b260        0x4 d:/environment_install/gnu arm toolchain/gnu arm embedded toolchain/10 2021.10/bin/../lib/gcc/arm-none-eabi/10.3.1/../../../../arm-none-eabi/lib/thumb/v7e-m+fp/hard\libc_nano.a(lib_a-impure.o)
                0x0800b260                _global_impure_ptr
 .rodata._printf_float.str1.1
                0x0800b264       0x12 d:/environment_install/gnu arm toolchain/gnu arm embedded toolchain/10 2021.10/bin/../lib/gcc/arm-none-eabi/10.3.1/../../../../arm-none-eabi/lib/thumb/v7e-m+fp/hard\libc_nano.a(lib_a-nano-vfprintf_float.o)
 .rodata._printf_i.str1.1
                0x0800b276       0x22 d:/environment_install/gnu arm toolchain/gnu arm embedded toolchain/10 2021.10/bin/../lib/gcc/arm-none-eabi/10.3.1/../../../../arm-none-eabi/lib/thumb/v7e-m+fp/hard\libc_nano.a(lib_a-nano-vfprintf_i.o)
 .rodata._scanf_float.str1.1
                0x0800b298        0x5 d:/environment_install/gnu arm toolchain/gnu arm embedded toolchain/10 2021.10/bin/../lib/gcc/arm-none-eabi/10.3.1/../../../../arm-none-eabi/lib/thumb/v7e-m+fp/hard\libc_nano.a(lib_a-nano-vfscanf_float.o)
                                  0x6 (size before relaxing)
 .rodata._strtod_l.str1.1
                0x0800b29d        0x5 d:/environment_install/gnu arm toolchain/gnu arm embedded toolchain/10 2021.10/bin/../lib/gcc/arm-none-eabi/10.3.1/../../../../arm-none-eabi/lib/thumb/v7e-m+fp/hard\libc_nano.a(lib_a-strtod.o)
                                  0xd (size before relaxing)
 *fill*         0x0800b29d        0x3 
 .rodata.fpi.1  0x0800b2a0       0x14 d:/environment_install/gnu arm toolchain/gnu arm embedded toolchain/10 2021.10/bin/../lib/gcc/arm-none-eabi/10.3.1/../../../../arm-none-eabi/lib/thumb/v7e-m+fp/hard\libc_nano.a(lib_a-strtod.o)
 .rodata.fpinan.0
                0x0800b2b4       0x14 d:/environment_install/gnu arm toolchain/gnu arm embedded toolchain/10 2021.10/bin/../lib/gcc/arm-none-eabi/10.3.1/../../../../arm-none-eabi/lib/thumb/v7e-m+fp/hard\libc_nano.a(lib_a-strtod.o)
 .rodata.tinytens
                0x0800b2c8       0x28 d:/environment_install/gnu arm toolchain/gnu arm embedded toolchain/10 2021.10/bin/../lib/gcc/arm-none-eabi/10.3.1/../../../../arm-none-eabi/lib/thumb/v7e-m+fp/hard\libc_nano.a(lib_a-strtod.o)
 .rodata._ctype_
                0x0800b2f0      0x101 d:/environment_install/gnu arm toolchain/gnu arm embedded toolchain/10 2021.10/bin/../lib/gcc/arm-none-eabi/10.3.1/../../../../arm-none-eabi/lib/thumb/v7e-m+fp/hard\libc_nano.a(lib_a-ctype_.o)
                0x0800b2f0                _ctype_
 .rodata._dtoa_r.str1.1
                0x0800b3f1       0xb3 d:/environment_install/gnu arm toolchain/gnu arm embedded toolchain/10 2021.10/bin/../lib/gcc/arm-none-eabi/10.3.1/../../../../arm-none-eabi/lib/thumb/v7e-m+fp/hard\libc_nano.a(lib_a-dtoa.o)
                                 0xb5 (size before relaxing)
 .rodata.__sf_fake_stderr
                0x0800b4a4       0x20 d:/environment_install/gnu arm toolchain/gnu arm embedded toolchain/10 2021.10/bin/../lib/gcc/arm-none-eabi/10.3.1/../../../../arm-none-eabi/lib/thumb/v7e-m+fp/hard\libc_nano.a(lib_a-findfp.o)
                0x0800b4a4                __sf_fake_stderr
 .rodata.__sf_fake_stdin
                0x0800b4c4       0x20 d:/environment_install/gnu arm toolchain/gnu arm embedded toolchain/10 2021.10/bin/../lib/gcc/arm-none-eabi/10.3.1/../../../../arm-none-eabi/lib/thumb/v7e-m+fp/hard\libc_nano.a(lib_a-findfp.o)
                0x0800b4c4                __sf_fake_stdin
 .rodata.__sf_fake_stdout
                0x0800b4e4       0x20 d:/environment_install/gnu arm toolchain/gnu arm embedded toolchain/10 2021.10/bin/../lib/gcc/arm-none-eabi/10.3.1/../../../../arm-none-eabi/lib/thumb/v7e-m+fp/hard\libc_nano.a(lib_a-findfp.o)
                0x0800b4e4                __sf_fake_stdout
 .rodata.__gethex.str1.1
                0x0800b504       0x86 d:/environment_install/gnu arm toolchain/gnu arm embedded toolchain/10 2021.10/bin/../lib/gcc/arm-none-eabi/10.3.1/../../../../arm-none-eabi/lib/thumb/v7e-m+fp/hard\libc_nano.a(lib_a-gdtoa-gethex.o)
                                 0x97 (size before relaxing)
 .rodata.str1.1
                0x0800b58a        0x2 d:/environment_install/gnu arm toolchain/gnu arm embedded toolchain/10 2021.10/bin/../lib/gcc/arm-none-eabi/10.3.1/../../../../arm-none-eabi/lib/thumb/v7e-m+fp/hard\libc_nano.a(lib_a-lnumeric.o)
                                  0x3 (size before relaxing)
 .rodata._C_numeric_locale
                0x0800b58c        0xc d:/environment_install/gnu arm toolchain/gnu arm embedded toolchain/10 2021.10/bin/../lib/gcc/arm-none-eabi/10.3.1/../../../../arm-none-eabi/lib/thumb/v7e-m+fp/hard\libc_nano.a(lib_a-lnumeric.o)
                0x0800b58c                _C_numeric_locale
 .rodata._setlocale_r.str1.1
                0x0800b598        0x8 d:/environment_install/gnu arm toolchain/gnu arm embedded toolchain/10 2021.10/bin/../lib/gcc/arm-none-eabi/10.3.1/../../../../arm-none-eabi/lib/thumb/v7e-m+fp/hard\libc_nano.a(lib_a-locale.o)
                                  0x9 (size before relaxing)
 .rodata.str1.1
                0x0800b5a0        0x2 d:/environment_install/gnu arm toolchain/gnu arm embedded toolchain/10 2021.10/bin/../lib/gcc/arm-none-eabi/10.3.1/../../../../arm-none-eabi/lib/thumb/v7e-m+fp/hard\libc_nano.a(lib_a-locale.o)
 .rodata._Balloc.str1.1
                0x0800b5a0       0x7f d:/environment_install/gnu arm toolchain/gnu arm embedded toolchain/10 2021.10/bin/../lib/gcc/arm-none-eabi/10.3.1/../../../../arm-none-eabi/lib/thumb/v7e-m+fp/hard\libc_nano.a(lib_a-mprec.o)
                                 0x96 (size before relaxing)
 .rodata.__multadd.str1.1
                0x0800b61f       0x11 d:/environment_install/gnu arm toolchain/gnu arm embedded toolchain/10 2021.10/bin/../lib/gcc/arm-none-eabi/10.3.1/../../../../arm-none-eabi/lib/thumb/v7e-m+fp/hard\libc_nano.a(lib_a-mprec.o)
 *fill*         0x0800b61f        0x1 
 .rodata.__mprec_bigtens
                0x0800b620       0x28 d:/environment_install/gnu arm toolchain/gnu arm embedded toolchain/10 2021.10/bin/../lib/gcc/arm-none-eabi/10.3.1/../../../../arm-none-eabi/lib/thumb/v7e-m+fp/hard\libc_nano.a(lib_a-mprec.o)
                0x0800b620                __mprec_bigtens
 .rodata.__mprec_tens
                0x0800b648       0xc8 d:/environment_install/gnu arm toolchain/gnu arm embedded toolchain/10 2021.10/bin/../lib/gcc/arm-none-eabi/10.3.1/../../../../arm-none-eabi/lib/thumb/v7e-m+fp/hard\libc_nano.a(lib_a-mprec.o)
                0x0800b648                __mprec_tens
 .rodata.p05.0  0x0800b710        0xc d:/environment_install/gnu arm toolchain/gnu arm embedded toolchain/10 2021.10/bin/../lib/gcc/arm-none-eabi/10.3.1/../../../../arm-none-eabi/lib/thumb/v7e-m+fp/hard\libc_nano.a(lib_a-mprec.o)
 .rodata._svfprintf_r.str1.1
                0x0800b71c       0x11 d:/environment_install/gnu arm toolchain/gnu arm embedded toolchain/10 2021.10/bin/../lib/gcc/arm-none-eabi/10.3.1/../../../../arm-none-eabi/lib/thumb/v7e-m+fp/hard\libc_nano.a(lib_a-nano-svfprintf.o)
 .rodata._vfprintf_r.str1.1
                0x0800b72d       0x11 d:/environment_install/gnu arm toolchain/gnu arm embedded toolchain/10 2021.10/bin/../lib/gcc/arm-none-eabi/10.3.1/../../../../arm-none-eabi/lib/thumb/v7e-m+fp/hard\libc_nano.a(lib_a-nano-vfprintf.o)
 .rodata.__assert_func.str1.1
                0x0800b72d       0x3c d:/environment_install/gnu arm toolchain/gnu arm embedded toolchain/10 2021.10/bin/../lib/gcc/arm-none-eabi/10.3.1/../../../../arm-none-eabi/lib/thumb/v7e-m+fp/hard\libc_nano.a(lib_a-assert.o)
                                 0x3d (size before relaxing)
                0x0800b76c                . = ALIGN (0x4)
 *fill*         0x0800b769        0x3 

.ARM.extab
 *(.ARM.extab* .gnu.linkonce.armextab.*)

.ARM            0x0800b76c        0x8
                0x0800b76c                __exidx_start = .
 *(.ARM.exidx*)
 .ARM.exidx     0x0800b76c        0x8 d:/environment_install/gnu arm toolchain/gnu arm embedded toolchain/10 2021.10/bin/../lib/gcc/arm-none-eabi/10.3.1/thumb/v7e-m+fp/hard\libgcc.a(_udivmoddi4.o)
                0x0800b774                __exidx_end = .

.rel.dyn        0x0800b774        0x0
 .rel.iplt      0x0800b774        0x0 d:/environment_install/gnu arm toolchain/gnu arm embedded toolchain/10 2021.10/bin/../lib/gcc/arm-none-eabi/10.3.1/thumb/v7e-m+fp/hard/crtbegin.o

.preinit_array  0x0800b774        0x0
                0x0800b774                PROVIDE (__preinit_array_start = .)
 *(.preinit_array*)
                0x0800b774                PROVIDE (__preinit_array_end = .)

.init_array     0x0800b774        0x4
                0x0800b774                PROVIDE (__init_array_start = .)
 *(SORT_BY_NAME(.init_array.*))
 *(.init_array*)
 .init_array    0x0800b774        0x4 d:/environment_install/gnu arm toolchain/gnu arm embedded toolchain/10 2021.10/bin/../lib/gcc/arm-none-eabi/10.3.1/thumb/v7e-m+fp/hard/crtbegin.o
                0x0800b778                PROVIDE (__init_array_end = .)

.fini_array     0x0800b778        0x4
                [!provide]                PROVIDE (__fini_array_start = .)
 *(SORT_BY_NAME(.fini_array.*))
 *(.fini_array*)
 .fini_array    0x0800b778        0x4 d:/environment_install/gnu arm toolchain/gnu arm embedded toolchain/10 2021.10/bin/../lib/gcc/arm-none-eabi/10.3.1/thumb/v7e-m+fp/hard/crtbegin.o
                [!provide]                PROVIDE (__fini_array_end = .)
                0x0800b77c                _sidata = LOADADDR (.data)

.data           0x20000000      0x1e0 load address 0x0800b77c
                0x20000000                . = ALIGN (0x4)
                0x20000000                _sdata = .
 *(.data)
 *(.data*)
 .data.SystemCoreClock
                0x20000000        0x4 ./build/Debug/.obj/Core/Src/system_stm32g4xx.o
                0x20000000                SystemCoreClock
 .data.uwTickFreq
                0x20000004        0x4 ./build/Debug/.obj/Drivers/STM32G4xx_HAL_Driver/Src/stm32g4xx_hal.o
                0x20000004                uwTickFreq
 .data.uwTickPrio
                0x20000008        0x4 ./build/Debug/.obj/Drivers/STM32G4xx_HAL_Driver/Src/stm32g4xx_hal.o
                0x20000008                uwTickPrio
 .data._impure_ptr
                0x2000000c        0x4 d:/environment_install/gnu arm toolchain/gnu arm embedded toolchain/10 2021.10/bin/../lib/gcc/arm-none-eabi/10.3.1/../../../../arm-none-eabi/lib/thumb/v7e-m+fp/hard\libc_nano.a(lib_a-impure.o)
                0x2000000c                _impure_ptr
 .data.impure_data
                0x20000010       0x60 d:/environment_install/gnu arm toolchain/gnu arm embedded toolchain/10 2021.10/bin/../lib/gcc/arm-none-eabi/10.3.1/../../../../arm-none-eabi/lib/thumb/v7e-m+fp/hard\libc_nano.a(lib_a-impure.o)
 .data.numempty
                0x20000070        0x2 d:/environment_install/gnu arm toolchain/gnu arm embedded toolchain/10 2021.10/bin/../lib/gcc/arm-none-eabi/10.3.1/../../../../arm-none-eabi/lib/thumb/v7e-m+fp/hard\libc_nano.a(lib_a-lnumeric.o)
 *fill*         0x20000072        0x2 
 .data.__global_locale
                0x20000074      0x16c d:/environment_install/gnu arm toolchain/gnu arm embedded toolchain/10 2021.10/bin/../lib/gcc/arm-none-eabi/10.3.1/../../../../arm-none-eabi/lib/thumb/v7e-m+fp/hard\libc_nano.a(lib_a-locale.o)
                0x20000074                __global_locale
                0x200001e0                . = ALIGN (0x4)
                0x200001e0                _edata = .

.igot.plt       0x200001e0        0x0 load address 0x0800b95c
 .igot.plt      0x200001e0        0x0 d:/environment_install/gnu arm toolchain/gnu arm embedded toolchain/10 2021.10/bin/../lib/gcc/arm-none-eabi/10.3.1/thumb/v7e-m+fp/hard/crtbegin.o
                0x200001e0                . = ALIGN (0x4)

.bss            0x200001e0      0x340 load address 0x0800b95c
                0x200001e0                _sbss = .
                0x200001e0                __bss_start__ = _sbss
 *(.bss)
 .bss           0x200001e0       0x1c d:/environment_install/gnu arm toolchain/gnu arm embedded toolchain/10 2021.10/bin/../lib/gcc/arm-none-eabi/10.3.1/thumb/v7e-m+fp/hard/crtbegin.o
 *(.bss*)
 .bss.HAL_RCC_ADC12_CLK_ENABLED
                0x200001fc        0x4 ./build/Debug/.obj/Core/Src/adc.o
 .bss.hadc1     0x20000200       0x6c ./build/Debug/.obj/Core/Src/adc.o
                0x20000200                hadc1
 .bss.hadc2     0x2000026c       0x6c ./build/Debug/.obj/Core/Src/adc.o
                0x2000026c                hadc2
 .bss.hcomp1    0x200002d8       0x24 ./build/Debug/.obj/Core/Src/comp.o
                0x200002d8                hcomp1
 .bss.hcomp3    0x200002fc       0x24 ./build/Debug/.obj/Core/Src/comp.o
                0x200002fc                hcomp3
 .bss.hdac1     0x20000320       0x14 ./build/Debug/.obj/Core/Src/dac.o
                0x20000320                hdac1
 .bss.hdac3     0x20000334       0x14 ./build/Debug/.obj/Core/Src/dac.o
                0x20000334                hdac3
 .bss.hopamp1   0x20000348       0x3c ./build/Debug/.obj/Core/Src/opamp.o
                0x20000348                hopamp1
 .bss.hopamp2   0x20000384       0x3c ./build/Debug/.obj/Core/Src/opamp.o
                0x20000384                hopamp2
 .bss.hopamp3   0x200003c0       0x3c ./build/Debug/.obj/Core/Src/opamp.o
                0x200003c0                hopamp3
 .bss.__sbrk_heap_end
                0x200003fc        0x4 ./build/Debug/.obj/Core/Src/sysmem.o
 .bss.htim1     0x20000400       0x4c ./build/Debug/.obj/Core/Src/tim.o
                0x20000400                htim1
 .bss.huart3    0x2000044c       0x94 ./build/Debug/.obj/Core/Src/usart.o
                0x2000044c                huart3
 .bss.uwTick    0x200004e0        0x4 ./build/Debug/.obj/Drivers/STM32G4xx_HAL_Driver/Src/stm32g4xx_hal.o
                0x200004e0                uwTick
 .bss.gHuart    0x200004e4        0x4 ./build/Debug/.obj/Usercode/userdebug.o
                0x200004e4                gHuart
 .bss.ADC_offset
                0x200004e8        0x1 ./build/Debug/.obj/Usercode/usermain.o
                0x200004e8                ADC_offset
 *fill*         0x200004e9        0x1 
 .bss.IA_Offset
                0x200004ea        0x2 ./build/Debug/.obj/Usercode/usermain.o
                0x200004ea                IA_Offset
 .bss.IB_Offset
                0x200004ec        0x2 ./build/Debug/.obj/Usercode/usermain.o
                0x200004ec                IB_Offset
 .bss.IC_Offset
                0x200004ee        0x2 ./build/Debug/.obj/Usercode/usermain.o
                0x200004ee                IC_Offset
 .bss.Ia        0x200004f0        0x4 ./build/Debug/.obj/Usercode/usermain.o
                0x200004f0                Ia
 .bss.Ib        0x200004f4        0x4 ./build/Debug/.obj/Usercode/usermain.o
                0x200004f4                Ib
 .bss.Ic        0x200004f8        0x4 ./build/Debug/.obj/Usercode/usermain.o
                0x200004f8                Ic
 .bss.Vbus      0x200004fc        0x4 ./build/Debug/.obj/Usercode/usermain.o
                0x200004fc                Vbus
 .bss.adc1_in1  0x20000500        0x2 ./build/Debug/.obj/Usercode/usermain.o
                0x20000500                adc1_in1
 .bss.adc1_in2  0x20000502        0x2 ./build/Debug/.obj/Usercode/usermain.o
                0x20000502                adc1_in2
 .bss.adc1_in3  0x20000504        0x2 ./build/Debug/.obj/Usercode/usermain.o
                0x20000504                adc1_in3
 .bss.adc_vbus  0x20000506        0x2 ./build/Debug/.obj/Usercode/usermain.o
                0x20000506                adc_vbus
 .bss.cnt.0     0x20000508        0x1 ./build/Debug/.obj/Usercode/usermain.o
 *fill*         0x20000509        0x3 
 .bss.potentiometer_voltage
                0x2000050c        0x4 ./build/Debug/.obj/Usercode/usermain.o
                0x2000050c                potentiometer_voltage
 .bss.__lock___malloc_recursive_mutex
                0x20000510        0x1 d:/environment_install/gnu arm toolchain/gnu arm embedded toolchain/10 2021.10/bin/../lib/gcc/arm-none-eabi/10.3.1/../../../../arm-none-eabi/lib/thumb/v7e-m+fp/hard\libc_nano.a(lib_a-lock.o)
                0x20000510                __lock___malloc_recursive_mutex
 .bss.__lock___sfp_recursive_mutex
                0x20000511        0x1 d:/environment_install/gnu arm toolchain/gnu arm embedded toolchain/10 2021.10/bin/../lib/gcc/arm-none-eabi/10.3.1/../../../../arm-none-eabi/lib/thumb/v7e-m+fp/hard\libc_nano.a(lib_a-lock.o)
                0x20000511                __lock___sfp_recursive_mutex
 .bss.__lock___sinit_recursive_mutex