[2023-09-27 16:35:22]	[done]
	build successfully !

[2023-09-27 16:44:44]	[done]
	build successfully !

[2023-09-27 16:46:29]	[done]
	build successfully !

[2023-09-27 16:47:44]	compilation failed at : "s:\STM32SSC\STM32\STM32SSC_Engine\Code\Test_Code\1_BDC_OpenLoop_Driver\BSP\io_retargetToUart.c", exit code: 1
command: 
  "R:\User_Download\Environment_Install\GNU Arm Toolchain\GNU Arm Embedded Toolchain\10 2021.10\bin\arm-none-eabi-gcc.exe" -c -xc -mthumb -std=c11 -I.eide/deps -ICore/Inc -IDrivers/STM32F4xx_HAL_Driver/Inc -IDrivers/STM32F4xx_HAL_Driver/Inc/Legacy -IDrivers/CMSIS/Device/ST/STM32F4xx/Include -IDrivers/CMSIS/Include -IBSP -ICore/Src -IDrivers/STM32F4xx_HAL_Driver/Src -DUSE_HAL_DRIVER -DSTM32F407xx -mfloat-abi=softfp -mfpu=fpv4-sp-d16 -mcpu=cortex-m4 -Og -Wall -g --specs=nosys.specs --specs=nano.specs -ffunction-sections -fdata-sections -o ./build/Debug/BSP/io_retargetToUart.o -MMD ./BSP/io_retargetToUart.c
   at unify_builder.Program.Main(String[] args_)
---
In file included from ./BSP/io_retargetToUart.c:1:
./BSP/io_retargetToUart.h:17:10: fatal error: usart.h: No such file or directory
   17 | #include "usart.h"
      |          ^~~~~~~~~
compilation terminated.

[2023-09-27 16:48:23]	compilation failed at : "s:\STM32SSC\STM32\STM32SSC_Engine\Code\Test_Code\1_BDC_OpenLoop_Driver\BSP\io_retargetToUart.c", exit code: 1
command: 
  "R:\User_Download\Environment_Install\GNU Arm Toolchain\GNU Arm Embedded Toolchain\10 2021.10\bin\arm-none-eabi-gcc.exe" -c -xc -mthumb -std=c11 -I.eide/deps -ICore/Inc -IDrivers/STM32F4xx_HAL_Driver/Inc -IDrivers/STM32F4xx_HAL_Driver/Inc/Legacy -IDrivers/CMSIS/Device/ST/STM32F4xx/Include -IDrivers/CMSIS/Include -IBSP -ICore/Src -DUSE_HAL_DRIVER -DSTM32F407xx -mfloat-abi=softfp -mfpu=fpv4-sp-d16 -mcpu=cortex-m4 -Og -Wall -g --specs=nosys.specs --specs=nano.specs -ffunction-sections -fdata-sections -o ./build/Debug/BSP/io_retargetToUart.o -MMD ./BSP/io_retargetToUart.c
   at unify_builder.Program.compileByMulThread(Int32 thrNum, CmdInfo[] cmds_, List`1 errLogs)
   at unify_builder.Program.Main(String[] args_)
---
./BSP/io_retargetToUart.c:11:10: fatal error: cmsis_os.h: No such file or directory
   11 | #include "cmsis_os.h"
      |          ^~~~~~~~~~~~
compilation terminated.

[2023-09-27 16:49:08]	link failed !, exit code: 1
   at unify_builder.Program.Main(String[] args_)
---
r:/user_download/environment_install/gnu arm toolchain/gnu arm embedded toolchain/10 2021.10/bin/../lib/gcc/arm-none-eabi/10.3.1/../../../../arm-none-eabi/bin/ld.exe: ./build/Debug/Core/Src/gpio.o: in function `MX_GPIO_Init':
s:\STM32SSC\STM32\STM32SSC_Engine\Code\Test_Code\1_BDC_OpenLoop_Driver/./Core/Src/gpio.c:53: undefined reference to `HAL_GPIO_WritePin'
r:/user_download/environment_install/gnu arm toolchain/gnu arm embedded toolchain/10 2021.10/bin/../lib/gcc/arm-none-eabi/10.3.1/../../../../arm-none-eabi/bin/ld.exe: s:\STM32SSC\STM32\STM32SSC_Engine\Code\Test_Code\1_BDC_OpenLoop_Driver/./Core/Src/gpio.c:60: undefined reference to `HAL_GPIO_Init'
r:/user_download/environment_install/gnu arm toolchain/gnu arm embedded toolchain/10 2021.10/bin/../lib/gcc/arm-none-eabi/10.3.1/../../../../arm-none-eabi/bin/ld.exe: ./build/Debug/Core/Src/main.o: in function `SystemClock_Config':
s:\STM32SSC\STM32\STM32SSC_Engine\Code\Test_Code\1_BDC_OpenLoop_Driver/./Core/Src/main.c:134: undefined reference to `HAL_RCC_OscConfig'
r:/user_download/environment_install/gnu arm toolchain/gnu arm embedded toolchain/10 2021.10/bin/../lib/gcc/arm-none-eabi/10.3.1/../../../../arm-none-eabi/bin/ld.exe: s:\STM32SSC\STM32\STM32SSC_Engine\Code\Test_Code\1_BDC_OpenLoop_Driver/./Core/Src/main.c:148: undefined reference to `HAL_RCC_ClockConfig'
r:/user_download/environment_install/gnu arm toolchain/gnu arm embedded toolchain/10 2021.10/bin/../lib/gcc/arm-none-eabi/10.3.1/../../../../arm-none-eabi/bin/ld.exe: ./build/Debug/Core/Src/main.o: in function `main':
s:\STM32SSC\STM32\STM32SSC_Engine\Code\Test_Code\1_BDC_OpenLoop_Driver/./Core/Src/main.c:75: undefined reference to `HAL_Init'
r:/user_download/environment_install/gnu arm toolchain/gnu arm embedded toolchain/10 2021.10/bin/../lib/gcc/arm-none-eabi/10.3.1/../../../../arm-none-eabi/bin/ld.exe: ./build/Debug/Core/Src/stm32f4xx_it.o: in function `SysTick_Handler':
s:\STM32SSC\STM32\STM32SSC_Engine\Code\Test_Code\1_BDC_OpenLoop_Driver/./Core/Src/stm32f4xx_it.c:188: undefined reference to `HAL_IncTick'
r:/user_download/environment_install/gnu arm toolchain/gnu arm embedded toolchain/10 2021.10/bin/../lib/gcc/arm-none-eabi/10.3.1/../../../../arm-none-eabi/bin/ld.exe: ./build/Debug/Core/Src/stm32f4xx_it.o: in function `TIM4_IRQHandler':
s:\STM32SSC\STM32\STM32SSC_Engine\Code\Test_Code\1_BDC_OpenLoop_Driver/./Core/Src/stm32f4xx_it.c:209: undefined reference to `HAL_TIM_IRQHandler'
r:/user_download/environment_install/gnu arm toolchain/gnu arm embedded toolchain/10 2021.10/bin/../lib/gcc/arm-none-eabi/10.3.1/../../../../arm-none-eabi/bin/ld.exe: ./build/Debug/Core/Src/tim.o: in function `MX_TIM1_Init':
s:\STM32SSC\STM32\STM32SSC_Engine\Code\Test_Code\1_BDC_OpenLoop_Driver/./Core/Src/tim.c:61: undefined reference to `HAL_TIM_Encoder_Init'
r:/user_download/environment_install/gnu arm toolchain/gnu arm embedded toolchain/10 2021.10/bin/../lib/gcc/arm-none-eabi/10.3.1/../../../../arm-none-eabi/bin/ld.exe: s:\STM32SSC\STM32\STM32SSC_Engine\Code\Test_Code\1_BDC_OpenLoop_Driver/./Core/Src/tim.c:67: undefined reference to `HAL_TIMEx_MasterConfigSynchronization'
r:/user_download/environment_install/gnu arm toolchain/gnu arm embedded toolchain/10 2021.10/bin/../lib/gcc/arm-none-eabi/10.3.1/../../../../arm-none-eabi/bin/ld.exe: ./build/Debug/Core/Src/tim.o: in function `MX_TIM4_Init':
s:\STM32SSC\STM32\STM32SSC_Engine\Code\Test_Code\1_BDC_OpenLoop_Driver/./Core/Src/tim.c:150: undefined reference to `HAL_TIM_Base_Init'
r:/user_download/environment_install/gnu arm toolchain/gnu arm embedded toolchain/10 2021.10/bin/../lib/gcc/arm-none-eabi/10.3.1/../../../../arm-none-eabi/bin/ld.exe: s:\STM32SSC\STM32\STM32SSC_Engine\Code\Test_Code\1_BDC_OpenLoop_Driver/./Core/Src/tim.c:155: undefined reference to `HAL_TIM_ConfigClockSource'
r:/user_download/environment_install/gnu arm toolchain/gnu arm embedded toolchain/10 2021.10/bin/../lib/gcc/arm-none-eabi/10.3.1/../../../../arm-none-eabi/bin/ld.exe: s:\STM32SSC\STM32\STM32SSC_Engine\Code\Test_Code\1_BDC_OpenLoop_Driver/./Core/Src/tim.c:161: undefined reference to `HAL_TIMEx_MasterConfigSynchronization'
r:/user_download/environment_install/gnu arm toolchain/gnu arm embedded toolchain/10 2021.10/bin/../lib/gcc/arm-none-eabi/10.3.1/../../../../arm-none-eabi/bin/ld.exe: ./build/Debug/Core/Src/tim.o: in function `HAL_TIM_MspPostInit':
s:\STM32SSC\STM32\STM32SSC_Engine\Code\Test_Code\1_BDC_OpenLoop_Driver/./Core/Src/tim.c:250: undefined reference to `HAL_GPIO_Init'
r:/user_download/environment_install/gnu arm toolchain/gnu arm embedded toolchain/10 2021.10/bin/../lib/gcc/arm-none-eabi/10.3.1/../../../../arm-none-eabi/bin/ld.exe: ./build/Debug/Core/Src/tim.o: in function `MX_TIM2_Init':
s:\STM32SSC\STM32\STM32SSC_Engine\Code\Test_Code\1_BDC_OpenLoop_Driver/./Core/Src/tim.c:97: undefined reference to `HAL_TIM_Base_Init'
r:/user_download/environment_install/gnu arm toolchain/gnu arm embedded toolchain/10 2021.10/bin/../lib/gcc/arm-none-eabi/10.3.1/../../../../arm-none-eabi/bin/ld.exe: s:\STM32SSC\STM32\STM32SSC_Engine\Code\Test_Code\1_BDC_OpenLoop_Driver/./Core/Src/tim.c:102: undefined reference to `HAL_TIM_ConfigClockSource'
r:/user_download/environment_install/gnu arm toolchain/gnu arm embedded toolchain/10 2021.10/bin/../lib/gcc/arm-none-eabi/10.3.1/../../../../arm-none-eabi/bin/ld.exe: s:\STM32SSC\STM32\STM32SSC_Engine\Code\Test_Code\1_BDC_OpenLoop_Driver/./Core/Src/tim.c:106: undefined reference to `HAL_TIM_PWM_Init'
r:/user_download/environment_install/gnu arm toolchain/gnu arm embedded toolchain/10 2021.10/bin/../lib/gcc/arm-none-eabi/10.3.1/../../../../arm-none-eabi/bin/ld.exe: s:\STM32SSC\STM32\STM32SSC_Engine\Code\Test_Code\1_BDC_OpenLoop_Driver/./Core/Src/tim.c:112: undefined reference to `HAL_TIMEx_MasterConfigSynchronization'
r:/user_download/environment_install/gnu arm toolchain/gnu arm embedded toolchain/10 2021.10/bin/../lib/gcc/arm-none-eabi/10.3.1/../../../../arm-none-eabi/bin/ld.exe: s:\STM32SSC\STM32\STM32SSC_Engine\Code\Test_Code\1_BDC_OpenLoop_Driver/./Core/Src/tim.c:120: undefined reference to `HAL_TIM_PWM_ConfigChannel'
r:/user_download/environment_install/gnu arm toolchain/gnu arm embedded toolchain/10 2021.10/bin/../lib/gcc/arm-none-eabi/10.3.1/../../../../arm-none-eabi/bin/ld.exe: ./build/Debug/Core/Src/usart.o: in function `MX_USART1_UART_Init':
s:\STM32SSC\STM32\STM32SSC_Engine\Code\Test_Code\1_BDC_OpenLoop_Driver/./Core/Src/usart.c:49: undefined reference to `HAL_UART_Init'
Memory region         Used Size  Region Size  %age Used
             RAM:        1848 B       128 KB      1.41%
          CCMRAM:          0 GB        64 KB      0.00%
           FLASH:        1572 B       512 KB      0.30%
collect2.exe: error: ld returned 1 exit status


[2023-09-27 16:49:28]	[done]
	build successfully !

[2023-09-27 17:29:15]	compilation failed at : "s:\STM32SSC\STM32\STM32SSC_Engine\Code\Test_Code\1_BDC_OpenLoop_Driver\BSP\motor.c", exit code: 1
command: 
  "R:\User_Download\Environment_Install\GNU Arm Toolchain\GNU Arm Embedded Toolchain\10 2021.10\bin\arm-none-eabi-gcc.exe" -c -xc -mthumb -std=c11 -I.eide/deps -ICore/Inc -IDrivers/STM32F4xx_HAL_Driver/Inc -IDrivers/STM32F4xx_HAL_Driver/Inc/Legacy -IDrivers/CMSIS/Device/ST/STM32F4xx/Include -IDrivers/CMSIS/Include -IBSP -ICore/Src -IDrivers/STM32F4xx_HAL_Driver/Src -DUSE_HAL_DRIVER -DSTM32F407xx -mfloat-abi=softfp -mfpu=fpv4-sp-d16 -mcpu=cortex-m4 -Og -Wall -g --specs=nosys.specs --specs=nano.specs -ffunction-sections -fdata-sections -o ./build/Debug/BSP/motor.o -MMD ./BSP/motor.c
   at unify_builder.Program.Main(String[] args_)
---
./BSP/motor.c:38:13: error: redefinition of 'Motor_Start'
   38 | static void Motor_Start(void)
      |             ^~~~~~~~~~~
./BSP/motor.c:28:13: note: previous definition of 'Motor_Start' was here
   28 | static void Motor_Start(void)
      |             ^~~~~~~~~~~
./BSP/motor.c:84:13: warning: 'Motor_PWM_Set' defined but not used [-Wunused-function]
   84 | static void Motor_PWM_Set(float para)
      |             ^~~~~~~~~~~~~
./BSP/motor.c:38:13: warning: 'Motor_Start' defined but not used [-Wunused-function]
   38 | static void Motor_Start(void)
      |             ^~~~~~~~~~~
./BSP/motor.c:28:13: warning: 'Motor_Start' defined but not used [-Wunused-function]
   28 | static void Motor_Start(void)
      |             ^~~~~~~~~~~

[2023-09-27 17:29:33]	[done]
	build successfully !

[2023-09-27 19:15:03]	[done]
	build successfully !

[2023-09-27 19:24:46]	compilation failed at : "s:\STM32SSC\STM32\STM32SSC_Engine\Code\Test_Code\1_BDC_OpenLoop_Driver\BSP\motor.c", exit code: 1
command: 
  "R:\User_Download\Environment_Install\GNU Arm Toolchain\GNU Arm Embedded Toolchain\10 2021.10\bin\arm-none-eabi-gcc.exe" -c -xc -mthumb -std=c11 -I.eide/deps -ICore/Inc -IDrivers/STM32F4xx_HAL_Driver/Inc -IDrivers/STM32F4xx_HAL_Driver/Inc/Legacy -IDrivers/CMSIS/Device/ST/STM32F4xx/Include -IDrivers/CMSIS/Include -IBSP -ICore/Src -IDrivers/STM32F4xx_HAL_Driver/Src -DUSE_HAL_DRIVER -DSTM32F407xx -mfloat-abi=softfp -mfpu=fpv4-sp-d16 -mcpu=cortex-m4 -Og -Wall -g --specs=nosys.specs --specs=nano.specs -ffunction-sections -fdata-sections -o ./build/Debug/BSP/motor.o -MMD ./BSP/motor.c
   at unify_builder.Program.Main(String[] args_)
---
./BSP/motor.c: In function 'Motor_Speed_Cal':
./BSP/motor.c:110:5: error: 'encode' undeclared (first use in this function); did you mean 'encoder'?
  110 |     encode.speed      = encode.encode_now - encode.encode_old;
      |     ^~~~~~
      |     encoder
./BSP/motor.c:110:5: note: each undeclared identifier is reported only once for each function it appears in
At top level:
./BSP/motor.c:107:13: warning: 'Motor_Speed_Cal' defined but not used [-Wunused-function]
  107 | static void Motor_Speed_Cal(uint8_t ms)
      |             ^~~~~~~~~~~~~~~

[2023-09-27 19:25:13]	[done]
	build successfully !

[2023-09-27 19:26:41]	[done]
	build successfully !

[2023-09-27 19:28:17]	compilation failed at : "s:\STM32SSC\STM32\STM32SSC_Engine\Code\Test_Code\1_BDC_OpenLoop_Driver\BSP\motor.c", exit code: 1
command: 
  "R:\User_Download\Environment_Install\GNU Arm Toolchain\GNU Arm Embedded Toolchain\10 2021.10\bin\arm-none-eabi-gcc.exe" -c -xc -mthumb -std=c11 -I.eide/deps -ICore/Inc -IDrivers/STM32F4xx_HAL_Driver/Inc -IDrivers/STM32F4xx_HAL_Driver/Inc/Legacy -IDrivers/CMSIS/Device/ST/STM32F4xx/Include -IDrivers/CMSIS/Include -IBSP -ICore/Src -IDrivers/STM32F4xx_HAL_Driver/Src -DUSE_HAL_DRIVER -DSTM32F407xx -mfloat-abi=softfp -mfpu=fpv4-sp-d16 -mcpu=cortex-m4 -Og -Wall -g --specs=nosys.specs --specs=nano.specs -ffunction-sections -fdata-sections -o ./build/Debug/BSP/motor.o -MMD ./BSP/motor.c
   at unify_builder.Program.Main(String[] args_)
---
./BSP/motor.c: In function 'HAL_TIM_PeriodElapsedCallback':
./BSP/motor.c:136:9: error: 'encode' undeclared (first use in this function); did you mean 'encoder'?
  136 |         encode.encode_now = Motor_Get_Encode();
      |         ^~~~~~
      |         encoder
./BSP/motor.c:136:9: note: each undeclared identifier is reported only once for each function it appears in
./BSP/motor.c:136:29: warning: implicit declaration of function 'Motor_Get_Encode'; did you mean 'Motor_Get_Encoder'? [-Wimplicit-function-declaration]
  136 |         encode.encode_now = Motor_Get_Encode();
      |                             ^~~~~~~~~~~~~~~~
      |                             Motor_Get_Encoder
At top level:
./BSP/motor.c:108:12: warning: 'Motor_Get_Encoder' defined but not used [-Wunused-function]
  108 | static int Motor_Get_Encoder(void)
      |            ^~~~~~~~~~~~~~~~~

[2023-09-27 19:28:41]	[done]
	build successfully !

[2023-09-27 19:30:39]	[done]
	build successfully !

[2023-09-27 19:31:51]	[done]
	build successfully !

