[2024-08-05 17:23:42]	[info] incremental build: 41 source files changed
These source files will be recompiled
---
'e:\STM32SSC\STM32\STM32SSC_Engine\Code\Test_Code\4_PMSM\1_FOC\2_VF\Core\Src\adc.c': object (.o) file not exist
'e:\STM32SSC\STM32\STM32SSC_Engine\Code\Test_Code\4_PMSM\1_FOC\2_VF\Core\Src\comp.c': object (.o) file not exist
'e:\STM32SSC\STM32\STM32SSC_Engine\Code\Test_Code\4_PMSM\1_FOC\2_VF\Core\Src\dac.c': object (.o) file not exist
'e:\STM32SSC\STM32\STM32SSC_Engine\Code\Test_Code\4_PMSM\1_FOC\2_VF\Core\Src\gpio.c': object (.o) file not exist
'e:\STM32SSC\STM32\STM32SSC_Engine\Code\Test_Code\4_PMSM\1_FOC\2_VF\Core\Src\main.c': object (.o) file not exist
'e:\STM32SSC\STM32\STM32SSC_Engine\Code\Test_Code\4_PMSM\1_FOC\2_VF\Core\Src\opamp.c': object (.o) file not exist
'e:\STM32SSC\STM32\STM32SSC_Engine\Code\Test_Code\4_PMSM\1_FOC\2_VF\Core\Src\stm32g4xx_hal_msp.c': object (.o) file not exist
'e:\STM32SSC\STM32\STM32SSC_Engine\Code\Test_Code\4_PMSM\1_FOC\2_VF\Core\Src\stm32g4xx_it.c': object (.o) file not exist
'e:\STM32SSC\STM32\STM32SSC_Engine\Code\Test_Code\4_PMSM\1_FOC\2_VF\Core\Src\syscalls.c': object (.o) file not exist
'e:\STM32SSC\STM32\STM32SSC_Engine\Code\Test_Code\4_PMSM\1_FOC\2_VF\Core\Src\sysmem.c': object (.o) file not exist
'e:\STM32SSC\STM32\STM32SSC_Engine\Code\Test_Code\4_PMSM\1_FOC\2_VF\Core\Src\system_stm32g4xx.c': object (.o) file not exist
'e:\STM32SSC\STM32\STM32SSC_Engine\Code\Test_Code\4_PMSM\1_FOC\2_VF\Core\Src\tim.c': object (.o) file not exist
'e:\STM32SSC\STM32\STM32SSC_Engine\Code\Test_Code\4_PMSM\1_FOC\2_VF\Core\Src\usart.c': object (.o) file not exist
'e:\STM32SSC\STM32\STM32SSC_Engine\Code\Test_Code\4_PMSM\1_FOC\2_VF\Drivers\STM32G4xx_HAL_Driver\Src\stm32g4xx_hal.c': object (.o) file not exist
'e:\STM32SSC\STM32\STM32SSC_Engine\Code\Test_Code\4_PMSM\1_FOC\2_VF\Drivers\STM32G4xx_HAL_Driver\Src\stm32g4xx_hal_adc.c': object (.o) file not exist
'e:\STM32SSC\STM32\STM32SSC_Engine\Code\Test_Code\4_PMSM\1_FOC\2_VF\Drivers\STM32G4xx_HAL_Driver\Src\stm32g4xx_hal_adc_ex.c': object (.o) file not exist
'e:\STM32SSC\STM32\STM32SSC_Engine\Code\Test_Code\4_PMSM\1_FOC\2_VF\Drivers\STM32G4xx_HAL_Driver\Src\stm32g4xx_hal_comp.c': object (.o) file not exist
'e:\STM32SSC\STM32\STM32SSC_Engine\Code\Test_Code\4_PMSM\1_FOC\2_VF\Drivers\STM32G4xx_HAL_Driver\Src\stm32g4xx_hal_cortex.c': object (.o) file not exist
'e:\STM32SSC\STM32\STM32SSC_Engine\Code\Test_Code\4_PMSM\1_FOC\2_VF\Drivers\STM32G4xx_HAL_Driver\Src\stm32g4xx_hal_dac.c': object (.o) file not exist
'e:\STM32SSC\STM32\STM32SSC_Engine\Code\Test_Code\4_PMSM\1_FOC\2_VF\Drivers\STM32G4xx_HAL_Driver\Src\stm32g4xx_hal_dac_ex.c': object (.o) file not exist
'e:\STM32SSC\STM32\STM32SSC_Engine\Code\Test_Code\4_PMSM\1_FOC\2_VF\Drivers\STM32G4xx_HAL_Driver\Src\stm32g4xx_hal_dma.c': object (.o) file not exist
'e:\STM32SSC\STM32\STM32SSC_Engine\Code\Test_Code\4_PMSM\1_FOC\2_VF\Drivers\STM32G4xx_HAL_Driver\Src\stm32g4xx_hal_dma_ex.c': object (.o) file not exist
'e:\STM32SSC\STM32\STM32SSC_Engine\Code\Test_Code\4_PMSM\1_FOC\2_VF\Drivers\STM32G4xx_HAL_Driver\Src\stm32g4xx_hal_exti.c': object (.o) file not exist
'e:\STM32SSC\STM32\STM32SSC_Engine\Code\Test_Code\4_PMSM\1_FOC\2_VF\Drivers\STM32G4xx_HAL_Driver\Src\stm32g4xx_hal_flash.c': object (.o) file not exist
'e:\STM32SSC\STM32\STM32SSC_Engine\Code\Test_Code\4_PMSM\1_FOC\2_VF\Drivers\STM32G4xx_HAL_Driver\Src\stm32g4xx_hal_flash_ex.c': object (.o) file not exist
'e:\STM32SSC\STM32\STM32SSC_Engine\Code\Test_Code\4_PMSM\1_FOC\2_VF\Drivers\STM32G4xx_HAL_Driver\Src\stm32g4xx_hal_flash_ramfunc.c': object (.o) file not exist
'e:\STM32SSC\STM32\STM32SSC_Engine\Code\Test_Code\4_PMSM\1_FOC\2_VF\Drivers\STM32G4xx_HAL_Driver\Src\stm32g4xx_hal_gpio.c': object (.o) file not exist
'e:\STM32SSC\STM32\STM32SSC_Engine\Code\Test_Code\4_PMSM\1_FOC\2_VF\Drivers\STM32G4xx_HAL_Driver\Src\stm32g4xx_hal_opamp.c': object (.o) file not exist
'e:\STM32SSC\STM32\STM32SSC_Engine\Code\Test_Code\4_PMSM\1_FOC\2_VF\Drivers\STM32G4xx_HAL_Driver\Src\stm32g4xx_hal_opamp_ex.c': object (.o) file not exist
'e:\STM32SSC\STM32\STM32SSC_Engine\Code\Test_Code\4_PMSM\1_FOC\2_VF\Drivers\STM32G4xx_HAL_Driver\Src\stm32g4xx_hal_pwr.c': object (.o) file not exist
'e:\STM32SSC\STM32\STM32SSC_Engine\Code\Test_Code\4_PMSM\1_FOC\2_VF\Drivers\STM32G4xx_HAL_Driver\Src\stm32g4xx_hal_pwr_ex.c': object (.o) file not exist
'e:\STM32SSC\STM32\STM32SSC_Engine\Code\Test_Code\4_PMSM\1_FOC\2_VF\Drivers\STM32G4xx_HAL_Driver\Src\stm32g4xx_hal_rcc.c': object (.o) file not exist
'e:\STM32SSC\STM32\STM32SSC_Engine\Code\Test_Code\4_PMSM\1_FOC\2_VF\Drivers\STM32G4xx_HAL_Driver\Src\stm32g4xx_hal_rcc_ex.c': object (.o) file not exist
'e:\STM32SSC\STM32\STM32SSC_Engine\Code\Test_Code\4_PMSM\1_FOC\2_VF\Drivers\STM32G4xx_HAL_Driver\Src\stm32g4xx_hal_tim.c': object (.o) file not exist
'e:\STM32SSC\STM32\STM32SSC_Engine\Code\Test_Code\4_PMSM\1_FOC\2_VF\Drivers\STM32G4xx_HAL_Driver\Src\stm32g4xx_hal_tim_ex.c': object (.o) file not exist
'e:\STM32SSC\STM32\STM32SSC_Engine\Code\Test_Code\4_PMSM\1_FOC\2_VF\Drivers\STM32G4xx_HAL_Driver\Src\stm32g4xx_hal_uart.c': object (.o) file not exist
'e:\STM32SSC\STM32\STM32SSC_Engine\Code\Test_Code\4_PMSM\1_FOC\2_VF\Drivers\STM32G4xx_HAL_Driver\Src\stm32g4xx_hal_uart_ex.c': object (.o) file not exist
'e:\STM32SSC\STM32\STM32SSC_Engine\Code\Test_Code\4_PMSM\1_FOC\2_VF\Drivers\STM32G4xx_HAL_Driver\Src\stm32g4xx_ll_adc.c': object (.o) file not exist
'e:\STM32SSC\STM32\STM32SSC_Engine\Code\Test_Code\4_PMSM\1_FOC\2_VF\Usercode\userdebug.c': object (.o) file not exist
'e:\STM32SSC\STM32\STM32SSC_Engine\Code\Test_Code\4_PMSM\1_FOC\2_VF\Usercode\usermain.c': object (.o) file not exist
'e:\STM32SSC\STM32\STM32SSC_Engine\Code\Test_Code\4_PMSM\1_FOC\2_VF\startup_stm32g431xx.s': object (.o) file not exist

[2024-08-05 17:23:43]	compilation failed at : "e:\STM32SSC\STM32\STM32SSC_Engine\Code\Test_Code\4_PMSM\1_FOC\2_VF\Usercode\usermain.c", exit code: 1
command: 
  "D:\Environment_Install\GNU Arm Toolchain\GNU Arm Embedded Toolchain\10 2021.10\bin\arm-none-eabi-gcc.exe" -c -xc -mthumb -std=c11 -ICore/Inc -IDrivers/STM32G4xx_HAL_Driver/Inc -IDrivers/STM32G4xx_HAL_Driver/Inc/Legacy -IDrivers/CMSIS/Device/ST/STM32G4xx/Include -IDrivers/CMSIS/Include -IMiddlewares/ST/ARM/DSP/Inc -ICore/Src -IDrivers/STM32G4xx_HAL_Driver/Src -IMiddlewares/ST/ARM/DSP/Lib -IUsercode -DUSE_HAL_DRIVER -DSTM32G431xx -D__TARGET_FPU_VFP -DARM_MATH_CM4 -mfloat-abi=hard -mfpu=fpv4-sp-d16 -mcpu=cortex-m4 -Og -Wall -g --specs=nosys.specs --specs=nano.specs -u _printf_float -u _scanf_float -ffunction-sections -fdata-sections -o ./build/Debug/.obj/Usercode/usermain.o -MMD ./Usercode/usermain.c
   at unify_builder.Program.compileByMulThread(Int32 thrNum, CmdInfo[] cmds_, List`1 errLogs)
   at unify_builder.Program.Main(String[] args_)
---
./Usercode/usermain.c: In function 'HAL_GPIO_EXTI_Callback':
./Usercode/usermain.c:101:9: error: 'Button2_Pin' undeclared (first use in this function)
  101 |     if (Button2_Pin == GPIO_Pin) {
      |         ^~~~~~~~~~~
./Usercode/usermain.c:101:9: note: each undeclared identifier is reported only once for each function it appears in
./Usercode/usermain.c:109:9: error: 'Button3_Pin' undeclared (first use in this function)
  109 |     if (Button3_Pin == GPIO_Pin) {
      |         ^~~~~~~~~~~

[2024-08-05 17:24:54]	[info] incremental build: 12 source files changed
These source files will be recompiled
---
'e:\STM32SSC\STM32\STM32SSC_Engine\Code\Test_Code\4_PMSM\1_FOC\2_VF\Core\Src\adc.c': dependence 'e:\STM32SSC\STM32\STM32SSC_Engine\Code\Test_Code\4_PMSM\1_FOC\2_VF\Core\Inc\main.h' has been changed.
'e:\STM32SSC\STM32\STM32SSC_Engine\Code\Test_Code\4_PMSM\1_FOC\2_VF\Core\Src\comp.c': dependence 'e:\STM32SSC\STM32\STM32SSC_Engine\Code\Test_Code\4_PMSM\1_FOC\2_VF\Core\Inc\main.h' has been changed.
'e:\STM32SSC\STM32\STM32SSC_Engine\Code\Test_Code\4_PMSM\1_FOC\2_VF\Core\Src\dac.c': dependence 'e:\STM32SSC\STM32\STM32SSC_Engine\Code\Test_Code\4_PMSM\1_FOC\2_VF\Core\Inc\main.h' has been changed.
'e:\STM32SSC\STM32\STM32SSC_Engine\Code\Test_Code\4_PMSM\1_FOC\2_VF\Core\Src\gpio.c': source file has been changed.
'e:\STM32SSC\STM32\STM32SSC_Engine\Code\Test_Code\4_PMSM\1_FOC\2_VF\Core\Src\main.c': dependence 'e:\STM32SSC\STM32\STM32SSC_Engine\Code\Test_Code\4_PMSM\1_FOC\2_VF\Core\Inc\main.h' has been changed.
'e:\STM32SSC\STM32\STM32SSC_Engine\Code\Test_Code\4_PMSM\1_FOC\2_VF\Core\Src\opamp.c': dependence 'e:\STM32SSC\STM32\STM32SSC_Engine\Code\Test_Code\4_PMSM\1_FOC\2_VF\Core\Inc\main.h' has been changed.
'e:\STM32SSC\STM32\STM32SSC_Engine\Code\Test_Code\4_PMSM\1_FOC\2_VF\Core\Src\stm32g4xx_hal_msp.c': dependence 'e:\STM32SSC\STM32\STM32SSC_Engine\Code\Test_Code\4_PMSM\1_FOC\2_VF\Core\Inc\main.h' has been changed.
'e:\STM32SSC\STM32\STM32SSC_Engine\Code\Test_Code\4_PMSM\1_FOC\2_VF\Core\Src\stm32g4xx_it.c': source file has been changed.
'e:\STM32SSC\STM32\STM32SSC_Engine\Code\Test_Code\4_PMSM\1_FOC\2_VF\Core\Src\tim.c': dependence 'e:\STM32SSC\STM32\STM32SSC_Engine\Code\Test_Code\4_PMSM\1_FOC\2_VF\Core\Inc\main.h' has been changed.
'e:\STM32SSC\STM32\STM32SSC_Engine\Code\Test_Code\4_PMSM\1_FOC\2_VF\Core\Src\usart.c': dependence 'e:\STM32SSC\STM32\STM32SSC_Engine\Code\Test_Code\4_PMSM\1_FOC\2_VF\Core\Inc\main.h' has been changed.
'e:\STM32SSC\STM32\STM32SSC_Engine\Code\Test_Code\4_PMSM\1_FOC\2_VF\Usercode\userdebug.c': dependence 'e:\STM32SSC\STM32\STM32SSC_Engine\Code\Test_Code\4_PMSM\1_FOC\2_VF\Core\Inc\main.h' has been changed.
'e:\STM32SSC\STM32\STM32SSC_Engine\Code\Test_Code\4_PMSM\1_FOC\2_VF\Usercode\usermain.c': object (.o) file not exist

[2024-08-05 17:24:54]	link failed !, exit code: 1
   at unify_builder.Program.Main(String[] args_)
---
d:/environment_install/gnu arm toolchain/gnu arm embedded toolchain/10 2021.10/bin/../lib/gcc/arm-none-eabi/10.3.1/../../../../arm-none-eabi/bin/ld.exe: ./build/Debug/.obj/Usercode/userdebug.o: in function `_isatty':
e:\STM32SSC\STM32\STM32SSC_Engine\Code\Test_Code\4_PMSM\1_FOC\2_VF/./Usercode/userdebug.c:26: multiple definition of `_isatty'; ./build/Debug/.obj/Core/Src/syscalls.o:e:\STM32SSC\STM32\STM32SSC_Engine\Code\Test_Code\4_PMSM\1_FOC\2_VF/./Core/Src/syscalls.c:110: first defined here
d:/environment_install/gnu arm toolchain/gnu arm embedded toolchain/10 2021.10/bin/../lib/gcc/arm-none-eabi/10.3.1/../../../../arm-none-eabi/bin/ld.exe: ./build/Debug/.obj/Usercode/userdebug.o: in function `_close':
e:\STM32SSC\STM32\STM32SSC_Engine\Code\Test_Code\4_PMSM\1_FOC\2_VF/./Usercode/userdebug.c:47: multiple definition of `_close'; ./build/Debug/.obj/Core/Src/syscalls.o:e:\STM32SSC\STM32\STM32SSC_Engine\Code\Test_Code\4_PMSM\1_FOC\2_VF/./Core/Src/syscalls.c:96: first defined here
d:/environment_install/gnu arm toolchain/gnu arm embedded toolchain/10 2021.10/bin/../lib/gcc/arm-none-eabi/10.3.1/../../../../arm-none-eabi/bin/ld.exe: ./build/Debug/.obj/Usercode/userdebug.o: in function `_lseek':
e:\STM32SSC\STM32\STM32SSC_Engine\Code\Test_Code\4_PMSM\1_FOC\2_VF/./Usercode/userdebug.c:54: multiple definition of `_lseek'; ./build/Debug/.obj/Core/Src/syscalls.o:e:\STM32SSC\STM32\STM32SSC_Engine\Code\Test_Code\4_PMSM\1_FOC\2_VF/./Core/Src/syscalls.c:118: first defined here
d:/environment_install/gnu arm toolchain/gnu arm embedded toolchain/10 2021.10/bin/../lib/gcc/arm-none-eabi/10.3.1/../../../../arm-none-eabi/bin/ld.exe: ./build/Debug/.obj/Usercode/userdebug.o: in function `_fstat':
e:\STM32SSC\STM32\STM32SSC_Engine\Code\Test_Code\4_PMSM\1_FOC\2_VF/./Usercode/userdebug.c:77: multiple definition of `_fstat'; ./build/Debug/.obj/Core/Src/syscalls.o:e:\STM32SSC\STM32\STM32SSC_Engine\Code\Test_Code\4_PMSM\1_FOC\2_VF/./Core/Src/syscalls.c:102: first defined here
Memory region         Used Size  Region Size  %age Used
             RAM:        2800 B        32 KB      8.54%
           FLASH:       44516 B       112 KB     38.81%
collect2.exe: error: ld returned 1 exit status


[2024-08-05 17:25:17]	[info] incremental build: 1 source files changed
These source files will be recompiled
---
'e:\STM32SSC\STM32\STM32SSC_Engine\Code\Test_Code\4_PMSM\1_FOC\2_VF\Core\Src\syscalls.c': source file has been changed.

[2024-08-05 17:25:17]	[done]
	build successfully !

[2024-08-05 17:25:23]	[done]
	build successfully !

[2024-08-05 17:27:03]	[info] incremental build: 3 source files changed
These source files will be recompiled
---
'e:\STM32SSC\STM32\STM32SSC_Engine\Code\Test_Code\4_PMSM\1_FOC\2_VF\Core\Src\main.c': source file has been changed.
'e:\STM32SSC\STM32\STM32SSC_Engine\Code\Test_Code\4_PMSM\1_FOC\2_VF\MATLAB\VF_Mode.c': object (.o) file not exist
'e:\STM32SSC\STM32\STM32SSC_Engine\Code\Test_Code\4_PMSM\1_FOC\2_VF\Usercode\usermain.c': dependence 'e:\STM32SSC\STM32\STM32SSC_Engine\Code\Test_Code\4_PMSM\1_FOC\2_VF\Usercode\usermain.h' has been changed.

[2024-08-05 17:27:03]	compilation failed at : "e:\STM32SSC\STM32\STM32SSC_Engine\Code\Test_Code\4_PMSM\1_FOC\2_VF\Core\Src\main.c", exit code: 1
command: 
  "D:\Environment_Install\GNU Arm Toolchain\GNU Arm Embedded Toolchain\10 2021.10\bin\arm-none-eabi-gcc.exe" -c -xc -mthumb -std=c11 -ICore/Inc -IDrivers/STM32G4xx_HAL_Driver/Inc -IDrivers/STM32G4xx_HAL_Driver/Inc/Legacy -IDrivers/CMSIS/Device/ST/STM32G4xx/Include -IDrivers/CMSIS/Include -IMiddlewares/ST/ARM/DSP/Inc -ICore/Src -IDrivers/STM32G4xx_HAL_Driver/Src -IMiddlewares/ST/ARM/DSP/Lib -IUsercode -IMATLAB -DUSE_HAL_DRIVER -DSTM32G431xx -D__TARGET_FPU_VFP -DARM_MATH_CM4 -mfloat-abi=hard -mfpu=fpv4-sp-d16 -mcpu=cortex-m4 -Og -Wall -g --specs=nosys.specs --specs=nano.specs -u _printf_float -u _scanf_float -ffunction-sections -fdata-sections -o ./build/Debug/.obj/Core/Src/main.o -MMD ./Core/Src/main.c
   at unify_builder.Program.Main(String[] args_)
---
In file included from ./Core/Src/main.c:31:
Usercode/usermain.h:13:10: error: #include expects "FILENAME" or <FILENAME>
   13 | #include
      |          ^

[2024-08-05 17:27:11]	[info] incremental build: 3 source files changed
These source files will be recompiled
---
'e:\STM32SSC\STM32\STM32SSC_Engine\Code\Test_Code\4_PMSM\1_FOC\2_VF\Core\Src\main.c': source file has been changed.
'e:\STM32SSC\STM32\STM32SSC_Engine\Code\Test_Code\4_PMSM\1_FOC\2_VF\MATLAB\VF_Mode.c': object (.o) file not exist
'e:\STM32SSC\STM32\STM32SSC_Engine\Code\Test_Code\4_PMSM\1_FOC\2_VF\Usercode\usermain.c': dependence 'e:\STM32SSC\STM32\STM32SSC_Engine\Code\Test_Code\4_PMSM\1_FOC\2_VF\Usercode\usermain.h' has been changed.

[2024-08-05 17:27:11]	[done]
	build successfully !

[2024-08-05 17:30:01]	[info] incremental build: 2 source files changed
These source files will be recompiled
---
'e:\STM32SSC\STM32\STM32SSC_Engine\Code\Test_Code\4_PMSM\1_FOC\2_VF\Core\Src\main.c': source file has been changed.
'e:\STM32SSC\STM32\STM32SSC_Engine\Code\Test_Code\4_PMSM\1_FOC\2_VF\Usercode\usermain.c': source file has been changed.

[2024-08-05 17:30:01]	[done]
	build successfully !

[2024-08-05 17:34:25]	[info] incremental build: 1 source files changed
These source files will be recompiled
---
'e:\STM32SSC\STM32\STM32SSC_Engine\Code\Test_Code\4_PMSM\1_FOC\2_VF\Usercode\usermain.c': source file has been changed.

[2024-08-05 17:34:25]	link failed !, exit code: 1
   at unify_builder.Program.Main(String[] args_)
---
d:/environment_install/gnu arm toolchain/gnu arm embedded toolchain/10 2021.10/bin/../lib/gcc/arm-none-eabi/10.3.1/../../../../arm-none-eabi/bin/ld.exe: ./build/Debug/.obj/Usercode/usermain.o: in function `HAL_ADCEx_InjectedConvCpltCallback':
e:\STM32SSC\STM32\STM32SSC_Engine\Code\Test_Code\4_PMSM\1_FOC\2_VF/./Usercode/usermain.c:87: undefined reference to `VF_step'
Memory region         Used Size  Region Size  %age Used
             RAM:        2872 B        32 KB      8.76%
           FLASH:       47020 B       112 KB     41.00%
collect2.exe: error: ld returned 1 exit status


[2024-08-05 17:34:31]	[info] incremental build: 1 source files changed
These source files will be recompiled
---
'e:\STM32SSC\STM32\STM32SSC_Engine\Code\Test_Code\4_PMSM\1_FOC\2_VF\Usercode\usermain.c': source file has been changed.

[2024-08-05 17:34:31]	[done]
	build successfully !

[2024-08-05 17:37:34]	[info] incremental build: 1 source files changed
These source files will be recompiled
---
'e:\STM32SSC\STM32\STM32SSC_Engine\Code\Test_Code\4_PMSM\1_FOC\2_VF\Usercode\usermain.c': source file has been changed.

[2024-08-05 17:37:34]	[done]
	build successfully !

