Archive member included to satisfy reference by file (symbol)

r:/user_download/environment_install/gnu arm toolchain/gnu arm embedded toolchain/10 2021.10/bin/../lib/gcc/arm-none-eabi/10.3.1/thumb/v7e-m+fp/softfp\libgcc.a(_aeabi_uldivmod.o)
                              ./build/Debug/Drivers/STM32F4xx_HAL_Driver/Src/stm32f4xx_hal_rcc.o (__aeabi_uldivmod)
r:/user_download/environment_install/gnu arm toolchain/gnu arm embedded toolchain/10 2021.10/bin/../lib/gcc/arm-none-eabi/10.3.1/thumb/v7e-m+fp/softfp\libgcc.a(_udivmoddi4.o)
                              r:/user_download/environment_install/gnu arm toolchain/gnu arm embedded toolchain/10 2021.10/bin/../lib/gcc/arm-none-eabi/10.3.1/thumb/v7e-m+fp/softfp\libgcc.a(_aeabi_uldivmod.o) (__udivmoddi4)
r:/user_download/environment_install/gnu arm toolchain/gnu arm embedded toolchain/10 2021.10/bin/../lib/gcc/arm-none-eabi/10.3.1/thumb/v7e-m+fp/softfp\libgcc.a(_dvmd_tls.o)
                              r:/user_download/environment_install/gnu arm toolchain/gnu arm embedded toolchain/10 2021.10/bin/../lib/gcc/arm-none-eabi/10.3.1/thumb/v7e-m+fp/softfp\libgcc.a(_aeabi_uldivmod.o) (__aeabi_ldiv0)
r:/user_download/environment_install/gnu arm toolchain/gnu arm embedded toolchain/10 2021.10/bin/../lib/gcc/arm-none-eabi/10.3.1/../../../../arm-none-eabi/lib/thumb/v7e-m+fp/softfp\libc_nano.a(lib_a-errno.o)
                              ./build/Debug/BSP/io_retargetToUart.o (__errno)
r:/user_download/environment_install/gnu arm toolchain/gnu arm embedded toolchain/10 2021.10/bin/../lib/gcc/arm-none-eabi/10.3.1/../../../../arm-none-eabi/lib/thumb/v7e-m+fp/softfp\libc_nano.a(lib_a-exit.o)
                              r:/user_download/environment_install/gnu arm toolchain/gnu arm embedded toolchain/10 2021.10/bin/../lib/gcc/arm-none-eabi/10.3.1/../../../../arm-none-eabi/lib/thumb/v7e-m+fp/softfp/crt0.o (exit)
r:/user_download/environment_install/gnu arm toolchain/gnu arm embedded toolchain/10 2021.10/bin/../lib/gcc/arm-none-eabi/10.3.1/../../../../arm-none-eabi/lib/thumb/v7e-m+fp/softfp\libc_nano.a(lib_a-impure.o)
                              r:/user_download/environment_install/gnu arm toolchain/gnu arm embedded toolchain/10 2021.10/bin/../lib/gcc/arm-none-eabi/10.3.1/../../../../arm-none-eabi/lib/thumb/v7e-m+fp/softfp\libc_nano.a(lib_a-exit.o) (_global_impure_ptr)
r:/user_download/environment_install/gnu arm toolchain/gnu arm embedded toolchain/10 2021.10/bin/../lib/gcc/arm-none-eabi/10.3.1/../../../../arm-none-eabi/lib/thumb/v7e-m+fp/softfp\libc_nano.a(lib_a-init.o)
                              r:/user_download/environment_install/gnu arm toolchain/gnu arm embedded toolchain/10 2021.10/bin/../lib/gcc/arm-none-eabi/10.3.1/../../../../arm-none-eabi/lib/thumb/v7e-m+fp/softfp/crt0.o (__libc_init_array)
r:/user_download/environment_install/gnu arm toolchain/gnu arm embedded toolchain/10 2021.10/bin/../lib/gcc/arm-none-eabi/10.3.1/../../../../arm-none-eabi/lib/thumb/v7e-m+fp/softfp\libc_nano.a(lib_a-memset.o)
                              r:/user_download/environment_install/gnu arm toolchain/gnu arm embedded toolchain/10 2021.10/bin/../lib/gcc/arm-none-eabi/10.3.1/../../../../arm-none-eabi/lib/thumb/v7e-m+fp/softfp/crt0.o (memset)
r:/user_download/environment_install/gnu arm toolchain/gnu arm embedded toolchain/10 2021.10/bin/../lib/gcc/arm-none-eabi/10.3.1/../../../../arm-none-eabi/lib/thumb/v7e-m+fp/softfp\libnosys.a(_exit.o)
                              r:/user_download/environment_install/gnu arm toolchain/gnu arm embedded toolchain/10 2021.10/bin/../lib/gcc/arm-none-eabi/10.3.1/../../../../arm-none-eabi/lib/thumb/v7e-m+fp/softfp\libc_nano.a(lib_a-exit.o) (_exit)

Discarded input sections

 .text          0x00000000        0x0 r:/user_download/environment_install/gnu arm toolchain/gnu arm embedded toolchain/10 2021.10/bin/../lib/gcc/arm-none-eabi/10.3.1/thumb/v7e-m+fp/softfp/crti.o
 .data          0x00000000        0x0 r:/user_download/environment_install/gnu arm toolchain/gnu arm embedded toolchain/10 2021.10/bin/../lib/gcc/arm-none-eabi/10.3.1/thumb/v7e-m+fp/softfp/crti.o
 .bss           0x00000000        0x0 r:/user_download/environment_install/gnu arm toolchain/gnu arm embedded toolchain/10 2021.10/bin/../lib/gcc/arm-none-eabi/10.3.1/thumb/v7e-m+fp/softfp/crti.o
 .data          0x00000000        0x4 r:/user_download/environment_install/gnu arm toolchain/gnu arm embedded toolchain/10 2021.10/bin/../lib/gcc/arm-none-eabi/10.3.1/thumb/v7e-m+fp/softfp/crtbegin.o
 .rodata        0x00000000       0x24 r:/user_download/environment_install/gnu arm toolchain/gnu arm embedded toolchain/10 2021.10/bin/../lib/gcc/arm-none-eabi/10.3.1/thumb/v7e-m+fp/softfp/crtbegin.o
 .text          0x00000000       0x7c r:/user_download/environment_install/gnu arm toolchain/gnu arm embedded toolchain/10 2021.10/bin/../lib/gcc/arm-none-eabi/10.3.1/../../../../arm-none-eabi/lib/thumb/v7e-m+fp/softfp/crt0.o
[...]
Memory Configuration

Name             Origin             Length             Attributes
RAM              0x20000000         0x00020000         xrw
CCMRAM           0x10000000         0x00010000         xrw
FLASH            0x08000000         0x00080000         xr
*default*        0x00000000         0xffffffff

Linker script and memory map

LOAD r:/user_download/environment_install/gnu arm toolchain/gnu arm embedded toolchain/10 2021.10/bin/../lib/gcc/arm-none-eabi/10.3.1/thumb/v7e-m+fp/softfp/crti.o
LOAD r:/user_download/environment_install/gnu arm toolchain/gnu arm embedded toolchain/10 2021.10/bin/../lib/gcc/arm-none-eabi/10.3.1/thumb/v7e-m+fp/softfp/crtbegin.o
LOAD r:/user_download/environment_install/gnu arm toolchain/gnu arm embedded toolchain/10 2021.10/bin/../lib/gcc/arm-none-eabi/10.3.1/../../../../arm-none-eabi/lib/thumb/v7e-m+fp/softfp/crt0.o
LOAD ./build/Debug/BSP/io_retargetToUart.o
LOAD ./build/Debug/BSP/steer.o
LOAD ./build/Debug/Core/Src/gpio.o
LOAD ./build/Debug/Core/Src/main.o
LOAD ./build/Debug/Core/Src/stm32f4xx_hal_msp.o
LOAD ./build/Debug/Core/Src/stm32f4xx_it.o
LOAD ./build/Debug/Core/Src/system_stm32f4xx.o
LOAD ./build/Debug/Core/Src/tim.o
LOAD ./build/Debug/Core/Src/usart.o
LOAD ./build/Debug/Drivers/STM32F4xx_HAL_Driver/Src/stm32f4xx_hal.o
LOAD ./build/Debug/Drivers/STM32F4xx_HAL_Driver/Src/stm32f4xx_hal_cortex.o
LOAD ./build/Debug/Drivers/STM32F4xx_HAL_Driver/Src/stm32f4xx_hal_dma.o
LOAD ./build/Debug/Drivers/STM32F4xx_HAL_Driver/Src/stm32f4xx_hal_dma_ex.o
LOAD ./build/Debug/Drivers/STM32F4xx_HAL_Driver/Src/stm32f4xx_hal_exti.o
LOAD ./build/Debug/Drivers/STM32F4xx_HAL_Driver/Src/stm32f4xx_hal_flash.o
LOAD ./build/Debug/Drivers/STM32F4xx_HAL_Driver/Src/stm32f4xx_hal_flash_ex.o
LOAD ./build/Debug/Drivers/STM32F4xx_HAL_Driver/Src/stm32f4xx_hal_flash_ramfunc.o
LOAD ./build/Debug/Drivers/STM32F4xx_HAL_Driver/Src/stm32f4xx_hal_gpio.o
LOAD ./build/Debug/Drivers/STM32F4xx_HAL_Driver/Src/stm32f4xx_hal_pwr.o
LOAD ./build/Debug/Drivers/STM32F4xx_HAL_Driver/Src/stm32f4xx_hal_pwr_ex.o
LOAD ./build/Debug/Drivers/STM32F4xx_HAL_Driver/Src/stm32f4xx_hal_rcc.o
LOAD ./build/Debug/Drivers/STM32F4xx_HAL_Driver/Src/stm32f4xx_hal_rcc_ex.o
LOAD ./build/Debug/Drivers/STM32F4xx_HAL_Driver/Src/stm32f4xx_hal_tim.o
LOAD ./build/Debug/Drivers/STM32F4xx_HAL_Driver/Src/stm32f4xx_hal_tim_ex.o
LOAD ./build/Debug/Drivers/STM32F4xx_HAL_Driver/Src/stm32f4xx_hal_uart.o
LOAD ./build/Debug/startup_stm32f407xx.o
LOAD r:/user_download/environment_install/gnu arm toolchain/gnu arm embedded toolchain/10 2021.10/bin/../lib/gcc/arm-none-eabi/10.3.1/../../../../arm-none-eabi/lib/thumb/v7e-m+fp/softfp\libm.a
START GROUP
LOAD r:/user_download/environment_install/gnu arm toolchain/gnu arm embedded toolchain/10 2021.10/bin/../lib/gcc/arm-none-eabi/10.3.1/thumb/v7e-m+fp/softfp\libgcc.a
LOAD r:/user_download/environment_install/gnu arm toolchain/gnu arm embedded toolchain/10 2021.10/bin/../lib/gcc/arm-none-eabi/10.3.1/../../../../arm-none-eabi/lib/thumb/v7e-m+fp/softfp\libc_nano.a
END GROUP
START GROUP
LOAD r:/user_download/environment_install/gnu arm toolchain/gnu arm embedded toolchain/10 2021.10/bin/../lib/gcc/arm-none-eabi/10.3.1/thumb/v7e-m+fp/softfp\libgcc.a
LOAD r:/user_download/environment_install/gnu arm toolchain/gnu arm embedded toolchain/10 2021.10/bin/../lib/gcc/arm-none-eabi/10.3.1/../../../../arm-none-eabi/lib/thumb/v7e-m+fp/softfp\libc_nano.a
LOAD r:/user_download/environment_install/gnu arm toolchain/gnu arm embedded toolchain/10 2021.10/bin/../lib/gcc/arm-none-eabi/10.3.1/../../../../arm-none-eabi/lib/thumb/v7e-m+fp/softfp\libnosys.a
END GROUP
START GROUP
LOAD r:/user_download/environment_install/gnu arm toolchain/gnu arm embedded toolchain/10 2021.10/bin/../lib/gcc/arm-none-eabi/10.3.1/thumb/v7e-m+fp/softfp\libgcc.a
LOAD r:/user_download/environment_install/gnu arm toolchain/gnu arm embedded toolchain/10 2021.10/bin/../lib/gcc/arm-none-eabi/10.3.1/../../../../arm-none-eabi/lib/thumb/v7e-m+fp/softfp\libc_nano.a
LOAD r:/user_download/environment_install/gnu arm toolchain/gnu arm embedded toolchain/10 2021.10/bin/../lib/gcc/arm-none-eabi/10.3.1/../../../../arm-none-eabi/lib/thumb/v7e-m+fp/softfp\libnosys.a
END GROUP
LOAD r:/user_download/environment_install/gnu arm toolchain/gnu arm embedded toolchain/10 2021.10/bin/../lib/gcc/arm-none-eabi/10.3.1/thumb/v7e-m+fp/softfp/crtend.o
LOAD r:/user_download/environment_install/gnu arm toolchain/gnu arm embedded toolchain/10 2021.10/bin/../lib/gcc/arm-none-eabi/10.3.1/thumb/v7e-m+fp/softfp/crtn.o
                0x20020000                _estack = (ORIGIN (RAM) + LENGTH (RAM))
                0x00000200                _Min_Heap_Size = 0x200
                0x00000400                _Min_Stack_Size = 0x400

.isr_vector     0x08000000      0x188
                0x08000000                . = ALIGN (0x4)
 *(.isr_vector)
 .isr_vector    0x08000000      0x188 ./build/Debug/startup_stm32f407xx.o
                0x08000000                g_pfnVectors
                0x08000188                . = ALIGN (0x4)

.text           0x08000188     0x18d4
                0x08000188                . = ALIGN (0x4)
 *(.text)
 .text          0x08000188       0x40 r:/user_download/environment_install/gnu arm toolchain/gnu arm embedded toolchain/10 2021.10/bin/../lib/gcc/arm-none-eabi/10.3.1/thumb/v7e-m+fp/softfp/crtbegin.o
 .text          0x080001c8       0x30 r:/user_download/environment_install/gnu arm toolchain/gnu arm embedded toolchain/10 2021.10/bin/../lib/gcc/arm-none-eabi/10.3.1/thumb/v7e-m+fp/softfp\libgcc.a(_aeabi_uldivmod.o)
                0x080001c8                __aeabi_uldivmod
 .text          0x080001f8      0x2d0 r:/user_download/environment_install/gnu arm toolchain/gnu arm embedded toolchain/10 2021.10/bin/../lib/gcc/arm-none-eabi/10.3.1/thumb/v7e-m+fp/softfp\libgcc.a(_udivmoddi4.o)
                0x080001f8                __udivmoddi4
 .text          0x080004c8        0x4 r:/user_download/environment_install/gnu arm toolchain/gnu arm embedded toolchain/10 2021.10/bin/../lib/gcc/arm-none-eabi/10.3.1/thumb/v7e-m+fp/softfp\libgcc.a(_dvmd_tls.o)
                0x080004c8                __aeabi_idiv0
                0x080004c8                __aeabi_ldiv0
 *(.text*)
 .text.Servo_Control
                0x080004cc       0x34 ./build/Debug/BSP/steer.o
                0x080004cc                Servo_Control
 .text.Servo_Init
                0x08000500        0xa ./build/Debug/BSP/steer.o
                0x08000500                Servo_Init
 *fill*         0x0800050a        0x2 
 .text.MX_GPIO_Init
                0x0800050c       0x38 ./build/Debug/Core/Src/gpio.o
                0x0800050c                MX_GPIO_Init
 .text.Error_Handler
                0x08000544        0x4 ./build/Debug/Core/Src/main.o
                0x08000544                Error_Handler
 .text.SystemClock_Config
                0x08000548       0xac ./build/Debug/Core/Src/main.o
                0x08000548                SystemClock_Config
 .text.main     0x080005f4       0x54 ./build/Debug/Core/Src/main.o
                0x080005f4                main
 .text.HAL_MspInit
                0x08000648       0x38 ./build/Debug/Core/Src/stm32f4xx_hal_msp.o
                0x08000648                HAL_MspInit
 .text.NMI_Handler
                0x08000680        0x2 ./build/Debug/Core/Src/stm32f4xx_it.o
                0x08000680                NMI_Handler
 .text.HardFault_Handler
                0x08000682        0x2 ./build/Debug/Core/Src/stm32f4xx_it.o
                0x08000682                HardFault_Handler
 .text.MemManage_Handler
                0x08000684        0x2 ./build/Debug/Core/Src/stm32f4xx_it.o
                0x08000684                MemManage_Handler
 .text.BusFault_Handler
                0x08000686        0x2 ./build/Debug/Core/Src/stm32f4xx_it.o
                0x08000686                BusFault_Handler
 .text.UsageFault_Handler
                0x08000688        0x2 ./build/Debug/Core/Src/stm32f4xx_it.o
                0x08000688                UsageFault_Handler
 .text.SVC_Handler
                0x0800068a        0x2 ./build/Debug/Core/Src/stm32f4xx_it.o
                0x0800068a                SVC_Handler
 .text.DebugMon_Handler
                0x0800068c        0x2 ./build/Debug/Core/Src/stm32f4xx_it.o
                0x0800068c                DebugMon_Handler
 .text.PendSV_Handler
                0x0800068e        0x2 ./build/Debug/Core/Src/stm32f4xx_it.o
                0x0800068e                PendSV_Handler
 .text.SysTick_Handler
                0x08000690        0x8 ./build/Debug/Core/Src/stm32f4xx_it.o
                0x08000690                SysTick_Handler
 .text.SystemInit
                0x08000698       0x14 ./build/Debug/Core/Src/system_stm32f4xx.o
                0x08000698                SystemInit
 .text.HAL_TIM_Base_MspInit
                0x080006ac       0x2c ./build/Debug/Core/Src/tim.o
                0x080006ac                HAL_TIM_Base_MspInit
 .text.HAL_TIM_MspPostInit
                0x080006d8       0x54 ./build/Debug/Core/Src/tim.o
                0x080006d8                HAL_TIM_MspPostInit
 .text.MX_TIM2_Init
                0x0800072c       0xb0 ./build/Debug/Core/Src/tim.o
                0x0800072c                MX_TIM2_Init
 .text.MX_USART1_UART_Init
                0x080007dc       0x34 ./build/Debug/Core/Src/usart.o
                0x080007dc                MX_USART1_UART_Init
 .text.HAL_UART_MspInit
                0x08000810       0x74 ./build/Debug/Core/Src/usart.o
                0x08000810                HAL_UART_MspInit
 .text.HAL_InitTick
                0x08000884       0x4c ./build/Debug/Drivers/STM32F4xx_HAL_Driver/Src/stm32f4xx_hal.o
                0x08000884                HAL_InitTick
 .text.HAL_Init
                0x080008d0       0x34 ./build/Debug/Drivers/STM32F4xx_HAL_Driver/Src/stm32f4xx_hal.o
                0x080008d0                HAL_Init
 .text.HAL_IncTick
                0x08000904       0x18 ./build/Debug/Drivers/STM32F4xx_HAL_Driver/Src/stm32f4xx_hal.o
                0x08000904                HAL_IncTick
 .text.HAL_GetTick
                0x0800091c        0xc ./build/Debug/Drivers/STM32F4xx_HAL_Driver/Src/stm32f4xx_hal.o
                0x0800091c                HAL_GetTick
 .text.HAL_Delay
                0x08000928       0x28 ./build/Debug/Drivers/STM32F4xx_HAL_Driver/Src/stm32f4xx_hal.o
                0x08000928                HAL_Delay
 .text.HAL_NVIC_SetPriorityGrouping
                0x08000950       0x24 ./build/Debug/Drivers/STM32F4xx_HAL_Driver/Src/stm32f4xx_hal_cortex.o
                0x08000950                HAL_NVIC_SetPriorityGrouping
 .text.HAL_NVIC_SetPriority
                0x08000974       0x70 ./build/Debug/Drivers/STM32F4xx_HAL_Driver/Src/stm32f4xx_hal_cortex.o
                0x08000974                HAL_NVIC_SetPriority
 .text.HAL_SYSTICK_Config
                0x080009e4       0x28 ./build/Debug/Drivers/STM32F4xx_HAL_Driver/Src/stm32f4xx_hal_cortex.o
                0x080009e4                HAL_SYSTICK_Config
 .text.HAL_GPIO_Init
                0x08000a0c      0x1e4 ./build/Debug/Drivers/STM32F4xx_HAL_Driver/Src/stm32f4xx_hal_gpio.o
                0x08000a0c                HAL_GPIO_Init
 .text.HAL_RCC_OscConfig
                0x08000bf0      0x3f8 ./build/Debug/Drivers/STM32F4xx_HAL_Driver/Src/stm32f4xx_hal_rcc.o
                0x08000bf0                HAL_RCC_OscConfig
 .text.HAL_RCC_GetSysClockFreq
                0x08000fe8       0xa4 ./build/Debug/Drivers/STM32F4xx_HAL_Driver/Src/stm32f4xx_hal_rcc.o
                0x08000fe8                HAL_RCC_GetSysClockFreq
 .text.HAL_RCC_ClockConfig
                0x0800108c      0x160 ./build/Debug/Drivers/STM32F4xx_HAL_Driver/Src/stm32f4xx_hal_rcc.o
                0x0800108c                HAL_RCC_ClockConfig
 .text.HAL_RCC_GetHCLKFreq
                0x080011ec        0xc ./build/Debug/Drivers/STM32F4xx_HAL_Driver/Src/stm32f4xx_hal_rcc.o
                0x080011ec                HAL_RCC_GetHCLKFreq
 .text.HAL_RCC_GetPCLK1Freq
                0x080011f8       0x20 ./build/Debug/Drivers/STM32F4xx_HAL_Driver/Src/stm32f4xx_hal_rcc.o
                0x080011f8                HAL_RCC_GetPCLK1Freq
 .text.HAL_RCC_GetPCLK2Freq
                0x08001218       0x20 ./build/Debug/Drivers/STM32F4xx_HAL_Driver/Src/stm32f4xx_hal_rcc.o
                0x08001218                HAL_RCC_GetPCLK2Freq
 .text.TIM_OC1_SetConfig
                0x08001238       0x68 ./build/Debug/Drivers/STM32F4xx_HAL_Driver/Src/stm32f4xx_hal_tim.o
 .text.TIM_OC3_SetConfig
                0x080012a0       0x70 ./build/Debug/Drivers/STM32F4xx_HAL_Driver/Src/stm32f4xx_hal_tim.o
 .text.TIM_OC4_SetConfig
                0x08001310       0x50 ./build/Debug/Drivers/STM32F4xx_HAL_Driver/Src/stm32f4xx_hal_tim.o
 .text.TIM_TI1_ConfigInputStage
                0x08001360       0x26 ./build/Debug/Drivers/STM32F4xx_HAL_Driver/Src/stm32f4xx_hal_tim.o
 .text.TIM_TI2_ConfigInputStage
                0x08001386       0x28 ./build/Debug/Drivers/STM32F4xx_HAL_Driver/Src/stm32f4xx_hal_tim.o
 .text.TIM_ITRx_SetConfig
                0x080013ae       0x10 ./build/Debug/Drivers/STM32F4xx_HAL_Driver/Src/stm32f4xx_hal_tim.o
 .text.HAL_TIM_PWM_MspInit
                0x080013be        0x2 ./build/Debug/Drivers/STM32F4xx_HAL_Driver/Src/stm32f4xx_hal_tim.o
                0x080013be                HAL_TIM_PWM_MspInit
 .text.TIM_Base_SetConfig
                0x080013c0       0xc8 ./build/Debug/Drivers/STM32F4xx_HAL_Driver/Src/stm32f4xx_hal_tim.o
                0x080013c0                TIM_Base_SetConfig
 .text.HAL_TIM_Base_Init
                0x08001488       0x58 ./build/Debug/Drivers/STM32F4xx_HAL_Driver/Src/stm32f4xx_hal_tim.o
                0x08001488                HAL_TIM_Base_Init
 .text.HAL_TIM_PWM_Init
                0x080014e0       0x58 ./build/Debug/Drivers/STM32F4xx_HAL_Driver/Src/stm32f4xx_hal_tim.o
                0x080014e0                HAL_TIM_PWM_Init
 .text.TIM_OC2_SetConfig
                0x08001538       0x70 ./build/Debug/Drivers/STM32F4xx_HAL_Driver/Src/stm32f4xx_hal_tim.o
                0x08001538                TIM_OC2_SetConfig
 .text.HAL_TIM_PWM_ConfigChannel
                0x080015a8       0xdc ./build/Debug/Drivers/STM32F4xx_HAL_Driver/Src/stm32f4xx_hal_tim.o
                0x080015a8                HAL_TIM_PWM_ConfigChannel
 .text.TIM_ETR_SetConfig
                0x08001684       0x1a ./build/Debug/Drivers/STM32F4xx_HAL_Driver/Src/stm32f4xx_hal_tim.o
                0x08001684                TIM_ETR_SetConfig
 .text.HAL_TIM_ConfigClockSource
                0x0800169e       0xfe ./build/Debug/Drivers/STM32F4xx_HAL_Driver/Src/stm32f4xx_hal_tim.o
                0x0800169e                HAL_TIM_ConfigClockSource
 .text.HAL_TIMEx_MasterConfigSynchronization
                0x0800179c       0x8c ./build/Debug/Drivers/STM32F4xx_HAL_Driver/Src/stm32f4xx_hal_tim_ex.o
                0x0800179c                HAL_TIMEx_MasterConfigSynchronization
 .text.UART_SetConfig
                0x08001828      0x110 ./build/Debug/Drivers/STM32F4xx_HAL_Driver/Src/stm32f4xx_hal_uart.o
 .text.HAL_UART_Init
                0x08001938       0x5e ./build/Debug/Drivers/STM32F4xx_HAL_Driver/Src/stm32f4xx_hal_uart.o
                0x08001938                HAL_UART_Init
 *fill*         0x08001996        0x2 
 .text.Reset_Handler
                0x08001998       0x50 ./build/Debug/startup_stm32f407xx.o
                0x08001998                Reset_Handler
 .text.Default_Handler
                0x080019e8        0x2 ./build/Debug/startup_stm32f407xx.o
                0x080019e8                RTC_Alarm_IRQHandler
                0x080019e8                HASH_RNG_IRQHandler
                0x080019e8                EXTI2_IRQHandler
                0x080019e8                TIM8_CC_IRQHandler
                0x080019e8                TIM1_CC_IRQHandler
                0x080019e8                DMA2_Stream5_IRQHandler
                0x080019e8                DMA1_Stream5_IRQHandler
                0x080019e8                PVD_IRQHandler
                0x080019e8                SDIO_IRQHandler
                0x080019e8                TAMP_STAMP_IRQHandler
                0x080019e8                CAN2_RX1_IRQHandler
                0x080019e8                EXTI3_IRQHandler
                0x080019e8                TIM8_TRG_COM_TIM14_IRQHandler
                0x080019e8                TIM1_UP_TIM10_IRQHandler
                0x080019e8                TIM8_UP_TIM13_IRQHandler
                0x080019e8                I2C3_ER_IRQHandler
                0x080019e8                EXTI0_IRQHandler
                0x080019e8                I2C2_EV_IRQHandler
                0x080019e8                DMA1_Stream2_IRQHandler
                0x080019e8                CAN1_RX0_IRQHandler
                0x080019e8                FPU_IRQHandler
                0x080019e8                OTG_HS_WKUP_IRQHandler
                0x080019e8                CAN2_SCE_IRQHandler
                0x080019e8                DMA2_Stream2_IRQHandler
                0x080019e8                SPI1_IRQHandler
                0x080019e8                TIM6_DAC_IRQHandler
                0x080019e8                TIM1_BRK_TIM9_IRQHandler
                0x080019e8                DCMI_IRQHandler
                0x080019e8                CAN2_RX0_IRQHandler
                0x080019e8                DMA2_Stream3_IRQHandler
                0x080019e8                USART6_IRQHandler
                0x080019e8                USART3_IRQHandler
                0x080019e8                CAN1_RX1_IRQHandler
                0x080019e8                UART5_IRQHandler
                0x080019e8                DMA2_Stream0_IRQHandler
                0x080019e8                TIM4_IRQHandler
                0x080019e8                I2C1_EV_IRQHandler
                0x080019e8                DMA1_Stream6_IRQHandler
                0x080019e8                DMA1_Stream1_IRQHandler
                0x080019e8                UART4_IRQHandler
                0x080019e8                TIM3_IRQHandler
                0x080019e8                RCC_IRQHandler
                0x080019e8                TIM8_BRK_TIM12_IRQHandler
                0x080019e8                Default_Handler
                0x080019e8                EXTI15_10_IRQHandler
                0x080019e8                ADC_IRQHandler
                0x080019e8                DMA1_Stream7_IRQHandler
                0x080019e8                TIM7_IRQHandler
                0x080019e8                CAN2_TX_IRQHandler
                0x080019e8                TIM5_IRQHandler
                0x080019e8                DMA2_Stream7_IRQHandler
                0x080019e8                I2C3_EV_IRQHandler
                0x080019e8                EXTI9_5_IRQHandler
                0x080019e8                RTC_WKUP_IRQHandler
                0x080019e8                ETH_WKUP_IRQHandler
                0x080019e8                SPI2_IRQHandler
                0x080019e8                OTG_HS_EP1_IN_IRQHandler
                0x080019e8                DMA1_Stream0_IRQHandler
                0x080019e8                CAN1_TX_IRQHandler
                0x080019e8                EXTI4_IRQHandler
                0x080019e8                FSMC_IRQHandler
                0x080019e8                ETH_IRQHandler
                0x080019e8                OTG_HS_EP1_OUT_IRQHandler
                0x080019e8                WWDG_IRQHandler
                0x080019e8                TIM2_IRQHandler
                0x080019e8                OTG_FS_WKUP_IRQHandler
                0x080019e8                TIM1_TRG_COM_TIM11_IRQHandler
                0x080019e8                OTG_HS_IRQHandler
                0x080019e8                EXTI1_IRQHandler
                0x080019e8                USART2_IRQHandler
                0x080019e8                I2C2_ER_IRQHandler
                0x080019e8                DMA2_Stream1_IRQHandler
                0x080019e8                CAN1_SCE_IRQHandler
                0x080019e8                FLASH_IRQHandler
                0x080019e8                DMA2_Stream4_IRQHandler
                0x080019e8                USART1_IRQHandler
                0x080019e8                OTG_FS_IRQHandler
                0x080019e8                SPI3_IRQHandler
                0x080019e8                DMA1_Stream4_IRQHandler
                0x080019e8                I2C1_ER_IRQHandler
                0x080019e8                DMA2_Stream6_IRQHandler
                0x080019e8                DMA1_Stream3_IRQHandler
 *fill*         0x080019ea        0x2 
 .text.__libc_init_array
                0x080019ec       0x48 r:/user_download/environment_install/gnu arm toolchain/gnu arm embedded toolchain/10 2021.10/bin/../lib/gcc/arm-none-eabi/10.3.1/../../../../arm-none-eabi/lib/thumb/v7e-m+fp/softfp\libc_nano.a(lib_a-init.o)
                0x080019ec                __libc_init_array
 .text.memset   0x08001a34       0x10 r:/user_download/environment_install/gnu arm toolchain/gnu arm embedded toolchain/10 2021.10/bin/../lib/gcc/arm-none-eabi/10.3.1/../../../../arm-none-eabi/lib/thumb/v7e-m+fp/softfp\libc_nano.a(lib_a-memset.o)
                0x08001a34                memset
 *(.glue_7)
 .glue_7        0x08001a44        0x0 linker stubs
 *(.glue_7t)
 .glue_7t       0x08001a44        0x0 linker stubs
 *(.eh_frame)
 .eh_frame      0x08001a44        0x0 r:/user_download/environment_install/gnu arm toolchain/gnu arm embedded toolchain/10 2021.10/bin/../lib/gcc/arm-none-eabi/10.3.1/thumb/v7e-m+fp/softfp/crtbegin.o
 *(.init)
 .init          0x08001a44        0x4 r:/user_download/environment_install/gnu arm toolchain/gnu arm embedded toolchain/10 2021.10/bin/../lib/gcc/arm-none-eabi/10.3.1/thumb/v7e-m+fp/softfp/crti.o
                0x08001a44                _init
 .init          0x08001a48        0x8 r:/user_download/environment_install/gnu arm toolchain/gnu arm embedded toolchain/10 2021.10/bin/../lib/gcc/arm-none-eabi/10.3.1/thumb/v7e-m+fp/softfp/crtn.o
 *(.fini)
 .fini          0x08001a50        0x4 r:/user_download/environment_install/gnu arm toolchain/gnu arm embedded toolchain/10 2021.10/bin/../lib/gcc/arm-none-eabi/10.3.1/thumb/v7e-m+fp/softfp/crti.o
                0x08001a50                _fini
 .fini          0x08001a54        0x8 r:/user_download/environment_install/gnu arm toolchain/gnu arm embedded toolchain/10 2021.10/bin/../lib/gcc/arm-none-eabi/10.3.1/thumb/v7e-m+fp/softfp/crtn.o
                0x08001a5c                . = ALIGN (0x4)
                0x08001a5c                _etext = .

.vfp11_veneer   0x08001a5c        0x0
 .vfp11_veneer  0x08001a5c        0x0 linker stubs

.v4_bx          0x08001a5c        0x0
 .v4_bx         0x08001a5c        0x0 linker stubs

.iplt           0x08001a5c        0x0
 .iplt          0x08001a5c        0x0 r:/user_download/environment_install/gnu arm toolchain/gnu arm embedded toolchain/10 2021.10/bin/../lib/gcc/arm-none-eabi/10.3.1/thumb/v7e-m+fp/softfp/crtbegin.o

.rodata         0x08001a5c       0x18
                0x08001a5c                . = ALIGN (0x4)
 *(.rodata)
 *(.rodata*)
 .rodata.AHBPrescTable
                0x08001a5c       0x10 ./build/Debug/Core/Src/system_stm32f4xx.o
                0x08001a5c                AHBPrescTable
 .rodata.APBPrescTable
                0x08001a6c        0x8 ./build/Debug/Core/Src/system_stm32f4xx.o
                0x08001a6c                APBPrescTable
                0x08001a74                . = ALIGN (0x4)

.ARM.extab
 *(.ARM.extab* .gnu.linkonce.armextab.*)

.ARM            0x08001a74        0x8
                0x08001a74                __exidx_start = .
 *(.ARM.exidx*)
 .ARM.exidx     0x08001a74        0x8 r:/user_download/environment_install/gnu arm toolchain/gnu arm embedded toolchain/10 2021.10/bin/../lib/gcc/arm-none-eabi/10.3.1/thumb/v7e-m+fp/softfp\libgcc.a(_udivmoddi4.o)
                0x08001a7c                __exidx_end = .

.rel.dyn        0x08001a7c        0x0
 .rel.iplt      0x08001a7c        0x0 r:/user_download/environment_install/gnu arm toolchain/gnu arm embedded toolchain/10 2021.10/bin/../lib/gcc/arm-none-eabi/10.3.1/thumb/v7e-m+fp/softfp/crtbegin.o

.preinit_array  0x08001a7c        0x0
                0x08001a7c                PROVIDE (__preinit_array_start = .)
 *(.preinit_array*)
                0x08001a7c                PROVIDE (__preinit_array_end = .)

.init_array     0x08001a7c        0x4
                0x08001a7c                PROVIDE (__init_array_start = .)
 *(SORT_BY_NAME(.init_array.*))
 *(.init_array*)
 .init_array    0x08001a7c        0x4 r:/user_download/environment_install/gnu arm toolchain/gnu arm embedded toolchain/10 2021.10/bin/../lib/gcc/arm-none-eabi/10.3.1/thumb/v7e-m+fp/softfp/crtbegin.o
                0x08001a80                PROVIDE (__init_array_end = .)

.fini_array     0x08001a80        0x4
                [!provide]                PROVIDE (__fini_array_start = .)
 *(SORT_BY_NAME(.fini_array.*))
 *(.fini_array*)
 .fini_array    0x08001a80        0x4 r:/user_download/environment_install/gnu arm toolchain/gnu arm embedded toolchain/10 2021.10/bin/../lib/gcc/arm-none-eabi/10.3.1/thumb/v7e-m+fp/softfp/crtbegin.o
                [!provide]                PROVIDE (__fini_array_end = .)
                0x08001a84                _sidata = LOADADDR (.data)

.data           0x20000000        0xc load address 0x08001a84
                0x20000000                . = ALIGN (0x4)
                0x20000000                _sdata = .
 *(.data)
 *(.data*)
 .data.SystemCoreClock
                0x20000000        0x4 ./build/Debug/Core/Src/system_stm32f4xx.o
                0x20000000                SystemCoreClock
 .data.uwTickFreq
                0x20000004        0x1 ./build/Debug/Drivers/STM32F4xx_HAL_Driver/Src/stm32f4xx_hal.o
                0x20000004                uwTickFreq
 *fill*         0x20000005        0x3 
 .data.uwTickPrio
                0x20000008        0x4 ./build/Debug/Drivers/STM32F4xx_HAL_Driver/Src/stm32f4xx_hal.o
                0x20000008                uwTickPrio
                0x2000000c                . = ALIGN (0x4)
                0x2000000c                _edata = .
                0x08001a90                _siccmram = LOADADDR (.ccmram)

.igot.plt       0x2000000c        0x0 load address 0x08001a90
 .igot.plt      0x2000000c        0x0 r:/user_download/environment_install/gnu arm toolchain/gnu arm embedded toolchain/10 2021.10/bin/../lib/gcc/arm-none-eabi/10.3.1/thumb/v7e-m+fp/softfp/crtbegin.o

.ccmram         0x10000000        0x0 load address 0x08001a90
                0x10000000                . = ALIGN (0x4)
                0x10000000                _sccmram = .
 *(.ccmram)
 *(.ccmram*)
                0x10000000                . = ALIGN (0x4)
                0x10000000                _eccmram = .
                0x10000000                . = ALIGN (0x4)

.bss            0x2000000c       0xac
                0x2000000c                _sbss = .
                0x2000000c                __bss_start__ = _sbss
 *(.bss)
 .bss           0x2000000c       0x1c r:/user_download/environment_install/gnu arm toolchain/gnu arm embedded toolchain/10 2021.10/bin/../lib/gcc/arm-none-eabi/10.3.1/thumb/v7e-m+fp/softfp/crtbegin.o
 *(.bss*)
 .bss.htim2     0x20000028       0x48 ./build/Debug/Core/Src/tim.o
                0x20000028                htim2
 .bss.huart1    0x20000070       0x44 ./build/Debug/Core/Src/usart.o
                0x20000070                huart1
 .bss.uwTick    0x200000b4        0x4 ./build/Debug/Drivers/STM32F4xx_HAL_Driver/Src/stm32f4xx_hal.o
                0x200000b4                uwTick
 *(COMMON)
                0x200000b8                . = ALIGN (0x4)
                0x200000b8                _ebss = .
                0x200000b8                __bss_end__ = _ebss

._user_heap_stack
                0x200000b8      0x600
                0x200000b8                . = ALIGN (0x8)
                [!provide]                PROVIDE (end = .)
                [!provide]                PROVIDE (_end = .)
                0x200002b8                . = (. + _Min_Heap_Size)
 *fill*         0x200000b8      0x200 
                0x200006b8                . = (. + _Min_Stack_Size)
 *fill*         0x200002b8      0x400 
                0x200006b8                . = ALIGN (0x8)

/DISCARD/
 libc.a(*)
 libm.a(*)
 libgcc.a(*)

.ARM.attributes
                0x00000000       0x2e
 *(.ARM.attributes)
 .ARM.attributes
                0x00000000       0x1e r:/user_download/environment_install/gnu arm toolchain/gnu arm embedded toolchain/10 2021.10/bin/../lib/gcc/arm-none-eabi/10.3.1/thumb/v7e-m+fp/softfp/crti.o
 .ARM.attributes
                0x0000001e       0x32 r:/user_download/environment_install/gnu arm toolchain/gnu arm embedded toolchain/10 2021.10/bin/../lib/gcc/arm-none-eabi/10.3.1/thumb/v7e-m+fp/softfp/crtbegin.o
 .ARM.attributes
                0x00000050       0x32 ./build/Debug/BSP/steer.o
 .ARM.attributes
                0x00000082       0x32 ./build/Debug/Core/Src/gpio.o
 .ARM.attributes
                0x000000b4       0x32 ./build/Debug/Core/Src/main.o
 .ARM.attributes
                0x000000e6       0x32 ./build/Debug/Core/Src/stm32f4xx_hal_msp.o
 .ARM.attributes
                0x00000118       0x32 ./build/Debug/Core/Src/stm32f4xx_it.o
 .ARM.attributes
                0x0000014a       0x32 ./build/Debug/Core/Src/system_stm32f4xx.o
 .ARM.attributes
                0x0000017c       0x32 ./build/Debug/Core/Src/tim.o
 .ARM.attributes
                0x000001ae       0x32 ./build/Debug/Core/Src/usart.o
 .ARM.attributes
                0x000001e0       0x32 ./build/Debug/Drivers/STM32F4xx_HAL_Driver/Src/stm32f4xx_hal.o
 .ARM.attributes
                0x00000212       0x32 ./build/Debug/Drivers/STM32F4xx_HAL_Driver/Src/stm32f4xx_hal_cortex.o
 .ARM.attributes
                0x00000244       0x32 ./build/Debug/Drivers/STM32F4xx_HAL_Driver/Src/stm32f4xx_hal_gpio.o
 .ARM.attributes
                0x00000276       0x32 ./build/Debug/Drivers/STM32F4xx_HAL_Driver/Src/stm32f4xx_hal_rcc.o
 .ARM.attributes
                0x000002a8       0x32 ./build/Debug/Drivers/STM32F4xx_HAL_Driver/Src/stm32f4xx_hal_tim.o
 .ARM.attributes
                0x000002da       0x32 ./build/Debug/Drivers/STM32F4xx_HAL_Driver/Src/stm32f4xx_hal_tim_ex.o
 .ARM.attributes
                0x0000030c       0x32 ./build/Debug/Drivers/STM32F4xx_HAL_Driver/Src/stm32f4xx_hal_uart.o
 .ARM.attributes
                0x0000033e       0x21 ./build/Debug/startup_stm32f407xx.o
 .ARM.attributes
                0x0000035f       0x1e r:/user_download/environment_install/gnu arm toolchain/gnu arm embedded toolchain/10 2021.10/bin/../lib/gcc/arm-none-eabi/10.3.1/thumb/v7e-m+fp/softfp\libgcc.a(_aeabi_uldivmod.o)
 .ARM.attributes
                0x0000037d       0x32 r:/user_download/environment_install/gnu arm toolchain/gnu arm embedded toolchain/10 2021.10/bin/../lib/gcc/arm-none-eabi/10.3.1/thumb/v7e-m+fp/softfp\libgcc.a(_udivmoddi4.o)
 .ARM.attributes
                0x000003af       0x1e r:/user_download/environment_install/gnu arm toolchain/gnu arm embedded toolchain/10 2021.10/bin/../lib/gcc/arm-none-eabi/10.3.1/thumb/v7e-m+fp/softfp\libgcc.a(_dvmd_tls.o)
 .ARM.attributes
                0x000003cd       0x32 r:/user_download/environment_install/gnu arm toolchain/gnu arm embedded toolchain/10 2021.10/bin/../lib/gcc/arm-none-eabi/10.3.1/../../../../arm-none-eabi/lib/thumb/v7e-m+fp/softfp\libc_nano.a(lib_a-init.o)
 .ARM.attributes
                0x000003ff       0x32 r:/user_download/environment_install/gnu arm toolchain/gnu arm embedded toolchain/10 2021.10/bin/../lib/gcc/arm-none-eabi/10.3.1/../../../../arm-none-eabi/lib/thumb/v7e-m+fp/softfp\libc_nano.a(lib_a-memset.o)
 .ARM.attributes
                0x00000431       0x1e r:/user_download/environment_install/gnu arm toolchain/gnu arm embedded toolchain/10 2021.10/bin/../lib/gcc/arm-none-eabi/10.3.1/thumb/v7e-m+fp/softfp/crtn.o
OUTPUT(./build/Debug/3_Steer_Engine.elf elf32-littlearm)
LOAD linker stubs
LOAD r:/user_download/environment_install/gnu arm toolchain/gnu arm embedded toolchain/10 2021.10/bin/../lib/gcc/arm-none-eabi/10.3.1/../../../../arm-none-eabi/lib/thumb/v7e-m+fp/softfp\libc.a
LOAD r:/user_download/environment_install/gnu arm toolchain/gnu arm embedded toolchain/10 2021.10/bin/../lib/gcc/arm-none-eabi/10.3.1/../../../../arm-none-eabi/lib/thumb/v7e-m+fp/softfp\libm.a
LOAD r:/user_download/environment_install/gnu arm toolchain/gnu arm embedded toolchain/10 2021.10/bin/../lib/gcc/arm-none-eabi/10.3.1/thumb/v7e-m+fp/softfp\libgcc.a

.debug_info     0x00000000     0xf76b
 .debug_info    0x00000000      0x6dd ./build/Debug/BSP/steer.o
 .debug_info    0x000006dd      0x2a4 ./build/Debug/Core/Src/gpio.o
 .debug_info    0x00000981      0x66f ./build/Debug/Core/Src/main.o
 .debug_info    0x00000ff0      0x2a4 ./build/Debug/Core/Src/stm32f4xx_hal_msp.o
 .debug_info    0x00001294      0x12f ./build/Debug/Core/Src/stm32f4xx_it.o
 .debug_info    0x000013c3      0x538 ./build/Debug/Core/Src/system_stm32f4xx.o
 .debug_info    0x000018fb      0xcbe ./build/Debug/Core/Src/tim.o
 .debug_info    0x000025b9      0x9ce ./build/Debug/Core/Src/usart.o
 .debug_info    0x00002f87      0x9f0 ./build/Debug/Drivers/STM32F4xx_HAL_Driver/Src/stm32f4xx_hal.o
 .debug_info    0x00003977     0x1098 ./build/Debug/Drivers/STM32F4xx_HAL_Driver/Src/stm32f4xx_hal_cortex.o
 .debug_info    0x00004a0f      0x7b0 ./build/Debug/Drivers/STM32F4xx_HAL_Driver/Src/stm32f4xx_hal_gpio.o
 .debug_info    0x000051bf      0xb03 ./build/Debug/Drivers/STM32F4xx_HAL_Driver/Src/stm32f4xx_hal_rcc.o
 .debug_info    0x00005cc2     0x3d5b ./build/Debug/Drivers/STM32F4xx_HAL_Driver/Src/stm32f4xx_hal_tim.o
 .debug_info    0x00009a1d     0x1ade ./build/Debug/Drivers/STM32F4xx_HAL_Driver/Src/stm32f4xx_hal_tim_ex.o
 .debug_info    0x0000b4fb     0x424e ./build/Debug/Drivers/STM32F4xx_HAL_Driver/Src/stm32f4xx_hal_uart.o
 .debug_info    0x0000f749       0x22 ./build/Debug/startup_stm32f407xx.o

.debug_abbrev   0x00000000     0x1bd3
 .debug_abbrev  0x00000000      0x19a ./build/Debug/BSP/steer.o
 .debug_abbrev  0x0000019a       0xd1 ./build/Debug/Core/Src/gpio.o
 .debug_abbrev  0x0000026b      0x1c2 ./build/Debug/Core/Src/main.o
 .debug_abbrev  0x0000042d       0xd1 ./build/Debug/Core/Src/stm32f4xx_hal_msp.o
 .debug_abbrev  0x000004fe       0x7e ./build/Debug/Core/Src/stm32f4xx_it.o
 .debug_abbrev  0x0000057c      0x119 ./build/Debug/Core/Src/system_stm32f4xx.o
 .debug_abbrev  0x00000695      0x200 ./build/Debug/Core/Src/tim.o
 .debug_abbrev  0x00000895      0x1da ./build/Debug/Core/Src/usart.o
 .debug_abbrev  0x00000a6f      0x206 ./build/Debug/Drivers/STM32F4xx_HAL_Driver/Src/stm32f4xx_hal.o
 .debug_abbrev  0x00000c75      0x36a ./build/Debug/Drivers/STM32F4xx_HAL_Driver/Src/stm32f4xx_hal_cortex.o
 .debug_abbrev  0x00000fdf      0x1ef ./build/Debug/Drivers/STM32F4xx_HAL_Driver/Src/stm32f4xx_hal_gpio.o
 .debug_abbrev  0x000011ce      0x28a ./build/Debug/Drivers/STM32F4xx_HAL_Driver/Src/stm32f4xx_hal_rcc.o
 .debug_abbrev  0x00001458      0x22b ./build/Debug/Drivers/STM32F4xx_HAL_Driver/Src/stm32f4xx_hal_tim.o
 .debug_abbrev  0x00001683      0x241 ./build/Debug/Drivers/STM32F4xx_HAL_Driver/Src/stm32f4xx_hal_tim_ex.o
 .debug_abbrev  0x000018c4      0x2fd ./build/Debug/Drivers/STM32F4xx_HAL_Driver/Src/stm32f4xx_hal_uart.o
 .debug_abbrev  0x00001bc1       0x12 ./build/Debug/startup_stm32f407xx.o

.debug_loc      0x00000000     0xcc8b
 .debug_loc     0x00000000       0x4e ./build/Debug/BSP/steer.o
 .debug_loc     0x0000004e      0x158 ./build/Debug/Core/Src/system_stm32f4xx.o
 .debug_loc     0x000001a6       0x42 ./build/Debug/Core/Src/tim.o
 .debug_loc     0x000001e8       0x84 ./build/Debug/Core/Src/usart.o
 .debug_loc     0x0000026c      0x141 ./build/Debug/Drivers/STM32F4xx_HAL_Driver/Src/stm32f4xx_hal.o
 .debug_loc     0x000003ad      0x744 ./build/Debug/Drivers/STM32F4xx_HAL_Driver/Src/stm32f4xx_hal_cortex.o
 .debug_loc     0x00000af1      0x520 ./build/Debug/Drivers/STM32F4xx_HAL_Driver/Src/stm32f4xx_hal_gpio.o
 .debug_loc     0x00001011      0x58c ./build/Debug/Drivers/STM32F4xx_HAL_Driver/Src/stm32f4xx_hal_rcc.o
 .debug_loc     0x0000159d     0x506c ./build/Debug/Drivers/STM32F4xx_HAL_Driver/Src/stm32f4xx_hal_tim.o
 .debug_loc     0x00006609     0x1cd7 ./build/Debug/Drivers/STM32F4xx_HAL_Driver/Src/stm32f4xx_hal_tim_ex.o
 .debug_loc     0x000082e0     0x49ab ./build/Debug/Drivers/STM32F4xx_HAL_Driver/Src/stm32f4xx_hal_uart.o

.debug_aranges  0x00000000      0xb60
 .debug_aranges
                0x00000000       0x28 ./build/Debug/BSP/steer.o
 .debug_aranges
                0x00000028       0x20 ./build/Debug/Core/Src/gpio.o
 .debug_aranges
                0x00000048       0x30 ./build/Debug/Core/Src/main.o
 .debug_aranges
                0x00000078       0x20 ./build/Debug/Core/Src/stm32f4xx_hal_msp.o
 .debug_aranges
                0x00000098       0x60 ./build/Debug/Core/Src/stm32f4xx_it.o
 .debug_aranges
                0x000000f8       0x28 ./build/Debug/Core/Src/system_stm32f4xx.o
 .debug_aranges
                0x00000120       0x38 ./build/Debug/Core/Src/tim.o
 .debug_aranges
                0x00000158       0x30 ./build/Debug/Core/Src/usart.o
 .debug_aranges
                0x00000188       0xf0 ./build/Debug/Drivers/STM32F4xx_HAL_Driver/Src/stm32f4xx_hal.o
 .debug_aranges
                0x00000278       0xa8 ./build/Debug/Drivers/STM32F4xx_HAL_Driver/Src/stm32f4xx_hal_cortex.o
 .debug_aranges
                0x00000320       0x58 ./build/Debug/Drivers/STM32F4xx_HAL_Driver/Src/stm32f4xx_hal_gpio.o
 .debug_aranges
                0x00000378       0x88 ./build/Debug/Drivers/STM32F4xx_HAL_Driver/Src/stm32f4xx_hal_rcc.o
 .debug_aranges
                0x00000400      0x3d0 ./build/Debug/Drivers/STM32F4xx_HAL_Driver/Src/stm32f4xx_hal_tim.o
 .debug_aranges
                0x000007d0      0x168 ./build/Debug/Drivers/STM32F4xx_HAL_Driver/Src/stm32f4xx_hal_tim_ex.o
 .debug_aranges
                0x00000938      0x200 ./build/Debug/Drivers/STM32F4xx_HAL_Driver/Src/stm32f4xx_hal_uart.o
 .debug_aranges
                0x00000b38       0x28 ./build/Debug/startup_stm32f407xx.o

.debug_ranges   0x00000000      0xaf8
 .debug_ranges  0x00000000       0x18 ./build/Debug/BSP/steer.o
 .debug_ranges  0x00000018       0x10 ./build/Debug/Core/Src/gpio.o
 .debug_ranges  0x00000028       0x20 ./build/Debug/Core/Src/main.o
 .debug_ranges  0x00000048       0x10 ./build/Debug/Core/Src/stm32f4xx_hal_msp.o
 .debug_ranges  0x00000058       0x50 ./build/Debug/Core/Src/stm32f4xx_it.o
 .debug_ranges  0x000000a8       0x18 ./build/Debug/Core/Src/system_stm32f4xx.o
 .debug_ranges  0x000000c0       0x28 ./build/Debug/Core/Src/tim.o
 .debug_ranges  0x000000e8       0x20 ./build/Debug/Core/Src/usart.o
 .debug_ranges  0x00000108       0xe0 ./build/Debug/Drivers/STM32F4xx_HAL_Driver/Src/stm32f4xx_hal.o
 .debug_ranges  0x000001e8       0xf8 ./build/Debug/Drivers/STM32F4xx_HAL_Driver/Src/stm32f4xx_hal_cortex.o
 .debug_ranges  0x000002e0       0x48 ./build/Debug/Drivers/STM32F4xx_HAL_Driver/Src/stm32f4xx_hal_gpio.o
 .debug_ranges  0x00000328       0x90 ./build/Debug/Drivers/STM32F4xx_HAL_Driver/Src/stm32f4xx_hal_rcc.o
 .debug_ranges  0x000003b8      0x3c0 ./build/Debug/Drivers/STM32F4xx_HAL_Driver/Src/stm32f4xx_hal_tim.o
 .debug_ranges  0x00000778      0x158 ./build/Debug/Drivers/STM32F4xx_HAL_Driver/Src/stm32f4xx_hal_tim_ex.o
 .debug_ranges  0x000008d0      0x208 ./build/Debug/Drivers/STM32F4xx_HAL_Driver/Src/stm32f4xx_hal_uart.o
 .debug_ranges  0x00000ad8       0x20 ./build/Debug/startup_stm32f407xx.o

.debug_line     0x00000000     0xe314
 .debug_line    0x00000000      0x235 ./build/Debug/BSP/steer.o
 .debug_line    0x00000235      0x1a3 ./build/Debug/Core/Src/gpio.o
 .debug_line    0x000003d8      0x3a4 ./build/Debug/Core/Src/main.o
 .debug_line    0x0000077c      0x1b1 ./build/Debug/Core/Src/stm32f4xx_hal_msp.o
 .debug_line    0x0000092d      0x179 ./build/Debug/Core/Src/stm32f4xx_it.o
 .debug_line    0x00000aa6      0x2a6 ./build/Debug/Core/Src/system_stm32f4xx.o
 .debug_line    0x00000d4c      0x3b8 ./build/Debug/Core/Src/tim.o
 .debug_line    0x00001104      0x31b ./build/Debug/Core/Src/usart.o
 .debug_line    0x0000141f      0x5bb ./build/Debug/Drivers/STM32F4xx_HAL_Driver/Src/stm32f4xx_hal.o
 .debug_line    0x000019da      0x7ce ./build/Debug/Drivers/STM32F4xx_HAL_Driver/Src/stm32f4xx_hal_cortex.o
 .debug_line    0x000021a8      0x737 ./build/Debug/Drivers/STM32F4xx_HAL_Driver/Src/stm32f4xx_hal_gpio.o
 .debug_line    0x000028df      0xb65 ./build/Debug/Drivers/STM32F4xx_HAL_Driver/Src/stm32f4xx_hal_rcc.o
 .debug_line    0x00003444     0x4af8 ./build/Debug/Drivers/STM32F4xx_HAL_Driver/Src/stm32f4xx_hal_tim.o
 .debug_line    0x00007f3c     0x1d1c ./build/Debug/Drivers/STM32F4xx_HAL_Driver/Src/stm32f4xx_hal_tim_ex.o
 .debug_line    0x00009c58     0x4644 ./build/Debug/Drivers/STM32F4xx_HAL_Driver/Src/stm32f4xx_hal_uart.o
 .debug_line    0x0000e29c       0x78 ./build/Debug/startup_stm32f407xx.o

.debug_str      0x00000000     0x38bf
 .debug_str     0x00000000      0x651 ./build/Debug/BSP/steer.o
                                0x6fd (size before relaxing)
 .debug_str     0x00000651      0x11d ./build/Debug/Core/Src/gpio.o
                                0x2ac (size before relaxing)
 .debug_str     0x0000076e      0x1fb ./build/Debug/Core/Src/main.o
                                0x4c2 (size before relaxing)
 .debug_str     0x00000969       0x2b ./build/Debug/Core/Src/stm32f4xx_hal_msp.o
                                0x2b8 (size before relaxing)
 .debug_str     0x00000994       0xb6 ./build/Debug/Core/Src/stm32f4xx_it.o
                                0x22c (size before relaxing)
 .debug_str     0x00000a4a       0xda ./build/Debug/Core/Src/system_stm32f4xx.o
                                0x372 (size before relaxing)
 .debug_str     0x00000b24      0x25f ./build/Debug/Core/Src/tim.o
                                0xa86 (size before relaxing)
 .debug_str     0x00000d83      0x229 ./build/Debug/Core/Src/usart.o
                                0x7f9 (size before relaxing)
 .debug_str     0x00000fac      0x859 ./build/Debug/Drivers/STM32F4xx_HAL_Driver/Src/stm32f4xx_hal.o
                                0xb57 (size before relaxing)
 .debug_str     0x00001805      0x45d ./build/Debug/Drivers/STM32F4xx_HAL_Driver/Src/stm32f4xx_hal_cortex.o
                                0xc29 (size before relaxing)
 .debug_str     0x00001c62      0x150 ./build/Debug/Drivers/STM32F4xx_HAL_Driver/Src/stm32f4xx_hal_gpio.o
                                0x4dd (size before relaxing)
 .debug_str     0x00001db2      0x1a3 ./build/Debug/Drivers/STM32F4xx_HAL_Driver/Src/stm32f4xx_hal_rcc.o
                                0x703 (size before relaxing)
 .debug_str     0x00001f55      0xe00 ./build/Debug/Drivers/STM32F4xx_HAL_Driver/Src/stm32f4xx_hal_tim.o
                               0x16b6 (size before relaxing)
 .debug_str     0x00002d55      0x523 ./build/Debug/Drivers/STM32F4xx_HAL_Driver/Src/stm32f4xx_hal_tim_ex.o
                                0xeb7 (size before relaxing)
 .debug_str     0x00003278      0x621 ./build/Debug/Drivers/STM32F4xx_HAL_Driver/Src/stm32f4xx_hal_uart.o
                                0xd56 (size before relaxing)
 .debug_str     0x00003899       0x26 ./build/Debug/startup_stm32f407xx.o
                                 0x66 (size before relaxing)

.comment        0x00000000       0x49
 .comment       0x00000000       0x49 ./build/Debug/BSP/steer.o
                                 0x4a (size before relaxing)
 .comment       0x00000049       0x4a ./build/Debug/Core/Src/gpio.o
 .comment       0x00000049       0x4a ./build/Debug/Core/Src/main.o
 .comment       0x00000049       0x4a ./build/Debug/Core/Src/stm32f4xx_hal_msp.o
 .comment       0x00000049       0x4a ./build/Debug/Core/Src/stm32f4xx_it.o
 .comment       0x00000049       0x4a ./build/Debug/Core/Src/system_stm32f4xx.o
 .comment       0x00000049       0x4a ./build/Debug/Core/Src/tim.o
 .comment       0x00000049       0x4a ./build/Debug/Core/Src/usart.o
 .comment       0x00000049       0x4a ./build/Debug/Drivers/STM32F4xx_HAL_Driver/Src/stm32f4xx_hal.o
 .comment       0x00000049       0x4a ./build/Debug/Drivers/STM32F4xx_HAL_Driver/Src/stm32f4xx_hal_cortex.o
 .comment       0x00000049       0x4a ./build/Debug/Drivers/STM32F4xx_HAL_Driver/Src/stm32f4xx_hal_gpio.o
 .comment       0x00000049       0x4a ./build/Debug/Drivers/STM32F4xx_HAL_Driver/Src/stm32f4xx_hal_rcc.o
 .comment       0x00000049       0x4a ./build/Debug/Drivers/STM32F4xx_HAL_Driver/Src/stm32f4xx_hal_tim.o
 .comment       0x00000049       0x4a ./build/Debug/Drivers/STM32F4xx_HAL_Driver/Src/stm32f4xx_hal_tim_ex.o
 .comment       0x00000049       0x4a ./build/Debug/Drivers/STM32F4xx_HAL_Driver/Src/stm32f4xx_hal_uart.o

.debug_frame    0x00000000     0x1d98
 .debug_frame   0x00000000       0x38 ./build/Debug/BSP/steer.o
 .debug_frame   0x00000038       0x28 ./build/Debug/Core/Src/gpio.o
 .debug_frame   0x00000060       0x58 ./build/Debug/Core/Src/main.o
 .debug_frame   0x000000b8       0x28 ./build/Debug/Core/Src/stm32f4xx_hal_msp.o
 .debug_frame   0x000000e0       0xa8 ./build/Debug/Core/Src/stm32f4xx_it.o
 .debug_frame   0x00000188       0x30 ./build/Debug/Core/Src/system_stm32f4xx.o
 .debug_frame   0x000001b8       0x78 ./build/Debug/Core/Src/tim.o
 .debug_frame   0x00000230       0x60 ./build/Debug/Core/Src/usart.o
 .debug_frame   0x00000290      0x1ec ./build/Debug/Drivers/STM32F4xx_HAL_Driver/Src/stm32f4xx_hal.o
 .debug_frame   0x0000047c      0x148 ./build/Debug/Drivers/STM32F4xx_HAL_Driver/Src/stm32f4xx_hal_cortex.o
 .debug_frame   0x000005c4       0xd8 ./build/Debug/Drivers/STM32F4xx_HAL_Driver/Src/stm32f4xx_hal_gpio.o
 .debug_frame   0x0000069c      0x16c ./build/Debug/Drivers/STM32F4xx_HAL_Driver/Src/stm32f4xx_hal_rcc.o
 .debug_frame   0x00000808      0xb0c ./build/Debug/Drivers/STM32F4xx_HAL_Driver/Src/stm32f4xx_hal_tim.o
 .debug_frame   0x00001314      0x40c ./build/Debug/Drivers/STM32F4xx_HAL_Driver/Src/stm32f4xx_hal_tim_ex.o
 .debug_frame   0x00001720      0x5cc ./build/Debug/Drivers/STM32F4xx_HAL_Driver/Src/stm32f4xx_hal_uart.o
 .debug_frame   0x00001cec       0x2c r:/user_download/environment_install/gnu arm toolchain/gnu arm embedded toolchain/10 2021.10/bin/../lib/gcc/arm-none-eabi/10.3.1/thumb/v7e-m+fp/softfp\libgcc.a(_aeabi_uldivmod.o)
 .debug_frame   0x00001d18       0x34 r:/user_download/environment_install/gnu arm toolchain/gnu arm embedded toolchain/10 2021.10/bin/../lib/gcc/arm-none-eabi/10.3.1/thumb/v7e-m+fp/softfp\libgcc.a(_udivmoddi4.o)
 .debug_frame   0x00001d4c       0x2c r:/user_download/environment_install/gnu arm toolchain/gnu arm embedded toolchain/10 2021.10/bin/../lib/gcc/arm-none-eabi/10.3.1/../../../../arm-none-eabi/lib/thumb/v7e-m+fp/softfp\libc_nano.a(lib_a-init.o)
 .debug_frame   0x00001d78       0x20 r:/user_download/environment_install/gnu arm toolchain/gnu arm embedded toolchain/10 2021.10/bin/../lib/gcc/arm-none-eabi/10.3.1/../../../../arm-none-eabi/lib/thumb/v7e-m+fp/softfp\libc_nano.a(lib_a-memset.o)
