[2023-09-27 20:34:01]	[done]
	build successfully !

[2023-09-27 20:47:45]	compilation failed at : "s:\STM32SSC\STM32\STM32SSC_Engine\Code\Test_Code\3_Steer_Engine\Core\Src\main.c", exit code: 1
command: 
  "R:\User_Download\Environment_Install\GNU Arm Toolchain\GNU Arm Embedded Toolchain\10 2021.10\bin\arm-none-eabi-gcc.exe" -c -xc -mthumb -std=c11 -I.eide/deps -ICore/Inc -IDrivers/STM32F4xx_HAL_Driver/Inc -IDrivers/STM32F4xx_HAL_Driver/Inc/Legacy -IDrivers/CMSIS/Device/ST/STM32F4xx/Include -IDrivers/CMSIS/Include -IBSP -ICore/Src -DUSE_HAL_DRIVER -DSTM32F407xx -mfloat-abi=softfp -mfpu=fpv4-sp-d16 -mcpu=cortex-m4 -Og -Wall -g --specs=nosys.specs --specs=nano.specs -ffunction-sections -fdata-sections -o ./build/Debug/Core/Src/main.o -MMD ./Core/Src/main.c
   at unify_builder.Program.compileByMulThread(Int32 thrNum, CmdInfo[] cmds_, List`1 errLogs)
   at unify_builder.Program.Main(String[] args_)
---
In file included from ./BSP/steer.c:1:
./BSP/steer.h:4:10: fatal error: stm32f1xx.h: No such file or directory
    4 | #include "stm32f1xx.h"
      |          ^~~~~~~~~~~~~
compilation terminated.
In file included from ./Core/Src/main.c:27:
BSP/steer.h:4:10: fatal error: stm32f1xx.h: No such file or directory
    4 | #include "stm32f1xx.h"
      |          ^~~~~~~~~~~~~
compilation terminated.

[2023-09-27 20:48:01]	link failed !, exit code: 1
   at unify_builder.Program.Main(String[] args_)
---
r:/user_download/environment_install/gnu arm toolchain/gnu arm embedded toolchain/10 2021.10/bin/../lib/gcc/arm-none-eabi/10.3.1/../../../../arm-none-eabi/bin/ld.exe: ./build/Debug/Core/Src/main.o: in function `SystemClock_Config':
s:\STM32SSC\STM32\STM32SSC_Engine\Code\Test_Code\3_Steer_Engine/./Core/Src/main.c:140: undefined reference to `HAL_RCC_OscConfig'
r:/user_download/environment_install/gnu arm toolchain/gnu arm embedded toolchain/10 2021.10/bin/../lib/gcc/arm-none-eabi/10.3.1/../../../../arm-none-eabi/bin/ld.exe: s:\STM32SSC\STM32\STM32SSC_Engine\Code\Test_Code\3_Steer_Engine/./Core/Src/main.c:152: undefined reference to `HAL_RCC_ClockConfig'
r:/user_download/environment_install/gnu arm toolchain/gnu arm embedded toolchain/10 2021.10/bin/../lib/gcc/arm-none-eabi/10.3.1/../../../../arm-none-eabi/bin/ld.exe: ./build/Debug/Core/Src/main.o: in function `main':
s:\STM32SSC\STM32\STM32SSC_Engine\Code\Test_Code\3_Steer_Engine/./Core/Src/main.c:76: undefined reference to `HAL_Init'
r:/user_download/environment_install/gnu arm toolchain/gnu arm embedded toolchain/10 2021.10/bin/../lib/gcc/arm-none-eabi/10.3.1/../../../../arm-none-eabi/bin/ld.exe: s:\STM32SSC\STM32\STM32SSC_Engine\Code\Test_Code\3_Steer_Engine/./Core/Src/main.c:104: undefined reference to `HAL_Delay'
r:/user_download/environment_install/gnu arm toolchain/gnu arm embedded toolchain/10 2021.10/bin/../lib/gcc/arm-none-eabi/10.3.1/../../../../arm-none-eabi/bin/ld.exe: s:\STM32SSC\STM32\STM32SSC_Engine\Code\Test_Code\3_Steer_Engine/./Core/Src/main.c:106: undefined reference to `HAL_Delay'
r:/user_download/environment_install/gnu arm toolchain/gnu arm embedded toolchain/10 2021.10/bin/../lib/gcc/arm-none-eabi/10.3.1/../../../../arm-none-eabi/bin/ld.exe: s:\STM32SSC\STM32\STM32SSC_Engine\Code\Test_Code\3_Steer_Engine/./Core/Src/main.c:108: undefined reference to `HAL_Delay'
r:/user_download/environment_install/gnu arm toolchain/gnu arm embedded toolchain/10 2021.10/bin/../lib/gcc/arm-none-eabi/10.3.1/../../../../arm-none-eabi/bin/ld.exe: s:\STM32SSC\STM32\STM32SSC_Engine\Code\Test_Code\3_Steer_Engine/./Core/Src/main.c:110: undefined reference to `HAL_Delay'
r:/user_download/environment_install/gnu arm toolchain/gnu arm embedded toolchain/10 2021.10/bin/../lib/gcc/arm-none-eabi/10.3.1/../../../../arm-none-eabi/bin/ld.exe: ./build/Debug/Core/Src/stm32f4xx_it.o: in function `SysTick_Handler':
s:\STM32SSC\STM32\STM32SSC_Engine\Code\Test_Code\3_Steer_Engine/./Core/Src/stm32f4xx_it.c:188: undefined reference to `HAL_IncTick'
r:/user_download/environment_install/gnu arm toolchain/gnu arm embedded toolchain/10 2021.10/bin/../lib/gcc/arm-none-eabi/10.3.1/../../../../arm-none-eabi/bin/ld.exe: ./build/Debug/Core/Src/tim.o: in function `HAL_TIM_MspPostInit':
s:\STM32SSC\STM32\STM32SSC_Engine\Code\Test_Code\3_Steer_Engine/./Core/Src/tim.c:118: undefined reference to `HAL_GPIO_Init'
r:/user_download/environment_install/gnu arm toolchain/gnu arm embedded toolchain/10 2021.10/bin/../lib/gcc/arm-none-eabi/10.3.1/../../../../arm-none-eabi/bin/ld.exe: ./build/Debug/Core/Src/tim.o: in function `MX_TIM2_Init':
s:\STM32SSC\STM32\STM32SSC_Engine\Code\Test_Code\3_Steer_Engine/./Core/Src/tim.c:50: undefined reference to `HAL_TIM_Base_Init'
r:/user_download/environment_install/gnu arm toolchain/gnu arm embedded toolchain/10 2021.10/bin/../lib/gcc/arm-none-eabi/10.3.1/../../../../arm-none-eabi/bin/ld.exe: s:\STM32SSC\STM32\STM32SSC_Engine\Code\Test_Code\3_Steer_Engine/./Core/Src/tim.c:55: undefined reference to `HAL_TIM_ConfigClockSource'
r:/user_download/environment_install/gnu arm toolchain/gnu arm embedded toolchain/10 2021.10/bin/../lib/gcc/arm-none-eabi/10.3.1/../../../../arm-none-eabi/bin/ld.exe: s:\STM32SSC\STM32\STM32SSC_Engine\Code\Test_Code\3_Steer_Engine/./Core/Src/tim.c:59: undefined reference to `HAL_TIM_PWM_Init'
r:/user_download/environment_install/gnu arm toolchain/gnu arm embedded toolchain/10 2021.10/bin/../lib/gcc/arm-none-eabi/10.3.1/../../../../arm-none-eabi/bin/ld.exe: s:\STM32SSC\STM32\STM32SSC_Engine\Code\Test_Code\3_Steer_Engine/./Core/Src/tim.c:65: undefined reference to `HAL_TIMEx_MasterConfigSynchronization'
r:/user_download/environment_install/gnu arm toolchain/gnu arm embedded toolchain/10 2021.10/bin/../lib/gcc/arm-none-eabi/10.3.1/../../../../arm-none-eabi/bin/ld.exe: s:\STM32SSC\STM32\STM32SSC_Engine\Code\Test_Code\3_Steer_Engine/./Core/Src/tim.c:73: undefined reference to `HAL_TIM_PWM_ConfigChannel'
r:/user_download/environment_install/gnu arm toolchain/gnu arm embedded toolchain/10 2021.10/bin/../lib/gcc/arm-none-eabi/10.3.1/../../../../arm-none-eabi/bin/ld.exe: ./build/Debug/Core/Src/usart.o: in function `MX_USART1_UART_Init':
s:\STM32SSC\STM32\STM32SSC_Engine\Code\Test_Code\3_Steer_Engine/./Core/Src/usart.c:49: undefined reference to `HAL_UART_Init'
Memory region         Used Size  Region Size  %age Used
             RAM:        1704 B       128 KB      1.30%
          CCMRAM:          0 GB        64 KB      0.00%
           FLASH:        1396 B       512 KB      0.27%
collect2.exe: error: ld returned 1 exit status


[2023-09-27 20:49:16]	[done]
	build successfully !

